Archive member included to satisfy reference by file (symbol)

N:\EECS373-CubeIDE-Workspace\driver_stm1\Core\Inc\libneai_project-2025-12-02-19-56_1\libneai.a(NanoEdgeAI.o)
                              ./Core/Src/main.o (neai_classification_init)
C:/ST/STM32CubeIDE_1.19.0/STM32CubeIDE/plugins/com.st.stm32cube.ide.mcu.externaltools.gnu-tools-for-stm32.13.3.rel1.win32_1.0.0.202411081344/tools/bin/../lib/gcc/arm-none-eabi/13.3.1/../../../../arm-none-eabi/lib/thumb/v7e-m+fp/hard\libc_nano.a(libc_a-exit.o)
                              C:/ST/STM32CubeIDE_1.19.0/STM32CubeIDE/plugins/com.st.stm32cube.ide.mcu.externaltools.gnu-tools-for-stm32.13.3.rel1.win32_1.0.0.202411081344/tools/bin/../lib/gcc/arm-none-eabi/13.3.1/../../../../arm-none-eabi/lib/thumb/v7e-m+fp/hard/crt0.o (exit)
C:/ST/STM32CubeIDE_1.19.0/STM32CubeIDE/plugins/com.st.stm32cube.ide.mcu.externaltools.gnu-tools-for-stm32.13.3.rel1.win32_1.0.0.202411081344/tools/bin/../lib/gcc/arm-none-eabi/13.3.1/../../../../arm-none-eabi/lib/thumb/v7e-m+fp/hard\libc_nano.a(libc_a-rand.o)
                              ./Core/Src/main.o (srand)
C:/ST/STM32CubeIDE_1.19.0/STM32CubeIDE/plugins/com.st.stm32cube.ide.mcu.externaltools.gnu-tools-for-stm32.13.3.rel1.win32_1.0.0.202411081344/tools/bin/../lib/gcc/arm-none-eabi/13.3.1/../../../../arm-none-eabi/lib/thumb/v7e-m+fp/hard\libc_nano.a(libc_a-nano-vfprintf_float.o)
                              (_printf_float)
C:/ST/STM32CubeIDE_1.19.0/STM32CubeIDE/plugins/com.st.stm32cube.ide.mcu.externaltools.gnu-tools-for-stm32.13.3.rel1.win32_1.0.0.202411081344/tools/bin/../lib/gcc/arm-none-eabi/13.3.1/../../../../arm-none-eabi/lib/thumb/v7e-m+fp/hard\libc_nano.a(libc_a-nano-vfprintf_i.o)
                              C:/ST/STM32CubeIDE_1.19.0/STM32CubeIDE/plugins/com.st.stm32cube.ide.mcu.externaltools.gnu-tools-for-stm32.13.3.rel1.win32_1.0.0.202411081344/tools/bin/../lib/gcc/arm-none-eabi/13.3.1/../../../../arm-none-eabi/lib/thumb/v7e-m+fp/hard\libc_nano.a(libc_a-nano-vfprintf_float.o) (_printf_common)
C:/ST/STM32CubeIDE_1.19.0/STM32CubeIDE/plugins/com.st.stm32cube.ide.mcu.externaltools.gnu-tools-for-stm32.13.3.rel1.win32_1.0.0.202411081344/tools/bin/../lib/gcc/arm-none-eabi/13.3.1/../../../../arm-none-eabi/lib/thumb/v7e-m+fp/hard\libc_nano.a(libc_a-findfp.o)
                              C:/ST/STM32CubeIDE_1.19.0/STM32CubeIDE/plugins/com.st.stm32cube.ide.mcu.externaltools.gnu-tools-for-stm32.13.3.rel1.win32_1.0.0.202411081344/tools/bin/../lib/gcc/arm-none-eabi/13.3.1/../../../../arm-none-eabi/lib/thumb/v7e-m+fp/hard\libc_nano.a(libc_a-exit.o) (__stdio_exit_handler)
C:/ST/STM32CubeIDE_1.19.0/STM32CubeIDE/plugins/com.st.stm32cube.ide.mcu.externaltools.gnu-tools-for-stm32.13.3.rel1.win32_1.0.0.202411081344/tools/bin/../lib/gcc/arm-none-eabi/13.3.1/../../../../arm-none-eabi/lib/thumb/v7e-m+fp/hard\libc_nano.a(libc_a-fwalk.o)
                              C:/ST/STM32CubeIDE_1.19.0/STM32CubeIDE/plugins/com.st.stm32cube.ide.mcu.externaltools.gnu-tools-for-stm32.13.3.rel1.win32_1.0.0.202411081344/tools/bin/../lib/gcc/arm-none-eabi/13.3.1/../../../../arm-none-eabi/lib/thumb/v7e-m+fp/hard\libc_nano.a(libc_a-findfp.o) (_fwalk_sglue)
C:/ST/STM32CubeIDE_1.19.0/STM32CubeIDE/plugins/com.st.stm32cube.ide.mcu.externaltools.gnu-tools-for-stm32.13.3.rel1.win32_1.0.0.202411081344/tools/bin/../lib/gcc/arm-none-eabi/13.3.1/../../../../arm-none-eabi/lib/thumb/v7e-m+fp/hard\libc_nano.a(libc_a-printf.o)
                              ./Core/Src/grideye.o (printf)
C:/ST/STM32CubeIDE_1.19.0/STM32CubeIDE/plugins/com.st.stm32cube.ide.mcu.externaltools.gnu-tools-for-stm32.13.3.rel1.win32_1.0.0.202411081344/tools/bin/../lib/gcc/arm-none-eabi/13.3.1/../../../../arm-none-eabi/lib/thumb/v7e-m+fp/hard\libc_nano.a(libc_a-putchar.o)
                              ./Core/Src/main.o (putchar)
C:/ST/STM32CubeIDE_1.19.0/STM32CubeIDE/plugins/com.st.stm32cube.ide.mcu.externaltools.gnu-tools-for-stm32.13.3.rel1.win32_1.0.0.202411081344/tools/bin/../lib/gcc/arm-none-eabi/13.3.1/../../../../arm-none-eabi/lib/thumb/v7e-m+fp/hard\libc_nano.a(libc_a-puts.o)
                              ./Core/Src/grideye.o (puts)
C:/ST/STM32CubeIDE_1.19.0/STM32CubeIDE/plugins/com.st.stm32cube.ide.mcu.externaltools.gnu-tools-for-stm32.13.3.rel1.win32_1.0.0.202411081344/tools/bin/../lib/gcc/arm-none-eabi/13.3.1/../../../../arm-none-eabi/lib/thumb/v7e-m+fp/hard\libc_nano.a(libc_a-stdio.o)
                              C:/ST/STM32CubeIDE_1.19.0/STM32CubeIDE/plugins/com.st.stm32cube.ide.mcu.externaltools.gnu-tools-for-stm32.13.3.rel1.win32_1.0.0.202411081344/tools/bin/../lib/gcc/arm-none-eabi/13.3.1/../../../../arm-none-eabi/lib/thumb/v7e-m+fp/hard\libc_nano.a(libc_a-findfp.o) (__sread)
C:/ST/STM32CubeIDE_1.19.0/STM32CubeIDE/plugins/com.st.stm32cube.ide.mcu.externaltools.gnu-tools-for-stm32.13.3.rel1.win32_1.0.0.202411081344/tools/bin/../lib/gcc/arm-none-eabi/13.3.1/../../../../arm-none-eabi/lib/thumb/v7e-m+fp/hard\libc_nano.a(libc_a-wbuf.o)
[...]
Memory Configuration

Name             Origin             Length             Attributes
RAM              0x20000000         0x00030000         xrw
RAM2             0x10000000         0x00010000         xrw
RAM3             0x20040000         0x00060000         xrw
FLASH            0x08000000         0x00200000         xr
*default*        0x00000000         0xffffffff

Linker script and memory map

LOAD C:/ST/STM32CubeIDE_1.19.0/STM32CubeIDE/plugins/com.st.stm32cube.ide.mcu.externaltools.gnu-tools-for-stm32.13.3.rel1.win32_1.0.0.202411081344/tools/bin/../lib/gcc/arm-none-eabi/13.3.1/thumb/v7e-m+fp/hard/crti.o
LOAD C:/ST/STM32CubeIDE_1.19.0/STM32CubeIDE/plugins/com.st.stm32cube.ide.mcu.externaltools.gnu-tools-for-stm32.13.3.rel1.win32_1.0.0.202411081344/tools/bin/../lib/gcc/arm-none-eabi/13.3.1/thumb/v7e-m+fp/hard/crtbegin.o
LOAD C:/ST/STM32CubeIDE_1.19.0/STM32CubeIDE/plugins/com.st.stm32cube.ide.mcu.externaltools.gnu-tools-for-stm32.13.3.rel1.win32_1.0.0.202411081344/tools/bin/../lib/gcc/arm-none-eabi/13.3.1/../../../../arm-none-eabi/lib/thumb/v7e-m+fp/hard/crt0.o
LOAD ./Core/Src/Lcd/Fonts/font12.o
LOAD ./Core/Src/Lcd/Fonts/font16.o
LOAD ./Core/Src/Lcd/Fonts/font20.o
LOAD ./Core/Src/Lcd/Fonts/font200.o
LOAD ./Core/Src/Lcd/Fonts/font24.o
LOAD ./Core/Src/Lcd/Fonts/font70.o
LOAD ./Core/Src/Lcd/Fonts/font8.o
LOAD ./Core/Src/Lcd/ili9488.o
LOAD ./Core/Src/Lcd/lcdts_io_xpt2046_spi_hal.o
LOAD ./Core/Src/Lcd/stm32_ili9488_lcd.o
LOAD ./Core/Src/Lcd/stm32_ili9488_ts.o
LOAD ./Core/Src/grideye.o
LOAD ./Core/Src/main.o
LOAD ./Core/Src/paper.o
LOAD ./Core/Src/platform.o
LOAD ./Core/Src/rock.o
LOAD ./Core/Src/scissor.o
LOAD ./Core/Src/stepper.o
LOAD ./Core/Src/stm32l4xx_hal_msp.o
LOAD ./Core/Src/stm32l4xx_it.o
LOAD ./Core/Src/syscalls.o
LOAD ./Core/Src/sysmem.o
LOAD ./Core/Src/system_stm32l4xx.o
LOAD ./Core/Startup/startup_stm32l4r5zitxp.o
LOAD ./Drivers/STM32L4xx_HAL_Driver/Src/stm32l4xx_hal.o
LOAD ./Drivers/STM32L4xx_HAL_Driver/Src/stm32l4xx_hal_cortex.o
LOAD ./Drivers/STM32L4xx_HAL_Driver/Src/stm32l4xx_hal_dma.o
LOAD ./Drivers/STM32L4xx_HAL_Driver/Src/stm32l4xx_hal_dma_ex.o
LOAD ./Drivers/STM32L4xx_HAL_Driver/Src/stm32l4xx_hal_exti.o
LOAD ./Drivers/STM32L4xx_HAL_Driver/Src/stm32l4xx_hal_flash.o
LOAD ./Drivers/STM32L4xx_HAL_Driver/Src/stm32l4xx_hal_flash_ex.o
LOAD ./Drivers/STM32L4xx_HAL_Driver/Src/stm32l4xx_hal_flash_ramfunc.o
LOAD ./Drivers/STM32L4xx_HAL_Driver/Src/stm32l4xx_hal_gpio.o
LOAD ./Drivers/STM32L4xx_HAL_Driver/Src/stm32l4xx_hal_i2c.o
LOAD ./Drivers/STM32L4xx_HAL_Driver/Src/stm32l4xx_hal_i2c_ex.o
LOAD ./Drivers/STM32L4xx_HAL_Driver/Src/stm32l4xx_hal_pwr.o
LOAD ./Drivers/STM32L4xx_HAL_Driver/Src/stm32l4xx_hal_pwr_ex.o
LOAD ./Drivers/STM32L4xx_HAL_Driver/Src/stm32l4xx_hal_rcc.o
LOAD ./Drivers/STM32L4xx_HAL_Driver/Src/stm32l4xx_hal_rcc_ex.o
LOAD ./Drivers/STM32L4xx_HAL_Driver/Src/stm32l4xx_hal_spi.o
LOAD ./Drivers/STM32L4xx_HAL_Driver/Src/stm32l4xx_hal_spi_ex.o
LOAD ./Drivers/STM32L4xx_HAL_Driver/Src/stm32l4xx_hal_tim.o
LOAD ./Drivers/STM32L4xx_HAL_Driver/Src/stm32l4xx_hal_tim_ex.o
LOAD ./Drivers/STM32L4xx_HAL_Driver/Src/stm32l4xx_hal_uart.o
LOAD ./Drivers/STM32L4xx_HAL_Driver/Src/stm32l4xx_hal_uart_ex.o
LOAD ./Drivers/VL53L7CX_ULD_API/src/vl53l7cx_api.o
LOAD ./Drivers/VL53L7CX_ULD_API/src/vl53l7cx_plugin_detection_thresholds.o
LOAD ./Drivers/VL53L7CX_ULD_API/src/vl53l7cx_plugin_motion_indicator.o
LOAD ./Drivers/VL53L7CX_ULD_API/src/vl53l7cx_plugin_xtalk.o
LOAD N:\EECS373-CubeIDE-Workspace\driver_stm1\Core\Inc\libneai_project-2025-12-02-19-56_1\libneai.a
START GROUP
LOAD C:/ST/STM32CubeIDE_1.19.0/STM32CubeIDE/plugins/com.st.stm32cube.ide.mcu.externaltools.gnu-tools-for-stm32.13.3.rel1.win32_1.0.0.202411081344/tools/bin/../lib/gcc/arm-none-eabi/13.3.1/../../../../arm-none-eabi/lib/thumb/v7e-m+fp/hard\libc_nano.a
LOAD C:/ST/STM32CubeIDE_1.19.0/STM32CubeIDE/plugins/com.st.stm32cube.ide.mcu.externaltools.gnu-tools-for-stm32.13.3.rel1.win32_1.0.0.202411081344/tools/bin/../lib/gcc/arm-none-eabi/13.3.1/../../../../arm-none-eabi/lib/thumb/v7e-m+fp/hard\libm.a
END GROUP
START GROUP
LOAD C:/ST/STM32CubeIDE_1.19.0/STM32CubeIDE/plugins/com.st.stm32cube.ide.mcu.externaltools.gnu-tools-for-stm32.13.3.rel1.win32_1.0.0.202411081344/tools/bin/../lib/gcc/arm-none-eabi/13.3.1/thumb/v7e-m+fp/hard\libgcc.a
LOAD C:/ST/STM32CubeIDE_1.19.0/STM32CubeIDE/plugins/com.st.stm32cube.ide.mcu.externaltools.gnu-tools-for-stm32.13.3.rel1.win32_1.0.0.202411081344/tools/bin/../lib/gcc/arm-none-eabi/13.3.1/../../../../arm-none-eabi/lib/thumb/v7e-m+fp/hard\libc_nano.a
END GROUP
START GROUP
LOAD C:/ST/STM32CubeIDE_1.19.0/STM32CubeIDE/plugins/com.st.stm32cube.ide.mcu.externaltools.gnu-tools-for-stm32.13.3.rel1.win32_1.0.0.202411081344/tools/bin/../lib/gcc/arm-none-eabi/13.3.1/thumb/v7e-m+fp/hard\libgcc.a
LOAD C:/ST/STM32CubeIDE_1.19.0/STM32CubeIDE/plugins/com.st.stm32cube.ide.mcu.externaltools.gnu-tools-for-stm32.13.3.rel1.win32_1.0.0.202411081344/tools/bin/../lib/gcc/arm-none-eabi/13.3.1/../../../../arm-none-eabi/lib/thumb/v7e-m+fp/hard\libc_nano.a
LOAD C:/ST/STM32CubeIDE_1.19.0/STM32CubeIDE/plugins/com.st.stm32cube.ide.mcu.externaltools.gnu-tools-for-stm32.13.3.rel1.win32_1.0.0.202411081344/tools/bin/../lib/gcc/arm-none-eabi/13.3.1/../../../../arm-none-eabi/lib/thumb/v7e-m+fp/hard\libnosys.a
END GROUP
START GROUP
LOAD C:/ST/STM32CubeIDE_1.19.0/STM32CubeIDE/plugins/com.st.stm32cube.ide.mcu.externaltools.gnu-tools-for-stm32.13.3.rel1.win32_1.0.0.202411081344/tools/bin/../lib/gcc/arm-none-eabi/13.3.1/thumb/v7e-m+fp/hard\libgcc.a
LOAD C:/ST/STM32CubeIDE_1.19.0/STM32CubeIDE/plugins/com.st.stm32cube.ide.mcu.externaltools.gnu-tools-for-stm32.13.3.rel1.win32_1.0.0.202411081344/tools/bin/../lib/gcc/arm-none-eabi/13.3.1/../../../../arm-none-eabi/lib/thumb/v7e-m+fp/hard\libc_nano.a
LOAD C:/ST/STM32CubeIDE_1.19.0/STM32CubeIDE/plugins/com.st.stm32cube.ide.mcu.externaltools.gnu-tools-for-stm32.13.3.rel1.win32_1.0.0.202411081344/tools/bin/../lib/gcc/arm-none-eabi/13.3.1/../../../../arm-none-eabi/lib/thumb/v7e-m+fp/hard\libnosys.a
END GROUP
LOAD C:/ST/STM32CubeIDE_1.19.0/STM32CubeIDE/plugins/com.st.stm32cube.ide.mcu.externaltools.gnu-tools-for-stm32.13.3.rel1.win32_1.0.0.202411081344/tools/bin/../lib/gcc/arm-none-eabi/13.3.1/thumb/v7e-m+fp/hard/crtend.o
LOAD C:/ST/STM32CubeIDE_1.19.0/STM32CubeIDE/plugins/com.st.stm32cube.ide.mcu.externaltools.gnu-tools-for-stm32.13.3.rel1.win32_1.0.0.202411081344/tools/bin/../lib/gcc/arm-none-eabi/13.3.1/thumb/v7e-m+fp/hard/crtn.o
                0x200a0000                        _estack = (ORIGIN (RAM3) + LENGTH (RAM3))
                0x00000200                        _Min_Heap_Size = 0x200
                0x00000400                        _Min_Stack_Size = 0x400

.isr_vector     0x08000000      0x1bc
                0x08000000                        . = ALIGN (0x4)
 *(.isr_vector)
 .isr_vector    0x08000000      0x1bc ./Core/Startup/startup_stm32l4r5zitxp.o
                0x08000000                g_pfnVectors
                0x080001bc                        . = ALIGN (0x4)

.text           0x080001c0     0xf254
                0x080001c0                        . = ALIGN (0x4)
 *(.text)
 .text          0x080001c0       0x40 C:/ST/STM32CubeIDE_1.19.0/STM32CubeIDE/plugins/com.st.stm32cube.ide.mcu.externaltools.gnu-tools-for-stm32.13.3.rel1.win32_1.0.0.202411081344/tools/bin/../lib/gcc/arm-none-eabi/13.3.1/thumb/v7e-m+fp/hard/crtbegin.o
 .text          0x08000200       0xa0 C:/ST/STM32CubeIDE_1.19.0/STM32CubeIDE/plugins/com.st.stm32cube.ide.mcu.externaltools.gnu-tools-for-stm32.13.3.rel1.win32_1.0.0.202411081344/tools/bin/../lib/gcc/arm-none-eabi/13.3.1/../../../../arm-none-eabi/lib/thumb/v7e-m+fp/hard\libc_nano.a(libc_a-memchr.o)
                0x08000200                memchr
 .text          0x080002a0       0x10 C:/ST/STM32CubeIDE_1.19.0/STM32CubeIDE/plugins/com.st.stm32cube.ide.mcu.externaltools.gnu-tools-for-stm32.13.3.rel1.win32_1.0.0.202411081344/tools/bin/../lib/gcc/arm-none-eabi/13.3.1/../../../../arm-none-eabi/lib/thumb/v7e-m+fp/hard\libc_nano.a(libc_a-strlen.o)
                0x080002a0                strlen
 .text          0x080002b0      0x378 C:/ST/STM32CubeIDE_1.19.0/STM32CubeIDE/plugins/com.st.stm32cube.ide.mcu.externaltools.gnu-tools-for-stm32.13.3.rel1.win32_1.0.0.202411081344/tools/bin/../lib/gcc/arm-none-eabi/13.3.1/thumb/v7e-m+fp/hard\libgcc.a(_arm_addsubdf3.o)
                0x080002b0                __aeabi_drsub
                0x080002b8                __aeabi_dsub
                0x080002b8                __subdf3
                0x080002bc                __aeabi_dadd
                0x080002bc                __adddf3
                0x08000534                __floatunsidf
                0x08000534                __aeabi_ui2d
                0x08000554                __floatsidf
                0x08000554                __aeabi_i2d
                0x08000578                __aeabi_f2d
                0x08000578                __extendsfdf2
                0x080005bc                __floatundidf
                0x080005bc                __aeabi_ul2d
                0x080005cc                __floatdidf
                0x080005cc                __aeabi_l2d
 .text          0x08000628      0x424 C:/ST/STM32CubeIDE_1.19.0/STM32CubeIDE/plugins/com.st.stm32cube.ide.mcu.externaltools.gnu-tools-for-stm32.13.3.rel1.win32_1.0.0.202411081344/tools/bin/../lib/gcc/arm-none-eabi/13.3.1/thumb/v7e-m+fp/hard\libgcc.a(_arm_muldivdf3.o)
                0x08000628                __aeabi_dmul
                0x08000628                __muldf3
                0x0800087c                __divdf3
                0x0800087c                __aeabi_ddiv
 .text          0x08000a4c      0x110 C:/ST/STM32CubeIDE_1.19.0/STM32CubeIDE/plugins/com.st.stm32cube.ide.mcu.externaltools.gnu-tools-for-stm32.13.3.rel1.win32_1.0.0.202411081344/tools/bin/../lib/gcc/arm-none-eabi/13.3.1/thumb/v7e-m+fp/hard\libgcc.a(_arm_cmpdf2.o)
                0x08000a4c                __gtdf2
                0x08000a4c                __gedf2
                0x08000a54                __ltdf2
                0x08000a54                __ledf2
                0x08000a5c                __nedf2
                0x08000a5c                __eqdf2
                0x08000a5c                __cmpdf2
                0x08000ad8                __aeabi_cdrcmple
                0x08000ae8                __aeabi_cdcmpeq
                0x08000ae8                __aeabi_cdcmple
                0x08000af8                __aeabi_dcmpeq
                0x08000b0c                __aeabi_dcmplt
                0x08000b20                __aeabi_dcmple
                0x08000b34                __aeabi_dcmpge
                0x08000b48                __aeabi_dcmpgt
 .text          0x08000b5c       0x2c C:/ST/STM32CubeIDE_1.19.0/STM32CubeIDE/plugins/com.st.stm32cube.ide.mcu.externaltools.gnu-tools-for-stm32.13.3.rel1.win32_1.0.0.202411081344/tools/bin/../lib/gcc/arm-none-eabi/13.3.1/thumb/v7e-m+fp/hard\libgcc.a(_arm_unorddf2.o)
                0x08000b5c                __unorddf2
                0x08000b5c                __aeabi_dcmpun
 .text          0x08000b88       0x50 C:/ST/STM32CubeIDE_1.19.0/STM32CubeIDE/plugins/com.st.stm32cube.ide.mcu.externaltools.gnu-tools-for-stm32.13.3.rel1.win32_1.0.0.202411081344/tools/bin/../lib/gcc/arm-none-eabi/13.3.1/thumb/v7e-m+fp/hard\libgcc.a(_arm_fixdfsi.o)
                0x08000b88                __aeabi_d2iz
                0x08000b88                __fixdfsi
 .text          0x08000bd8       0xa0 C:/ST/STM32CubeIDE_1.19.0/STM32CubeIDE/plugins/com.st.stm32cube.ide.mcu.externaltools.gnu-tools-for-stm32.13.3.rel1.win32_1.0.0.202411081344/tools/bin/../lib/gcc/arm-none-eabi/13.3.1/thumb/v7e-m+fp/hard\libgcc.a(_arm_truncdfsf2.o)
                0x08000bd8                __truncdfsf2
                0x08000bd8                __aeabi_d2f
 .text          0x08000c78       0x30 C:/ST/STM32CubeIDE_1.19.0/STM32CubeIDE/plugins/com.st.stm32cube.ide.mcu.externaltools.gnu-tools-for-stm32.13.3.rel1.win32_1.0.0.202411081344/tools/bin/../lib/gcc/arm-none-eabi/13.3.1/thumb/v7e-m+fp/hard\libgcc.a(_aeabi_uldivmod.o)
                0x08000c78                __aeabi_uldivmod
 .text          0x08000ca8      0x2f8 C:/ST/STM32CubeIDE_1.19.0/STM32CubeIDE/plugins/com.st.stm32cube.ide.mcu.externaltools.gnu-tools-for-stm32.13.3.rel1.win32_1.0.0.202411081344/tools/bin/../lib/gcc/arm-none-eabi/13.3.1/thumb/v7e-m+fp/hard\libgcc.a(_udivmoddi4.o)
                0x08000ca8                __udivmoddi4
 .text          0x08000fa0        0x4 C:/ST/STM32CubeIDE_1.19.0/STM32CubeIDE/plugins/com.st.stm32cube.ide.mcu.externaltools.gnu-tools-for-stm32.13.3.rel1.win32_1.0.0.202411081344/tools/bin/../lib/gcc/arm-none-eabi/13.3.1/thumb/v7e-m+fp/hard\libgcc.a(_dvmd_tls.o)
                0x08000fa0                __aeabi_idiv0
                0x08000fa0                __aeabi_ldiv0
 *(.text*)
 .text.ili9488_Init
                0x08000fa4      0x1c8 ./Core/Src/Lcd/ili9488.o
                0x08000fa4                ili9488_Init
 .text.ili9488_DisplayOn
                0x0800116c       0x22 ./Core/Src/Lcd/ili9488.o
                0x0800116c                ili9488_DisplayOn
 .text.ili9488_DisplayOff
                0x0800118e       0x22 ./Core/Src/Lcd/ili9488.o
                0x0800118e                ili9488_DisplayOff
 .text.ili9488_GetLcdPixelWidth
                0x080011b0       0x12 ./Core/Src/Lcd/ili9488.o
                0x080011b0                ili9488_GetLcdPixelWidth
 .text.ili9488_GetLcdPixelHeight
                0x080011c2       0x12 ./Core/Src/Lcd/ili9488.o
                0x080011c2                ili9488_GetLcdPixelHeight
 .text.ili9488_ReadID
                0x080011d4       0x34 ./Core/Src/Lcd/ili9488.o
                0x080011d4                ili9488_ReadID
 .text.ili9488_SetCursor
                0x08001208       0x58 ./Core/Src/Lcd/ili9488.o
                0x08001208                ili9488_SetCursor
 .text.ili9488_WritePixel
                0x08001260       0x94 ./Core/Src/Lcd/ili9488.o
                0x08001260                ili9488_WritePixel
 .text.ili9488_ReadPixel
                0x080012f4       0x94 ./Core/Src/Lcd/ili9488.o
                0x080012f4                ili9488_ReadPixel
 .text.ili9488_SetDisplayWindow
                0x08001388       0x94 ./Core/Src/Lcd/ili9488.o
                0x08001388                ili9488_SetDisplayWindow
 .text.ili9488_DrawHLine
                0x0800141c       0x5c ./Core/Src/Lcd/ili9488.o
                0x0800141c                ili9488_DrawHLine
 .text.ili9488_DrawVLine
                0x08001478       0x60 ./Core/Src/Lcd/ili9488.o
                0x08001478                ili9488_DrawVLine
 .text.ili9488_FillRect
                0x080014d8       0x74 ./Core/Src/Lcd/ili9488.o
                0x080014d8                ili9488_FillRect
 .text.ili9488_DrawBitmap
                0x0800154c       0xfc ./Core/Src/Lcd/ili9488.o
                0x0800154c                ili9488_DrawBitmap
 .text.ili9488_DrawRGBImage
                0x08001648       0x70 ./Core/Src/Lcd/ili9488.o
                0x08001648                ili9488_DrawRGBImage
 .text.ili9488_ReadRGBImage
                0x080016b8       0x70 ./Core/Src/Lcd/ili9488.o
                0x080016b8                ili9488_ReadRGBImage
 .text.ili9488_Scroll
                0x08001728       0xc8 ./Core/Src/Lcd/ili9488.o
                0x08001728                ili9488_Scroll
 .text.ili9488_UserCommand
                0x080017f0       0x8a ./Core/Src/Lcd/ili9488.o
                0x080017f0                ili9488_UserCommand
 .text.LL_GPIO_SetPinMode
                0x0800187a       0x7a ./Core/Src/Lcd/lcdts_io_xpt2046_spi_hal.o
 .text.LcdDirRead
                0x080018f4       0x90 ./Core/Src/Lcd/lcdts_io_xpt2046_spi_hal.o
                0x080018f4                LcdDirRead
 .text.LcdDirWrite
                0x08001984       0x38 ./Core/Src/Lcd/lcdts_io_xpt2046_spi_hal.o
                0x08001984                LcdDirWrite
 .text.LcdSpiMode8
                0x080019bc       0x30 ./Core/Src/Lcd/lcdts_io_xpt2046_spi_hal.o
 .text.LcdSpiMode16
                0x080019ec       0x2c ./Core/Src/Lcd/lcdts_io_xpt2046_spi_hal.o
 .text.LCDWriteFillMultiData8and16
                0x08001a18       0xbc ./Core/Src/Lcd/lcdts_io_xpt2046_spi_hal.o
                0x08001a18                LCDWriteFillMultiData8and16
 .text.LCDWriteFillMultiData16to24
                0x08001ad4       0xb8 ./Core/Src/Lcd/lcdts_io_xpt2046_spi_hal.o
                0x08001ad4                LCDWriteFillMultiData16to24
 .text.LCDReadMultiData8and16
                0x08001b8c       0x9c ./Core/Src/Lcd/lcdts_io_xpt2046_spi_hal.o
                0x08001b8c                LCDReadMultiData8and16
 .text.LCDReadMultiData24to16
                0x08001c28       0x88 ./Core/Src/Lcd/lcdts_io_xpt2046_spi_hal.o
                0x08001c28                LCDReadMultiData24to16
 .text.LCD_Delay
                0x08001cb0       0x16 ./Core/Src/Lcd/lcdts_io_xpt2046_spi_hal.o
                0x08001cb0                LCD_Delay
 .text.LCD_IO_Bl_OnOff
                0x08001cc6       0x16 ./Core/Src/Lcd/lcdts_io_xpt2046_spi_hal.o
                0x08001cc6                LCD_IO_Bl_OnOff
 .text.LCD_IO_Init
                0x08001cdc       0x50 ./Core/Src/Lcd/lcdts_io_xpt2046_spi_hal.o
                0x08001cdc                LCD_IO_Init
 .text.LCD_IO_Transaction
                0x08001d2c       0xe8 ./Core/Src/Lcd/lcdts_io_xpt2046_spi_hal.o
                0x08001d2c                LCD_IO_Transaction
 .text.BSP_LCD_Init
                0x08001e14       0x48 ./Core/Src/Lcd/stm32_ili9488_lcd.o
                0x08001e14                BSP_LCD_Init
 .text.BSP_LCD_GetXSize
                0x08001e5c       0x18 ./Core/Src/Lcd/stm32_ili9488_lcd.o
                0x08001e5c                BSP_LCD_GetXSize
 .text.BSP_LCD_GetYSize
                0x08001e74       0x18 ./Core/Src/Lcd/stm32_ili9488_lcd.o
                0x08001e74                BSP_LCD_GetYSize
 .text.BSP_LCD_SetTextColor
                0x08001e8c       0x20 ./Core/Src/Lcd/stm32_ili9488_lcd.o
                0x08001e8c                BSP_LCD_SetTextColor
 .text.BSP_LCD_SetFont
                0x08001eac       0x20 ./Core/Src/Lcd/stm32_ili9488_lcd.o
                0x08001eac                BSP_LCD_SetFont
 .text.BSP_LCD_GetFont
                0x08001ecc       0x18 ./Core/Src/Lcd/stm32_ili9488_lcd.o
                0x08001ecc                BSP_LCD_GetFont
 .text.BSP_LCD_Clear
                0x08001ee4       0x3c ./Core/Src/Lcd/stm32_ili9488_lcd.o
                0x08001ee4                BSP_LCD_Clear
 .text.BSP_LCD_ClearStringLine
                0x08001f20       0x5c ./Core/Src/Lcd/stm32_ili9488_lcd.o
                0x08001f20                BSP_LCD_ClearStringLine
 .text.BSP_LCD_DisplayChar
                0x08001f7c       0x54 ./Core/Src/Lcd/stm32_ili9488_lcd.o
                0x08001f7c                BSP_LCD_DisplayChar
 .text.BSP_LCD_DisplayStringAt
                0x08001fd0      0x120 ./Core/Src/Lcd/stm32_ili9488_lcd.o
                0x08001fd0                BSP_LCD_DisplayStringAt
 .text.BSP_LCD_DisplayStringAtLine
                0x080020f0       0x2e ./Core/Src/Lcd/stm32_ili9488_lcd.o
                0x080020f0                BSP_LCD_DisplayStringAtLine
 *fill*         0x0800211e        0x2 
 .text.BSP_LCD_FillRect
                0x08002120       0x48 ./Core/Src/Lcd/stm32_ili9488_lcd.o
                0x08002120                BSP_LCD_FillRect
 .text.DrawChar
                0x08002168      0x140 ./Core/Src/Lcd/stm32_ili9488_lcd.o
 .text.BSP_LCD_DrawRGB16Image
                0x080022a8       0x40 ./Core/Src/Lcd/stm32_ili9488_lcd.o
                0x080022a8                BSP_LCD_DrawRGB16Image
 .text.GridEye_Init
                0x080022e8       0x56 ./Core/Src/grideye.o
                0x080022e8                GridEye_Init
 *fill*         0x0800233e        0x2 
 .text.GridEye_ReadPixels
                0x08002340      0x10c ./Core/Src/grideye.o
                0x08002340                GridEye_ReadPixels
 .text.GridEye_ReadThermistor
                0x0800244c       0x6c ./Core/Src/grideye.o
                0x0800244c                GridEye_ReadThermistor
 .text.find_hottest_col
                0x080024b8      0x25c ./Core/Src/grideye.o
                0x080024b8                find_hottest_col
 .text.__io_putchar
                0x08002714       0x24 ./Core/Src/main.o
                0x08002714                __io_putchar
 .text.getGameResult
                0x08002738       0x52 ./Core/Src/main.o
                0x08002738                getGameResult
 *fill*         0x0800278a        0x2 
 .text.getBitMap
                0x0800278c       0x40 ./Core/Src/main.o
                0x0800278c                getBitMap
 .text.displayText
                0x080027cc       0x78 ./Core/Src/main.o
                0x080027cc                displayText
 .text.displayLCD
                0x08002844      0x14c ./Core/Src/main.o
                0x08002844                displayLCD
 .text.lcd_countdown
                0x08002990       0xfc ./Core/Src/main.o
                0x08002990                lcd_countdown
 .text.fill_buffer
                0x08002a8c      0x128 ./Core/Src/main.o
                0x08002a8c                fill_buffer
 .text.move_hand
                0x08002bb4      0x18c ./Core/Src/main.o
                0x08002bb4                move_hand
 .text.main     0x08002d40      0x2fc ./Core/Src/main.o
                0x08002d40                main
 .text.SystemClock_Config
                0x0800303c       0xa4 ./Core/Src/main.o
                0x0800303c                SystemClock_Config
 .text.MX_I2C1_Init
                0x080030e0       0x80 ./Core/Src/main.o
 .text.MX_LPUART1_UART_Init
                0x08003160       0x98 ./Core/Src/main.o
 .text.MX_SPI1_Init
                0x080031f8       0x7c ./Core/Src/main.o
 .text.MX_TIM1_Init
                0x08003274       0xa8 ./Core/Src/main.o
 .text.MX_TIM2_Init
                0x0800331c       0xe0 ./Core/Src/main.o
 .text.MX_TIM3_Init
                0x080033fc       0x9c ./Core/Src/main.o
 .text.MX_TIM4_Init
                0x08003498      0x108 ./Core/Src/main.o
 .text.MX_GPIO_Init
                0x080035a0      0x44c ./Core/Src/main.o
 .text.Error_Handler
                0x080039ec        0xc ./Core/Src/main.o
                0x080039ec                Error_Handler
 .text.VL53L7CX_RdByte
                0x080039f8       0x6c ./Core/Src/platform.o
                0x080039f8                VL53L7CX_RdByte
 .text.VL53L7CX_WrByte
                0x08003a64       0x50 ./Core/Src/platform.o
                0x08003a64                VL53L7CX_WrByte
 .text.VL53L7CX_WrMulti
                0x08003ab4       0x40 ./Core/Src/platform.o
                0x08003ab4                VL53L7CX_WrMulti
 .text.VL53L7CX_RdMulti
                0x08003af4       0x68 ./Core/Src/platform.o
                0x08003af4                VL53L7CX_RdMulti
 .text.VL53L7CX_SwapBuffer
                0x08003b5c       0x6c ./Core/Src/platform.o
                0x08003b5c                VL53L7CX_SwapBuffer
 .text.VL53L7CX_WaitMs
                0x08003bc8       0x1a ./Core/Src/platform.o
                0x08003bc8                VL53L7CX_WaitMs
 .text.microDelay
                0x08003be2       0x30 ./Core/Src/stepper.o
                0x08003be2                microDelay
 .text.step     0x08003c12       0x7c ./Core/Src/stepper.o
                0x08003c12                step
 *fill*         0x08003c8e        0x2 
 .text.move_to_zone
                0x08003c90       0xa4 ./Core/Src/stepper.o
                0x08003c90                move_to_zone
 .text.HAL_MspInit
                0x08003d34       0x48 ./Core/Src/stm32l4xx_hal_msp.o
                0x08003d34                HAL_MspInit
 .text.HAL_I2C_MspInit
                0x08003d7c       0xbc ./Core/Src/stm32l4xx_hal_msp.o
                0x08003d7c                HAL_I2C_MspInit
 .text.HAL_UART_MspInit
                0x08003e38       0xc0 ./Core/Src/stm32l4xx_hal_msp.o
                0x08003e38                HAL_UART_MspInit
 .text.HAL_SPI_MspInit
                0x08003ef8       0x84 ./Core/Src/stm32l4xx_hal_msp.o
                0x08003ef8                HAL_SPI_MspInit
 .text.HAL_TIM_Base_MspInit
                0x08003f7c      0x134 ./Core/Src/stm32l4xx_hal_msp.o
                0x08003f7c                HAL_TIM_Base_MspInit
 .text.HAL_TIM_OC_MspInit
                0x080040b0       0x3c ./Core/Src/stm32l4xx_hal_msp.o
                0x080040b0                HAL_TIM_OC_MspInit
 .text.HAL_TIM_MspPostInit
                0x080040ec      0x140 ./Core/Src/stm32l4xx_hal_msp.o
                0x080040ec                HAL_TIM_MspPostInit
 .text.NMI_Handler
                0x0800422c        0x8 ./Core/Src/stm32l4xx_it.o
                0x0800422c                NMI_Handler
 .text.HardFault_Handler
                0x08004234        0x8 ./Core/Src/stm32l4xx_it.o
                0x08004234                HardFault_Handler
 .text.MemManage_Handler
                0x0800423c        0x8 ./Core/Src/stm32l4xx_it.o
                0x0800423c                MemManage_Handler
 .text.BusFault_Handler
                0x08004244        0x8 ./Core/Src/stm32l4xx_it.o
                0x08004244                BusFault_Handler
 .text.UsageFault_Handler
                0x0800424c        0x8 ./Core/Src/stm32l4xx_it.o
                0x0800424c                UsageFault_Handler
 .text.SVC_Handler
                0x08004254        0xe ./Core/Src/stm32l4xx_it.o
                0x08004254                SVC_Handler
 .text.DebugMon_Handler
                0x08004262        0xe ./Core/Src/stm32l4xx_it.o
                0x08004262                DebugMon_Handler
 .text.PendSV_Handler
                0x08004270        0xe ./Core/Src/stm32l4xx_it.o
                0x08004270                PendSV_Handler
 .text.SysTick_Handler
                0x0800427e        0xc ./Core/Src/stm32l4xx_it.o
                0x0800427e                SysTick_Handler
 .text.EXTI9_5_IRQHandler
                0x0800428a       0x14 ./Core/Src/stm32l4xx_it.o
                0x0800428a                EXTI9_5_IRQHandler
 .text._getpid  0x0800429e       0x10 ./Core/Src/syscalls.o
                0x0800429e                _getpid
 .text._kill    0x080042ae       0x20 ./Core/Src/syscalls.o
                0x080042ae                _kill
 .text._exit    0x080042ce       0x16 ./Core/Src/syscalls.o
                0x080042ce                _exit
 .text._read    0x080042e4       0x3a ./Core/Src/syscalls.o
                0x080042e4                _read
 .text._write   0x0800431e       0x38 ./Core/Src/syscalls.o
                0x0800431e                _write
 .text._close   0x08004356       0x18 ./Core/Src/syscalls.o
                0x08004356                _close
 .text._fstat   0x0800436e       0x20 ./Core/Src/syscalls.o
                0x0800436e                _fstat
 .text._isatty  0x0800438e       0x16 ./Core/Src/syscalls.o
                0x0800438e                _isatty
 .text._lseek   0x080043a4       0x1a ./Core/Src/syscalls.o
                0x080043a4                _lseek
 *fill*         0x080043be        0x2 
 .text._sbrk    0x080043c0       0x6c ./Core/Src/sysmem.o
                0x080043c0                _sbrk
 .text.SystemInit
                0x0800442c       0x24 ./Core/Src/system_stm32l4xx.o
                0x0800442c                SystemInit
 .text.Reset_Handler
                0x08004450       0x50 ./Core/Startup/startup_stm32l4r5zitxp.o
                0x08004450                Reset_Handler
 .text.Default_Handler
                0x080044a0        0x2 ./Core/Startup/startup_stm32l4r5zitxp.o
                0x080044a0                RTC_Alarm_IRQHandler
                0x080044a0                EXTI2_IRQHandler
                0x080044a0                TIM8_TRG_COM_IRQHandler
                0x080044a0                TIM8_CC_IRQHandler
                0x080044a0                TIM1_CC_IRQHandler
                0x080044a0                TSC_IRQHandler
                0x080044a0                TAMP_STAMP_IRQHandler
                0x080044a0                EXTI3_IRQHandler
                0x080044a0                LPTIM2_IRQHandler
                0x080044a0                DFSDM1_FLT1_IRQHandler
                0x080044a0                GFXMMU_IRQHandler
                0x080044a0                I2C3_ER_IRQHandler
                0x080044a0                DFSDM1_FLT2_IRQHandler
                0x080044a0                EXTI0_IRQHandler
                0x080044a0                I2C2_EV_IRQHandler
                0x080044a0                CAN1_RX0_IRQHandler
                0x080044a0                FPU_IRQHandler
                0x080044a0                TIM1_UP_TIM16_IRQHandler
                0x080044a0                LTDC_ER_IRQHandler
                0x080044a0                SPI1_IRQHandler
                0x080044a0                OCTOSPI1_IRQHandler
                0x080044a0                TIM6_DAC_IRQHandler
                0x080044a0                DCMI_IRQHandler
                0x080044a0                TIM8_UP_IRQHandler
                0x080044a0                OCTOSPI2_IRQHandler
                0x080044a0                DMA2_Channel2_IRQHandler
                0x080044a0                DMA1_Channel4_IRQHandler
                0x080044a0                SAI2_IRQHandler
                0x080044a0                ADC1_IRQHandler
                0x080044a0                DFSDM1_FLT3_IRQHandler
                0x080044a0                USART3_IRQHandler
                0x080044a0                DMA1_Channel7_IRQHandler
                0x080044a0                CAN1_RX1_IRQHandler
                0x080044a0                UART5_IRQHandler
                0x080044a0                TIM4_IRQHandler
                0x080044a0                DMA2_Channel1_IRQHandler
                0x080044a0                I2C1_EV_IRQHandler
                0x080044a0                DMAMUX1_OVR_IRQHandler
                0x080044a0                DMA1_Channel6_IRQHandler
                0x080044a0                UART4_IRQHandler
                0x080044a0                DMA2_Channel4_IRQHandler
                0x080044a0                TIM3_IRQHandler
                0x080044a0                RCC_IRQHandler
                0x080044a0                DMA1_Channel1_IRQHandler
                0x080044a0                Default_Handler
                0x080044a0                DMA2_Channel7_IRQHandler
                0x080044a0                EXTI15_10_IRQHandler
                0x080044a0                TIM7_IRQHandler
                0x080044a0                SDMMC1_IRQHandler
                0x080044a0                TIM5_IRQHandler
                0x080044a0                I2C3_EV_IRQHandler
                0x080044a0                RTC_WKUP_IRQHandler
                0x080044a0                LTDC_IRQHandler
                0x080044a0                PVD_PVM_IRQHandler
                0x080044a0                SPI2_IRQHandler
                0x080044a0                CAN1_TX_IRQHandler
                0x080044a0                DMA2_Channel5_IRQHandler
                0x080044a0                CRS_IRQHandler
                0x080044a0                DMA1_Channel5_IRQHandler
                0x080044a0                EXTI4_IRQHandler
                0x080044a0                RNG_IRQHandler
                0x080044a0                TIM1_TRG_COM_TIM17_IRQHandler
                0x080044a0                DMA1_Channel3_IRQHandler
                0x080044a0                COMP_IRQHandler
                0x080044a0                WWDG_IRQHandler
                0x080044a0                I2C4_EV_IRQHandler
                0x080044a0                LPUART1_IRQHandler
                0x080044a0                DMA2_Channel6_IRQHandler
                0x080044a0                TIM2_IRQHandler
                0x080044a0                DMA2D_IRQHandler
                0x080044a0                EXTI1_IRQHandler
                0x080044a0                USART2_IRQHandler
                0x080044a0                DFSDM1_FLT0_IRQHandler
                0x080044a0                I2C2_ER_IRQHandler
                0x080044a0                DMA1_Channel2_IRQHandler
                0x080044a0                TIM8_BRK_IRQHandler
                0x080044a0                CAN1_SCE_IRQHandler
                0x080044a0                FLASH_IRQHandler
                0x080044a0                USART1_IRQHandler
                0x080044a0                OTG_FS_IRQHandler
                0x080044a0                SPI3_IRQHandler
                0x080044a0                I2C1_ER_IRQHandler
                0x080044a0                FMC_IRQHandler
                0x080044a0                LPTIM1_IRQHandler
                0x080044a0                I2C4_ER_IRQHandler
                0x080044a0                SAI1_IRQHandler
                0x080044a0                DMA2_Channel3_IRQHandler
                0x080044a0                TIM1_BRK_TIM15_IRQHandler
 .text.HAL_Init
                0x080044a2       0x30 ./Drivers/STM32L4xx_HAL_Driver/Src/stm32l4xx_hal.o
                0x080044a2                HAL_Init
 *fill*         0x080044d2        0x2 
 .text.HAL_InitTick
                0x080044d4       0x78 ./Drivers/STM32L4xx_HAL_Driver/Src/stm32l4xx_hal.o
                0x080044d4                HAL_InitTick
 .text.HAL_IncTick
                0x0800454c       0x28 ./Drivers/STM32L4xx_HAL_Driver/Src/stm32l4xx_hal.o
                0x0800454c                HAL_IncTick
 .text.HAL_GetTick
                0x08004574       0x18 ./Drivers/STM32L4xx_HAL_Driver/Src/stm32l4xx_hal.o
                0x08004574                HAL_GetTick
 .text.HAL_Delay
                0x0800458c       0x48 ./Drivers/STM32L4xx_HAL_Driver/Src/stm32l4xx_hal.o
                0x0800458c                HAL_Delay
 .text.__NVIC_SetPriorityGrouping
                0x080045d4       0x48 ./Drivers/STM32L4xx_HAL_Driver/Src/stm32l4xx_hal_cortex.o
 .text.__NVIC_GetPriorityGrouping
                0x0800461c       0x1c ./Drivers/STM32L4xx_HAL_Driver/Src/stm32l4xx_hal_cortex.o
 .text.__NVIC_EnableIRQ
                0x08004638       0x3c ./Drivers/STM32L4xx_HAL_Driver/Src/stm32l4xx_hal_cortex.o
 .text.__NVIC_SetPriority
                0x08004674       0x54 ./Drivers/STM32L4xx_HAL_Driver/Src/stm32l4xx_hal_cortex.o
 .text.NVIC_EncodePriority
                0x080046c8       0x66 ./Drivers/STM32L4xx_HAL_Driver/Src/stm32l4xx_hal_cortex.o
 *fill*         0x0800472e        0x2 
 .text.SysTick_Config
                0x08004730       0x44 ./Drivers/STM32L4xx_HAL_Driver/Src/stm32l4xx_hal_cortex.o
 .text.HAL_NVIC_SetPriorityGrouping
                0x08004774       0x16 ./Drivers/STM32L4xx_HAL_Driver/Src/stm32l4xx_hal_cortex.o
                0x08004774                HAL_NVIC_SetPriorityGrouping
 .text.HAL_NVIC_SetPriority
                0x0800478a       0x38 ./Drivers/STM32L4xx_HAL_Driver/Src/stm32l4xx_hal_cortex.o
                0x0800478a                HAL_NVIC_SetPriority
 .text.HAL_NVIC_EnableIRQ
                0x080047c2       0x1c ./Drivers/STM32L4xx_HAL_Driver/Src/stm32l4xx_hal_cortex.o
                0x080047c2                HAL_NVIC_EnableIRQ
 .text.HAL_SYSTICK_Config
                0x080047de       0x18 ./Drivers/STM32L4xx_HAL_Driver/Src/stm32l4xx_hal_cortex.o
                0x080047de                HAL_SYSTICK_Config
 *fill*         0x080047f6        0x2 
 .text.HAL_GPIO_Init
                0x080047f8      0x324 ./Drivers/STM32L4xx_HAL_Driver/Src/stm32l4xx_hal_gpio.o
                0x080047f8                HAL_GPIO_Init
 .text.HAL_GPIO_WritePin
                0x08004b1c       0x30 ./Drivers/STM32L4xx_HAL_Driver/Src/stm32l4xx_hal_gpio.o
                0x08004b1c                HAL_GPIO_WritePin
 .text.HAL_GPIO_EXTI_IRQHandler
                0x08004b4c       0x30 ./Drivers/STM32L4xx_HAL_Driver/Src/stm32l4xx_hal_gpio.o
                0x08004b4c                HAL_GPIO_EXTI_IRQHandler
 .text.HAL_GPIO_EXTI_Callback
                0x08004b7c       0x16 ./Drivers/STM32L4xx_HAL_Driver/Src/stm32l4xx_hal_gpio.o
                0x08004b7c                HAL_GPIO_EXTI_Callback
 .text.HAL_I2C_Init
                0x08004b92      0x136 ./Drivers/STM32L4xx_HAL_Driver/Src/stm32l4xx_hal_i2c.o
                0x08004b92                HAL_I2C_Init
 .text.HAL_I2C_Master_Transmit
                0x08004cc8      0x230 ./Drivers/STM32L4xx_HAL_Driver/Src/stm32l4xx_hal_i2c.o
                0x08004cc8                HAL_I2C_Master_Transmit
 .text.HAL_I2C_Master_Receive
                0x08004ef8      0x1ec ./Drivers/STM32L4xx_HAL_Driver/Src/stm32l4xx_hal_i2c.o
                0x08004ef8                HAL_I2C_Master_Receive
 .text.HAL_I2C_Mem_Write
                0x080050e4      0x228 ./Drivers/STM32L4xx_HAL_Driver/Src/stm32l4xx_hal_i2c.o
                0x080050e4                HAL_I2C_Mem_Write
 .text.HAL_I2C_Mem_Read
                0x0800530c      0x234 ./Drivers/STM32L4xx_HAL_Driver/Src/stm32l4xx_hal_i2c.o
                0x0800530c                HAL_I2C_Mem_Read
 .text.I2C_RequestMemoryWrite
                0x08005540       0xa8 ./Drivers/STM32L4xx_HAL_Driver/Src/stm32l4xx_hal_i2c.o
 .text.I2C_RequestMemoryRead
                0x080055e8       0xa8 ./Drivers/STM32L4xx_HAL_Driver/Src/stm32l4xx_hal_i2c.o
 .text.I2C_Flush_TXDR
                0x08005690       0x48 ./Drivers/STM32L4xx_HAL_Driver/Src/stm32l4xx_hal_i2c.o
 .text.I2C_WaitOnFlagUntilTimeout
                0x080056d8       0xb2 ./Drivers/STM32L4xx_HAL_Driver/Src/stm32l4xx_hal_i2c.o
 .text.I2C_WaitOnTXISFlagUntilTimeout
                0x0800578a       0x8e ./Drivers/STM32L4xx_HAL_Driver/Src/stm32l4xx_hal_i2c.o
 .text.I2C_WaitOnSTOPFlagUntilTimeout
                0x08005818       0x86 ./Drivers/STM32L4xx_HAL_Driver/Src/stm32l4xx_hal_i2c.o
 *fill*         0x0800589e        0x2 
 .text.I2C_WaitOnRXNEFlagUntilTimeout
                0x080058a0      0x118 ./Drivers/STM32L4xx_HAL_Driver/Src/stm32l4xx_hal_i2c.o
 .text.I2C_IsErrorOccurred
                0x080059b8      0x1c0 ./Drivers/STM32L4xx_HAL_Driver/Src/stm32l4xx_hal_i2c.o
 .text.I2C_TransferConfig
                0x08005b78       0x64 ./Drivers/STM32L4xx_HAL_Driver/Src/stm32l4xx_hal_i2c.o
 .text.HAL_I2CEx_ConfigAnalogFilter
                0x08005bdc       0x96 ./Drivers/STM32L4xx_HAL_Driver/Src/stm32l4xx_hal_i2c_ex.o
                0x08005bdc                HAL_I2CEx_ConfigAnalogFilter
 .text.HAL_I2CEx_ConfigDigitalFilter
                0x08005c72       0x98 ./Drivers/STM32L4xx_HAL_Driver/Src/stm32l4xx_hal_i2c_ex.o
                0x08005c72                HAL_I2CEx_ConfigDigitalFilter
 *fill*         0x08005d0a        0x2 
 .text.HAL_PWREx_GetVoltageRange
                0x08005d0c       0x40 ./Drivers/STM32L4xx_HAL_Driver/Src/stm32l4xx_hal_pwr_ex.o
                0x08005d0c                HAL_PWREx_GetVoltageRange
 .text.HAL_PWREx_ControlVoltageScaling
                0x08005d4c      0x148 ./Drivers/STM32L4xx_HAL_Driver/Src/stm32l4xx_hal_pwr_ex.o
                0x08005d4c                HAL_PWREx_ControlVoltageScaling
 .text.HAL_PWREx_EnableVddIO2
                0x08005e94       0x20 ./Drivers/STM32L4xx_HAL_Driver/Src/stm32l4xx_hal_pwr_ex.o
                0x08005e94                HAL_PWREx_EnableVddIO2
 .text.HAL_RCC_OscConfig
                0x08005eb4      0x834 ./Drivers/STM32L4xx_HAL_Driver/Src/stm32l4xx_hal_rcc.o
                0x08005eb4                HAL_RCC_OscConfig
 .text.HAL_RCC_ClockConfig
                0x080066e8      0x274 ./Drivers/STM32L4xx_HAL_Driver/Src/stm32l4xx_hal_rcc.o
                0x080066e8                HAL_RCC_ClockConfig
 .text.HAL_RCC_GetSysClockFreq
                0x0800695c      0x118 ./Drivers/STM32L4xx_HAL_Driver/Src/stm32l4xx_hal_rcc.o
                0x0800695c                HAL_RCC_GetSysClockFreq
 .text.HAL_RCC_GetHCLKFreq
                0x08006a74       0x18 ./Drivers/STM32L4xx_HAL_Driver/Src/stm32l4xx_hal_rcc.o
                0x08006a74                HAL_RCC_GetHCLKFreq
 .text.HAL_RCC_GetPCLK1Freq
                0x08006a8c       0x2c ./Drivers/STM32L4xx_HAL_Driver/Src/stm32l4xx_hal_rcc.o
                0x08006a8c                HAL_RCC_GetPCLK1Freq
 .text.HAL_RCC_GetPCLK2Freq
                0x08006ab8       0x2c ./Drivers/STM32L4xx_HAL_Driver/Src/stm32l4xx_hal_rcc.o
                0x08006ab8                HAL_RCC_GetPCLK2Freq
 .text.RCC_SetFlashLatencyFromMSIRange
                0x08006ae4       0xb4 ./Drivers/STM32L4xx_HAL_Driver/Src/stm32l4xx_hal_rcc.o
 .text.RCC_GetSysClockFreqFromPLLSource
                0x08006b98       0xcc ./Drivers/STM32L4xx_HAL_Driver/Src/stm32l4xx_hal_rcc.o
 .text.HAL_RCCEx_PeriphCLKConfig
                0x08006c64      0x660 ./Drivers/STM32L4xx_HAL_Driver/Src/stm32l4xx_hal_rcc_ex.o
                0x08006c64                HAL_RCCEx_PeriphCLKConfig
 .text.RCCEx_PLLSAI1_Config
                0x080072c4      0x1e8 ./Drivers/STM32L4xx_HAL_Driver/Src/stm32l4xx_hal_rcc_ex.o
 .text.RCCEx_PLLSAI2_Config
                0x080074ac      0x1e8 ./Drivers/STM32L4xx_HAL_Driver/Src/stm32l4xx_hal_rcc_ex.o
 .text.HAL_SPI_Init
                0x08007694      0x146 ./Drivers/STM32L4xx_HAL_Driver/Src/stm32l4xx_hal_spi.o
                0x08007694                HAL_SPI_Init
 .text.HAL_SPI_Transmit
                0x080077da      0x2ec ./Drivers/STM32L4xx_HAL_Driver/Src/stm32l4xx_hal_spi.o
                0x080077da                HAL_SPI_Transmit
 .text.HAL_SPI_Receive
                0x08007ac6      0x270 ./Drivers/STM32L4xx_HAL_Driver/Src/stm32l4xx_hal_spi.o
                0x08007ac6                HAL_SPI_Receive
 .text.HAL_SPI_TransmitReceive
                0x08007d36      0x43e ./Drivers/STM32L4xx_HAL_Driver/Src/stm32l4xx_hal_spi.o
                0x08007d36                HAL_SPI_TransmitReceive
 .text.SPI_WaitFlagStateUntilTimeout
                0x08008174      0x110 ./Drivers/STM32L4xx_HAL_Driver/Src/stm32l4xx_hal_spi.o
 .text.SPI_WaitFifoStateUntilTimeout
                0x08008284      0x12c ./Drivers/STM32L4xx_HAL_Driver/Src/stm32l4xx_hal_spi.o
 .text.SPI_EndRxTransaction
                0x080083b0       0xb0 ./Drivers/STM32L4xx_HAL_Driver/Src/stm32l4xx_hal_spi.o
 .text.SPI_EndRxTxTransaction
                0x08008460       0x8c ./Drivers/STM32L4xx_HAL_Driver/Src/stm32l4xx_hal_spi.o
 .text.HAL_TIM_Base_Init
                0x080084ec       0xae ./Drivers/STM32L4xx_HAL_Driver/Src/stm32l4xx_hal_tim.o
                0x080084ec                HAL_TIM_Base_Init
 *fill*         0x0800859a        0x2 
 .text.HAL_TIM_Base_Start
                0x0800859c       0xd0 ./Drivers/STM32L4xx_HAL_Driver/Src/stm32l4xx_hal_tim.o
                0x0800859c                HAL_TIM_Base_Start
 .text.HAL_TIM_OC_Init
                0x0800866c       0xae ./Drivers/STM32L4xx_HAL_Driver/Src/stm32l4xx_hal_tim.o
                0x0800866c                HAL_TIM_OC_Init
 .text.HAL_TIM_PWM_Init
                0x0800871a       0xae ./Drivers/STM32L4xx_HAL_Driver/Src/stm32l4xx_hal_tim.o
                0x0800871a                HAL_TIM_PWM_Init
 .text.HAL_TIM_PWM_MspInit
                0x080087c8       0x14 ./Drivers/STM32L4xx_HAL_Driver/Src/stm32l4xx_hal_tim.o
                0x080087c8                HAL_TIM_PWM_MspInit
 .text.HAL_TIM_PWM_Start
                0x080087dc      0x20c ./Drivers/STM32L4xx_HAL_Driver/Src/stm32l4xx_hal_tim.o
                0x080087dc                HAL_TIM_PWM_Start
 .text.HAL_TIM_OC_ConfigChannel
                0x080089e8       0xf4 ./Drivers/STM32L4xx_HAL_Driver/Src/stm32l4xx_hal_tim.o
                0x080089e8                HAL_TIM_OC_ConfigChannel
 .text.HAL_TIM_PWM_ConfigChannel
                0x08008adc      0x228 ./Drivers/STM32L4xx_HAL_Driver/Src/stm32l4xx_hal_tim.o
                0x08008adc                HAL_TIM_PWM_ConfigChannel
 .text.HAL_TIM_ConfigClockSource
                0x08008d04      0x192 ./Drivers/STM32L4xx_HAL_Driver/Src/stm32l4xx_hal_tim.o
                0x08008d04                HAL_TIM_ConfigClockSource
 *fill*         0x08008e96        0x2 
 .text.TIM_Base_SetConfig
                0x08008e98      0x14c ./Drivers/STM32L4xx_HAL_Driver/Src/stm32l4xx_hal_tim.o
                0x08008e98                TIM_Base_SetConfig
 .text.TIM_OC1_SetConfig
                0x08008fe4      0x120 ./Drivers/STM32L4xx_HAL_Driver/Src/stm32l4xx_hal_tim.o
 .text.TIM_OC2_SetConfig
                0x08009104      0x114 ./Drivers/STM32L4xx_HAL_Driver/Src/stm32l4xx_hal_tim.o
                0x08009104                TIM_OC2_SetConfig
 .text.TIM_OC3_SetConfig
                0x08009218      0x110 ./Drivers/STM32L4xx_HAL_Driver/Src/stm32l4xx_hal_tim.o
 .text.TIM_OC4_SetConfig
                0x08009328       0xd4 ./Drivers/STM32L4xx_HAL_Driver/Src/stm32l4xx_hal_tim.o
 .text.TIM_OC5_SetConfig
                0x080093fc       0xc8 ./Drivers/STM32L4xx_HAL_Driver/Src/stm32l4xx_hal_tim.o
 .text.TIM_OC6_SetConfig
                0x080094c4       0xcc ./Drivers/STM32L4xx_HAL_Driver/Src/stm32l4xx_hal_tim.o
 .text.TIM_TI1_ConfigInputStage
                0x08009590       0x5e ./Drivers/STM32L4xx_HAL_Driver/Src/stm32l4xx_hal_tim.o
 .text.TIM_TI2_ConfigInputStage
                0x080095ee       0x60 ./Drivers/STM32L4xx_HAL_Driver/Src/stm32l4xx_hal_tim.o
 .text.TIM_ITRx_SetConfig
                0x0800964e       0x36 ./Drivers/STM32L4xx_HAL_Driver/Src/stm32l4xx_hal_tim.o
 .text.TIM_ETR_SetConfig
                0x08009684       0x40 ./Drivers/STM32L4xx_HAL_Driver/Src/stm32l4xx_hal_tim.o
                0x08009684                TIM_ETR_SetConfig
 .text.TIM_CCxChannelCmd
                0x080096c4       0x4a ./Drivers/STM32L4xx_HAL_Driver/Src/stm32l4xx_hal_tim.o
                0x080096c4                TIM_CCxChannelCmd
 *fill*         0x0800970e        0x2 
 .text.HAL_TIMEx_MasterConfigSynchronization
                0x08009710      0x110 ./Drivers/STM32L4xx_HAL_Driver/Src/stm32l4xx_hal_tim_ex.o
                0x08009710                HAL_TIMEx_MasterConfigSynchronization
 .text.HAL_UART_Init
                0x08009820       0xa0 ./Drivers/STM32L4xx_HAL_Driver/Src/stm32l4xx_hal_uart.o
                0x08009820                HAL_UART_Init
 .text.HAL_UART_Transmit
                0x080098c0      0x11c ./Drivers/STM32L4xx_HAL_Driver/Src/stm32l4xx_hal_uart.o
                0x080098c0                HAL_UART_Transmit
 .text.UART_SetConfig
                0x080099dc      0x5f8 ./Drivers/STM32L4xx_HAL_Driver/Src/stm32l4xx_hal_uart.o
                0x080099dc                UART_SetConfig
 .text.UART_AdvFeatureConfig
                0x08009fd4      0x144 ./Drivers/STM32L4xx_HAL_Driver/Src/stm32l4xx_hal_uart.o
                0x08009fd4                UART_AdvFeatureConfig
 .text.UART_CheckIdleState
                0x0800a118      0x154 ./Drivers/STM32L4xx_HAL_Driver/Src/stm32l4xx_hal_uart.o
                0x0800a118                UART_CheckIdleState
 .text.UART_WaitOnFlagUntilTimeout
                0x0800a26c       0xda ./Drivers/STM32L4xx_HAL_Driver/Src/stm32l4xx_hal_uart.o
                0x0800a26c                UART_WaitOnFlagUntilTimeout
 .text.UART_EndRxTransfer
                0x0800a346       0xcc ./Drivers/STM32L4xx_HAL_Driver/Src/stm32l4xx_hal_uart.o
 .text.HAL_UARTEx_DisableFifoMode
                0x0800a412       0x72 ./Drivers/STM32L4xx_HAL_Driver/Src/stm32l4xx_hal_uart_ex.o
                0x0800a412                HAL_UARTEx_DisableFifoMode
 .text.HAL_UARTEx_SetTxFifoThreshold
                0x0800a484       0x7c ./Drivers/STM32L4xx_HAL_Driver/Src/stm32l4xx_hal_uart_ex.o
                0x0800a484                HAL_UARTEx_SetTxFifoThreshold
 .text.HAL_UARTEx_SetRxFifoThreshold
                0x0800a500       0x7c ./Drivers/STM32L4xx_HAL_Driver/Src/stm32l4xx_hal_uart_ex.o
                0x0800a500                HAL_UARTEx_SetRxFifoThreshold
 .text.UARTEx_SetNbDataToProcess
                0x0800a57c       0x9c ./Drivers/STM32L4xx_HAL_Driver/Src/stm32l4xx_hal_uart_ex.o
 .text._vl53l7cx_poll_for_answer
                0x0800a618       0xa0 ./Drivers/VL53L7CX_ULD_API/src/vl53l7cx_api.o
 .text._vl53l7cx_poll_for_mcu_boot
                0x0800a6b8       0x82 ./Drivers/VL53L7CX_ULD_API/src/vl53l7cx_api.o
 *fill*         0x0800a73a        0x2 
 .text._vl53l7cx_send_offset_data
                0x0800a73c      0x398 ./Drivers/VL53L7CX_ULD_API/src/vl53l7cx_api.o
 .text._vl53l7cx_send_xtalk_data
                0x0800aad4      0x298 ./Drivers/VL53L7CX_ULD_API/src/vl53l7cx_api.o
 .text.vl53l7cx_is_alive
                0x0800ad6c       0x92 ./Drivers/VL53L7CX_ULD_API/src/vl53l7cx_api.o
                0x0800ad6c                vl53l7cx_is_alive
 *fill*         0x0800adfe        0x2 
 .text.vl53l7cx_init
                0x0800ae00      0x8d8 ./Drivers/VL53L7CX_ULD_API/src/vl53l7cx_api.o
                0x0800ae00                vl53l7cx_init
 .text.vl53l7cx_start_ranging
                0x0800b6d8      0x2cc ./Drivers/VL53L7CX_ULD_API/src/vl53l7cx_api.o
                0x0800b6d8                vl53l7cx_start_ranging
 .text.vl53l7cx_check_data_ready
                0x0800b9a4       0xa0 ./Drivers/VL53L7CX_ULD_API/src/vl53l7cx_api.o
                0x0800b9a4                vl53l7cx_check_data_ready
 .text.vl53l7cx_get_ranging_data
                0x0800ba44      0x24c ./Drivers/VL53L7CX_ULD_API/src/vl53l7cx_api.o
                0x0800ba44                vl53l7cx_get_ranging_data
 .text.vl53l7cx_get_resolution
                0x0800bc90       0x4a ./Drivers/VL53L7CX_ULD_API/src/vl53l7cx_api.o
                0x0800bc90                vl53l7cx_get_resolution
 .text.vl53l7cx_set_resolution
                0x0800bcda      0x1a8 ./Drivers/VL53L7CX_ULD_API/src/vl53l7cx_api.o
                0x0800bcda                vl53l7cx_set_resolution
 .text.vl53l7cx_set_ranging_frequency_hz
                0x0800be82       0x42 ./Drivers/VL53L7CX_ULD_API/src/vl53l7cx_api.o
                0x0800be82                vl53l7cx_set_ranging_frequency_hz
 .text.vl53l7cx_set_ranging_mode
                0x0800bec4       0xae ./Drivers/VL53L7CX_ULD_API/src/vl53l7cx_api.o
                0x0800bec4                vl53l7cx_set_ranging_mode
 *fill*         0x0800bf72        0x2 
 .text.vl53l7cx_dci_read_data
                0x0800bf74      0x114 ./Drivers/VL53L7CX_ULD_API/src/vl53l7cx_api.o
                0x0800bf74                vl53l7cx_dci_read_data
 .text.vl53l7cx_dci_write_data
                0x0800c088      0x13c ./Drivers/VL53L7CX_ULD_API/src/vl53l7cx_api.o
                0x0800c088                vl53l7cx_dci_write_data
 .text.vl53l7cx_dci_replace_data
                0x0800c1c4       0x58 ./Drivers/VL53L7CX_ULD_API/src/vl53l7cx_api.o
                0x0800c1c4                vl53l7cx_dci_replace_data
 .text._fminf   0x0800c21c        0x4 N:\EECS373-CubeIDE-Workspace\driver_stm1\Core\Inc\libneai_project-2025-12-02-19-56_1\libneai.a(NanoEdgeAI.o)
                0x0800c21c                _fminf
 .text.neai_classification_init
                0x0800c220      0x1bc N:\EECS373-CubeIDE-Workspace\driver_stm1\Core\Inc\libneai_project-2025-12-02-19-56_1\libneai.a(NanoEdgeAI.o)
                0x0800c220                neai_classification_init
 .text.neai_classification
                0x0800c3dc      0x210 N:\EECS373-CubeIDE-Workspace\driver_stm1\Core\Inc\libneai_project-2025-12-02-19-56_1\libneai.a(NanoEdgeAI.o)
                0x0800c3dc                neai_classification
 .text.srand    0x0800c5ec       0x5c C:/ST/STM32CubeIDE_1.19.0/STM32CubeIDE/plugins/com.st.stm32cube.ide.mcu.externaltools.gnu-tools-for-stm32.13.3.rel1.win32_1.0.0.202411081344/tools/bin/../lib/gcc/arm-none-eabi/13.3.1/../../../../arm-none-eabi/lib/thumb/v7e-m+fp/hard\libc_nano.a(libc_a-rand.o)
                0x0800c5ec                srand
 .text.rand     0x0800c648       0x7c C:/ST/STM32CubeIDE_1.19.0/STM32CubeIDE/plugins/com.st.stm32cube.ide.mcu.externaltools.gnu-tools-for-stm32.13.3.rel1.win32_1.0.0.202411081344/tools/bin/../lib/gcc/arm-none-eabi/13.3.1/../../../../arm-none-eabi/lib/thumb/v7e-m+fp/hard\libc_nano.a(libc_a-rand.o)
                0x0800c648                rand
 .text.__cvt    0x0800c6c4       0xca C:/ST/STM32CubeIDE_1.19.0/STM32CubeIDE/plugins/com.st.stm32cube.ide.mcu.externaltools.gnu-tools-for-stm32.13.3.rel1.win32_1.0.0.202411081344/tools/bin/../lib/gcc/arm-none-eabi/13.3.1/../../../../arm-none-eabi/lib/thumb/v7e-m+fp/hard\libc_nano.a(libc_a-nano-vfprintf_float.o)
                0x0800c6c4                __cvt
 .text.__exponent
                0x0800c78e       0x74 C:/ST/STM32CubeIDE_1.19.0/STM32CubeIDE/plugins/com.st.stm32cube.ide.mcu.externaltools.gnu-tools-for-stm32.13.3.rel1.win32_1.0.0.202411081344/tools/bin/../lib/gcc/arm-none-eabi/13.3.1/../../../../arm-none-eabi/lib/thumb/v7e-m+fp/hard\libc_nano.a(libc_a-nano-vfprintf_float.o)
                0x0800c78e                __exponent
 *fill*         0x0800c802        0x2 
 .text._printf_float
                0x0800c804      0x454 C:/ST/STM32CubeIDE_1.19.0/STM32CubeIDE/plugins/com.st.stm32cube.ide.mcu.externaltools.gnu-tools-for-stm32.13.3.rel1.win32_1.0.0.202411081344/tools/bin/../lib/gcc/arm-none-eabi/13.3.1/../../../../arm-none-eabi/lib/thumb/v7e-m+fp/hard\libc_nano.a(libc_a-nano-vfprintf_float.o)
                0x0800c804                _printf_float
 .text._printf_common
                0x0800cc58       0xda C:/ST/STM32CubeIDE_1.19.0/STM32CubeIDE/plugins/com.st.stm32cube.ide.mcu.externaltools.gnu-tools-for-stm32.13.3.rel1.win32_1.0.0.202411081344/tools/bin/../lib/gcc/arm-none-eabi/13.3.1/../../../../arm-none-eabi/lib/thumb/v7e-m+fp/hard\libc_nano.a(libc_a-nano-vfprintf_i.o)
                0x0800cc58                _printf_common
 *fill*         0x0800cd32        0x2 
 .text._printf_i
                0x0800cd34      0x23c C:/ST/STM32CubeIDE_1.19.0/STM32CubeIDE/plugins/com.st.stm32cube.ide.mcu.externaltools.gnu-tools-for-stm32.13.3.rel1.win32_1.0.0.202411081344/tools/bin/../lib/gcc/arm-none-eabi/13.3.1/../../../../arm-none-eabi/lib/thumb/v7e-m+fp/hard\libc_nano.a(libc_a-nano-vfprintf_i.o)
                0x0800cd34                _printf_i
 .text.std      0x0800cf70       0x6c C:/ST/STM32CubeIDE_1.19.0/STM32CubeIDE/plugins/com.st.stm32cube.ide.mcu.externaltools.gnu-tools-for-stm32.13.3.rel1.win32_1.0.0.202411081344/tools/bin/../lib/gcc/arm-none-eabi/13.3.1/../../../../arm-none-eabi/lib/thumb/v7e-m+fp/hard\libc_nano.a(libc_a-findfp.o)
 .text.stdio_exit_handler
                0x0800cfdc       0x18 C:/ST/STM32CubeIDE_1.19.0/STM32CubeIDE/plugins/com.st.stm32cube.ide.mcu.externaltools.gnu-tools-for-stm32.13.3.rel1.win32_1.0.0.202411081344/tools/bin/../lib/gcc/arm-none-eabi/13.3.1/../../../../arm-none-eabi/lib/thumb/v7e-m+fp/hard\libc_nano.a(libc_a-findfp.o)
 .text.cleanup_stdio
                0x0800cff4       0x40 C:/ST/STM32CubeIDE_1.19.0/STM32CubeIDE/plugins/com.st.stm32cube.ide.mcu.externaltools.gnu-tools-for-stm32.13.3.rel1.win32_1.0.0.202411081344/tools/bin/../lib/gcc/arm-none-eabi/13.3.1/../../../../arm-none-eabi/lib/thumb/v7e-m+fp/hard\libc_nano.a(libc_a-findfp.o)
 .text.global_stdio_init.part.0
                0x0800d034       0x3c C:/ST/STM32CubeIDE_1.19.0/STM32CubeIDE/plugins/com.st.stm32cube.ide.mcu.externaltools.gnu-tools-for-stm32.13.3.rel1.win32_1.0.0.202411081344/tools/bin/../lib/gcc/arm-none-eabi/13.3.1/../../../../arm-none-eabi/lib/thumb/v7e-m+fp/hard\libc_nano.a(libc_a-findfp.o)
 .text.__sfp_lock_acquire
                0x0800d070        0xc C:/ST/STM32CubeIDE_1.19.0/STM32CubeIDE/plugins/com.st.stm32cube.ide.mcu.externaltools.gnu-tools-for-stm32.13.3.rel1.win32_1.0.0.202411081344/tools/bin/../lib/gcc/arm-none-eabi/13.3.1/../../../../arm-none-eabi/lib/thumb/v7e-m+fp/hard\libc_nano.a(libc_a-findfp.o)
                0x0800d070                __sfp_lock_acquire
 .text.__sfp_lock_release
                0x0800d07c        0xc C:/ST/STM32CubeIDE_1.19.0/STM32CubeIDE/plugins/com.st.stm32cube.ide.mcu.externaltools.gnu-tools-for-stm32.13.3.rel1.win32_1.0.0.202411081344/tools/bin/../lib/gcc/arm-none-eabi/13.3.1/../../../../arm-none-eabi/lib/thumb/v7e-m+fp/hard\libc_nano.a(libc_a-findfp.o)
                0x0800d07c                __sfp_lock_release
 .text.__sinit  0x0800d088       0x30 C:/ST/STM32CubeIDE_1.19.0/STM32CubeIDE/plugins/com.st.stm32cube.ide.mcu.externaltools.gnu-tools-for-stm32.13.3.rel1.win32_1.0.0.202411081344/tools/bin/../lib/gcc/arm-none-eabi/13.3.1/../../../../arm-none-eabi/lib/thumb/v7e-m+fp/hard\libc_nano.a(libc_a-findfp.o)
                0x0800d088                __sinit
 .text._fwalk_sglue
                0x0800d0b8       0x3c C:/ST/STM32CubeIDE_1.19.0/STM32CubeIDE/plugins/com.st.stm32cube.ide.mcu.externaltools.gnu-tools-for-stm32.13.3.rel1.win32_1.0.0.202411081344/tools/bin/../lib/gcc/arm-none-eabi/13.3.1/../../../../arm-none-eabi/lib/thumb/v7e-m+fp/hard\libc_nano.a(libc_a-fwalk.o)
                0x0800d0b8                _fwalk_sglue
 .text.printf   0x0800d0f4       0x24 C:/ST/STM32CubeIDE_1.19.0/STM32CubeIDE/plugins/com.st.stm32cube.ide.mcu.externaltools.gnu-tools-for-stm32.13.3.rel1.win32_1.0.0.202411081344/tools/bin/../lib/gcc/arm-none-eabi/13.3.1/../../../../arm-none-eabi/lib/thumb/v7e-m+fp/hard\libc_nano.a(libc_a-printf.o)
                0x0800d0f4                iprintf
                0x0800d0f4                printf
 .text.putchar  0x0800d118       0x10 C:/ST/STM32CubeIDE_1.19.0/STM32CubeIDE/plugins/com.st.stm32cube.ide.mcu.externaltools.gnu-tools-for-stm32.13.3.rel1.win32_1.0.0.202411081344/tools/bin/../lib/gcc/arm-none-eabi/13.3.1/../../../../arm-none-eabi/lib/thumb/v7e-m+fp/hard\libc_nano.a(libc_a-putchar.o)
                0x0800d118                putchar
 .text._puts_r  0x0800d128       0xaa C:/ST/STM32CubeIDE_1.19.0/STM32CubeIDE/plugins/com.st.stm32cube.ide.mcu.externaltools.gnu-tools-for-stm32.13.3.rel1.win32_1.0.0.202411081344/tools/bin/../lib/gcc/arm-none-eabi/13.3.1/../../../../arm-none-eabi/lib/thumb/v7e-m+fp/hard\libc_nano.a(libc_a-puts.o)
                0x0800d128                _puts_r
 *fill*         0x0800d1d2        0x2 
 .text.puts     0x0800d1d4       0x10 C:/ST/STM32CubeIDE_1.19.0/STM32CubeIDE/plugins/com.st.stm32cube.ide.mcu.externaltools.gnu-tools-for-stm32.13.3.rel1.win32_1.0.0.202411081344/tools/bin/../lib/gcc/arm-none-eabi/13.3.1/../../../../arm-none-eabi/lib/thumb/v7e-m+fp/hard\libc_nano.a(libc_a-puts.o)
                0x0800d1d4                puts
 .text.__sread  0x0800d1e4       0x22 C:/ST/STM32CubeIDE_1.19.0/STM32CubeIDE/plugins/com.st.stm32cube.ide.mcu.externaltools.gnu-tools-for-stm32.13.3.rel1.win32_1.0.0.202411081344/tools/bin/../lib/gcc/arm-none-eabi/13.3.1/../../../../arm-none-eabi/lib/thumb/v7e-m+fp/hard\libc_nano.a(libc_a-stdio.o)
                0x0800d1e4                __sread
 .text.__swrite
                0x0800d206       0x38 C:/ST/STM32CubeIDE_1.19.0/STM32CubeIDE/plugins/com.st.stm32cube.ide.mcu.externaltools.gnu-tools-for-stm32.13.3.rel1.win32_1.0.0.202411081344/tools/bin/../lib/gcc/arm-none-eabi/13.3.1/../../../../arm-none-eabi/lib/thumb/v7e-m+fp/hard\libc_nano.a(libc_a-stdio.o)
                0x0800d206                __swrite
 .text.__sseek  0x0800d23e       0x24 C:/ST/STM32CubeIDE_1.19.0/STM32CubeIDE/plugins/com.st.stm32cube.ide.mcu.externaltools.gnu-tools-for-stm32.13.3.rel1.win32_1.0.0.202411081344/tools/bin/../lib/gcc/arm-none-eabi/13.3.1/../../../../arm-none-eabi/lib/thumb/v7e-m+fp/hard\libc_nano.a(libc_a-stdio.o)
                0x0800d23e                __sseek
 .text.__sclose
                0x0800d262        0x8 C:/ST/STM32CubeIDE_1.19.0/STM32CubeIDE/plugins/com.st.stm32cube.ide.mcu.externaltools.gnu-tools-for-stm32.13.3.rel1.win32_1.0.0.202411081344/tools/bin/../lib/gcc/arm-none-eabi/13.3.1/../../../../arm-none-eabi/lib/thumb/v7e-m+fp/hard\libc_nano.a(libc_a-stdio.o)
                0x0800d262                __sclose
 .text.__swbuf_r
                0x0800d26a       0x7c C:/ST/STM32CubeIDE_1.19.0/STM32CubeIDE/plugins/com.st.stm32cube.ide.mcu.externaltools.gnu-tools-for-stm32.13.3.rel1.win32_1.0.0.202411081344/tools/bin/../lib/gcc/arm-none-eabi/13.3.1/../../../../arm-none-eabi/lib/thumb/v7e-m+fp/hard\libc_nano.a(libc_a-wbuf.o)
                0x0800d26a                __swbuf_r
 *fill*         0x0800d2e6        0x2 
 .text.__swsetup_r
                0x0800d2e8       0xac C:/ST/STM32CubeIDE_1.19.0/STM32CubeIDE/plugins/com.st.stm32cube.ide.mcu.externaltools.gnu-tools-for-stm32.13.3.rel1.win32_1.0.0.202411081344/tools/bin/../lib/gcc/arm-none-eabi/13.3.1/../../../../arm-none-eabi/lib/thumb/v7e-m+fp/hard\libc_nano.a(libc_a-wsetup.o)
                0x0800d2e8                __swsetup_r
 .text.memset   0x0800d394       0x10 C:/ST/STM32CubeIDE_1.19.0/STM32CubeIDE/plugins/com.st.stm32cube.ide.mcu.externaltools.gnu-tools-for-stm32.13.3.rel1.win32_1.0.0.202411081344/tools/bin/../lib/gcc/arm-none-eabi/13.3.1/../../../../arm-none-eabi/lib/thumb/v7e-m+fp/hard\libc_nano.a(libc_a-memset.o)
                0x0800d394                memset
 .text._localeconv_r
                0x0800d3a4        0x8 C:/ST/STM32CubeIDE_1.19.0/STM32CubeIDE/plugins/com.st.stm32cube.ide.mcu.externaltools.gnu-tools-for-stm32.13.3.rel1.win32_1.0.0.202411081344/tools/bin/../lib/gcc/arm-none-eabi/13.3.1/../../../../arm-none-eabi/lib/thumb/v7e-m+fp/hard\libc_nano.a(libc_a-localeconv.o)
                0x0800d3a4                _localeconv_r
 .text._close_r
                0x0800d3ac       0x20 C:/ST/STM32CubeIDE_1.19.0/STM32CubeIDE/plugins/com.st.stm32cube.ide.mcu.externaltools.gnu-tools-for-stm32.13.3.rel1.win32_1.0.0.202411081344/tools/bin/../lib/gcc/arm-none-eabi/13.3.1/../../../../arm-none-eabi/lib/thumb/v7e-m+fp/hard\libc_nano.a(libc_a-closer.o)
                0x0800d3ac                _close_r
 .text._lseek_r
                0x0800d3cc       0x24 C:/ST/STM32CubeIDE_1.19.0/STM32CubeIDE/plugins/com.st.stm32cube.ide.mcu.externaltools.gnu-tools-for-stm32.13.3.rel1.win32_1.0.0.202411081344/tools/bin/../lib/gcc/arm-none-eabi/13.3.1/../../../../arm-none-eabi/lib/thumb/v7e-m+fp/hard\libc_nano.a(libc_a-lseekr.o)
                0x0800d3cc                _lseek_r
 .text._read_r  0x0800d3f0       0x24 C:/ST/STM32CubeIDE_1.19.0/STM32CubeIDE/plugins/com.st.stm32cube.ide.mcu.externaltools.gnu-tools-for-stm32.13.3.rel1.win32_1.0.0.202411081344/tools/bin/../lib/gcc/arm-none-eabi/13.3.1/../../../../arm-none-eabi/lib/thumb/v7e-m+fp/hard\libc_nano.a(libc_a-readr.o)
                0x0800d3f0                _read_r
 .text._write_r
                0x0800d414       0x24 C:/ST/STM32CubeIDE_1.19.0/STM32CubeIDE/plugins/com.st.stm32cube.ide.mcu.externaltools.gnu-tools-for-stm32.13.3.rel1.win32_1.0.0.202411081344/tools/bin/../lib/gcc/arm-none-eabi/13.3.1/../../../../arm-none-eabi/lib/thumb/v7e-m+fp/hard\libc_nano.a(libc_a-writer.o)
                0x0800d414                _write_r
 .text.__errno  0x0800d438        0xc C:/ST/STM32CubeIDE_1.19.0/STM32CubeIDE/plugins/com.st.stm32cube.ide.mcu.externaltools.gnu-tools-for-stm32.13.3.rel1.win32_1.0.0.202411081344/tools/bin/../lib/gcc/arm-none-eabi/13.3.1/../../../../arm-none-eabi/lib/thumb/v7e-m+fp/hard\libc_nano.a(libc_a-errno.o)
                0x0800d438                __errno
 .text.__libc_init_array
                0x0800d444       0x48 C:/ST/STM32CubeIDE_1.19.0/STM32CubeIDE/plugins/com.st.stm32cube.ide.mcu.externaltools.gnu-tools-for-stm32.13.3.rel1.win32_1.0.0.202411081344/tools/bin/../lib/gcc/arm-none-eabi/13.3.1/../../../../arm-none-eabi/lib/thumb/v7e-m+fp/hard\libc_nano.a(libc_a-init.o)
                0x0800d444                __libc_init_array
 .text.__retarget_lock_init_recursive
                0x0800d48c        0x2 C:/ST/STM32CubeIDE_1.19.0/STM32CubeIDE/plugins/com.st.stm32cube.ide.mcu.externaltools.gnu-tools-for-stm32.13.3.rel1.win32_1.0.0.202411081344/tools/bin/../lib/gcc/arm-none-eabi/13.3.1/../../../../arm-none-eabi/lib/thumb/v7e-m+fp/hard\libc_nano.a(libc_a-lock.o)
                0x0800d48c                __retarget_lock_init_recursive
 .text.__retarget_lock_acquire_recursive
                0x0800d48e        0x2 C:/ST/STM32CubeIDE_1.19.0/STM32CubeIDE/plugins/com.st.stm32cube.ide.mcu.externaltools.gnu-tools-for-stm32.13.3.rel1.win32_1.0.0.202411081344/tools/bin/../lib/gcc/arm-none-eabi/13.3.1/../../../../arm-none-eabi/lib/thumb/v7e-m+fp/hard\libc_nano.a(libc_a-lock.o)
                0x0800d48e                __retarget_lock_acquire_recursive
 .text.__retarget_lock_release_recursive
                0x0800d490        0x2 C:/ST/STM32CubeIDE_1.19.0/STM32CubeIDE/plugins/com.st.stm32cube.ide.mcu.externaltools.gnu-tools-for-stm32.13.3.rel1.win32_1.0.0.202411081344/tools/bin/../lib/gcc/arm-none-eabi/13.3.1/../../../../arm-none-eabi/lib/thumb/v7e-m+fp/hard\libc_nano.a(libc_a-lock.o)
                0x0800d490                __retarget_lock_release_recursive
 .text.memcpy   0x0800d492       0x1c C:/ST/STM32CubeIDE_1.19.0/STM32CubeIDE/plugins/com.st.stm32cube.ide.mcu.externaltools.gnu-tools-for-stm32.13.3.rel1.win32_1.0.0.202411081344/tools/bin/../lib/gcc/arm-none-eabi/13.3.1/../../../../arm-none-eabi/lib/thumb/v7e-m+fp/hard\libc_nano.a(libc_a-memcpy-stub.o)
                0x0800d492                memcpy
 *fill*         0x0800d4ae        0x2 
 .text.__assert_func
                0x0800d4b0       0x3c C:/ST/STM32CubeIDE_1.19.0/STM32CubeIDE/plugins/com.st.stm32cube.ide.mcu.externaltools.gnu-tools-for-stm32.13.3.rel1.win32_1.0.0.202411081344/tools/bin/../lib/gcc/arm-none-eabi/13.3.1/../../../../arm-none-eabi/lib/thumb/v7e-m+fp/hard\libc_nano.a(libc_a-assert.o)
                0x0800d4b0                __assert_func
 .text.quorem   0x0800d4ec      0x110 C:/ST/STM32CubeIDE_1.19.0/STM32CubeIDE/plugins/com.st.stm32cube.ide.mcu.externaltools.gnu-tools-for-stm32.13.3.rel1.win32_1.0.0.202411081344/tools/bin/../lib/gcc/arm-none-eabi/13.3.1/../../../../arm-none-eabi/lib/thumb/v7e-m+fp/hard\libc_nano.a(libc_a-dtoa.o)
 *fill*         0x0800d5fc        0x4 
 .text._dtoa_r  0x0800d600      0xba0 C:/ST/STM32CubeIDE_1.19.0/STM32CubeIDE/plugins/com.st.stm32cube.ide.mcu.externaltools.gnu-tools-for-stm32.13.3.rel1.win32_1.0.0.202411081344/tools/bin/../lib/gcc/arm-none-eabi/13.3.1/../../../../arm-none-eabi/lib/thumb/v7e-m+fp/hard\libc_nano.a(libc_a-dtoa.o)
                0x0800d600                _dtoa_r
 .text._free_r  0x0800e1a0       0x94 C:/ST/STM32CubeIDE_1.19.0/STM32CubeIDE/plugins/com.st.stm32cube.ide.mcu.externaltools.gnu-tools-for-stm32.13.3.rel1.win32_1.0.0.202411081344/tools/bin/../lib/gcc/arm-none-eabi/13.3.1/../../../../arm-none-eabi/lib/thumb/v7e-m+fp/hard\libc_nano.a(libc_a-freer.o)
                0x0800e1a0                _free_r
 .text.malloc   0x0800e234       0x10 C:/ST/STM32CubeIDE_1.19.0/STM32CubeIDE/plugins/com.st.stm32cube.ide.mcu.externaltools.gnu-tools-for-stm32.13.3.rel1.win32_1.0.0.202411081344/tools/bin/../lib/gcc/arm-none-eabi/13.3.1/../../../../arm-none-eabi/lib/thumb/v7e-m+fp/hard\libc_nano.a(libc_a-malloc.o)
                0x0800e234                malloc
 .text.sbrk_aligned
                0x0800e244       0x44 C:/ST/STM32CubeIDE_1.19.0/STM32CubeIDE/plugins/com.st.stm32cube.ide.mcu.externaltools.gnu-tools-for-stm32.13.3.rel1.win32_1.0.0.202411081344/tools/bin/../lib/gcc/arm-none-eabi/13.3.1/../../../../arm-none-eabi/lib/thumb/v7e-m+fp/hard\libc_nano.a(libc_a-mallocr.o)
 .text._malloc_r
                0x0800e288      0x100 C:/ST/STM32CubeIDE_1.19.0/STM32CubeIDE/plugins/com.st.stm32cube.ide.mcu.externaltools.gnu-tools-for-stm32.13.3.rel1.win32_1.0.0.202411081344/tools/bin/../lib/gcc/arm-none-eabi/13.3.1/../../../../arm-none-eabi/lib/thumb/v7e-m+fp/hard\libc_nano.a(libc_a-mallocr.o)
                0x0800e288                _malloc_r
 .text.__malloc_lock
                0x0800e388        0xc C:/ST/STM32CubeIDE_1.19.0/STM32CubeIDE/plugins/com.st.stm32cube.ide.mcu.externaltools.gnu-tools-for-stm32.13.3.rel1.win32_1.0.0.202411081344/tools/bin/../lib/gcc/arm-none-eabi/13.3.1/../../../../arm-none-eabi/lib/thumb/v7e-m+fp/hard\libc_nano.a(libc_a-mlock.o)
                0x0800e388                __malloc_lock
 .text.__malloc_unlock
                0x0800e394        0xc C:/ST/STM32CubeIDE_1.19.0/STM32CubeIDE/plugins/com.st.stm32cube.ide.mcu.externaltools.gnu-tools-for-stm32.13.3.rel1.win32_1.0.0.202411081344/tools/bin/../lib/gcc/arm-none-eabi/13.3.1/../../../../arm-none-eabi/lib/thumb/v7e-m+fp/hard\libc_nano.a(libc_a-mlock.o)
                0x0800e394                __malloc_unlock
 .text._Balloc  0x0800e3a0       0x80 C:/ST/STM32CubeIDE_1.19.0/STM32CubeIDE/plugins/com.st.stm32cube.ide.mcu.externaltools.gnu-tools-for-stm32.13.3.rel1.win32_1.0.0.202411081344/tools/bin/../lib/gcc/arm-none-eabi/13.3.1/../../../../arm-none-eabi/lib/thumb/v7e-m+fp/hard\libc_nano.a(libc_a-mprec.o)
                0x0800e3a0                _Balloc
 .text._Bfree   0x0800e420       0x44 C:/ST/STM32CubeIDE_1.19.0/STM32CubeIDE/plugins/com.st.stm32cube.ide.mcu.externaltools.gnu-tools-for-stm32.13.3.rel1.win32_1.0.0.202411081344/tools/bin/../lib/gcc/arm-none-eabi/13.3.1/../../../../arm-none-eabi/lib/thumb/v7e-m+fp/hard\libc_nano.a(libc_a-mprec.o)
                0x0800e420                _Bfree
 .text.__multadd
                0x0800e464       0x8c C:/ST/STM32CubeIDE_1.19.0/STM32CubeIDE/plugins/com.st.stm32cube.ide.mcu.externaltools.gnu-tools-for-stm32.13.3.rel1.win32_1.0.0.202411081344/tools/bin/../lib/gcc/arm-none-eabi/13.3.1/../../../../arm-none-eabi/lib/thumb/v7e-m+fp/hard\libc_nano.a(libc_a-mprec.o)
                0x0800e464                __multadd
 .text.__hi0bits
                0x0800e4f0       0x3e C:/ST/STM32CubeIDE_1.19.0/STM32CubeIDE/plugins/com.st.stm32cube.ide.mcu.externaltools.gnu-tools-for-stm32.13.3.rel1.win32_1.0.0.202411081344/tools/bin/../lib/gcc/arm-none-eabi/13.3.1/../../../../arm-none-eabi/lib/thumb/v7e-m+fp/hard\libc_nano.a(libc_a-mprec.o)
                0x0800e4f0                __hi0bits
 .text.__lo0bits
                0x0800e52e       0x5a C:/ST/STM32CubeIDE_1.19.0/STM32CubeIDE/plugins/com.st.stm32cube.ide.mcu.externaltools.gnu-tools-for-stm32.13.3.rel1.win32_1.0.0.202411081344/tools/bin/../lib/gcc/arm-none-eabi/13.3.1/../../../../arm-none-eabi/lib/thumb/v7e-m+fp/hard\libc_nano.a(libc_a-mprec.o)
                0x0800e52e                __lo0bits
 .text.__i2b    0x0800e588       0x2c C:/ST/STM32CubeIDE_1.19.0/STM32CubeIDE/plugins/com.st.stm32cube.ide.mcu.externaltools.gnu-tools-for-stm32.13.3.rel1.win32_1.0.0.202411081344/tools/bin/../lib/gcc/arm-none-eabi/13.3.1/../../../../arm-none-eabi/lib/thumb/v7e-m+fp/hard\libc_nano.a(libc_a-mprec.o)
                0x0800e588                __i2b
 .text.__multiply
                0x0800e5b4      0x144 C:/ST/STM32CubeIDE_1.19.0/STM32CubeIDE/plugins/com.st.stm32cube.ide.mcu.externaltools.gnu-tools-for-stm32.13.3.rel1.win32_1.0.0.202411081344/tools/bin/../lib/gcc/arm-none-eabi/13.3.1/../../../../arm-none-eabi/lib/thumb/v7e-m+fp/hard\libc_nano.a(libc_a-mprec.o)
                0x0800e5b4                __multiply
 .text.__pow5mult
                0x0800e6f8       0xb4 C:/ST/STM32CubeIDE_1.19.0/STM32CubeIDE/plugins/com.st.stm32cube.ide.mcu.externaltools.gnu-tools-for-stm32.13.3.rel1.win32_1.0.0.202411081344/tools/bin/../lib/gcc/arm-none-eabi/13.3.1/../../../../arm-none-eabi/lib/thumb/v7e-m+fp/hard\libc_nano.a(libc_a-mprec.o)
                0x0800e6f8                __pow5mult
 .text.__lshift
                0x0800e7ac       0xd8 C:/ST/STM32CubeIDE_1.19.0/STM32CubeIDE/plugins/com.st.stm32cube.ide.mcu.externaltools.gnu-tools-for-stm32.13.3.rel1.win32_1.0.0.202411081344/tools/bin/../lib/gcc/arm-none-eabi/13.3.1/../../../../arm-none-eabi/lib/thumb/v7e-m+fp/hard\libc_nano.a(libc_a-mprec.o)
                0x0800e7ac                __lshift
 .text.__mcmp   0x0800e884       0x36 C:/ST/STM32CubeIDE_1.19.0/STM32CubeIDE/plugins/com.st.stm32cube.ide.mcu.externaltools.gnu-tools-for-stm32.13.3.rel1.win32_1.0.0.202411081344/tools/bin/../lib/gcc/arm-none-eabi/13.3.1/../../../../arm-none-eabi/lib/thumb/v7e-m+fp/hard\libc_nano.a(libc_a-mprec.o)
                0x0800e884                __mcmp
 *fill*         0x0800e8ba        0x2 
 .text.__mdiff  0x0800e8bc      0x128 C:/ST/STM32CubeIDE_1.19.0/STM32CubeIDE/plugins/com.st.stm32cube.ide.mcu.externaltools.gnu-tools-for-stm32.13.3.rel1.win32_1.0.0.202411081344/tools/bin/../lib/gcc/arm-none-eabi/13.3.1/../../../../arm-none-eabi/lib/thumb/v7e-m+fp/hard\libc_nano.a(libc_a-mprec.o)
                0x0800e8bc                __mdiff
 .text.__d2b    0x0800e9e4       0xb0 C:/ST/STM32CubeIDE_1.19.0/STM32CubeIDE/plugins/com.st.stm32cube.ide.mcu.externaltools.gnu-tools-for-stm32.13.3.rel1.win32_1.0.0.202411081344/tools/bin/../lib/gcc/arm-none-eabi/13.3.1/../../../../arm-none-eabi/lib/thumb/v7e-m+fp/hard\libc_nano.a(libc_a-mprec.o)
                0x0800e9e4                __d2b
 .text.__sfputc_r
                0x0800ea94       0x2e C:/ST/STM32CubeIDE_1.19.0/STM32CubeIDE/plugins/com.st.stm32cube.ide.mcu.externaltools.gnu-tools-for-stm32.13.3.rel1.win32_1.0.0.202411081344/tools/bin/../lib/gcc/arm-none-eabi/13.3.1/../../../../arm-none-eabi/lib/thumb/v7e-m+fp/hard\libc_nano.a(libc_a-nano-vfprintf.o)
 .text.__sfputs_r
                0x0800eac2       0x24 C:/ST/STM32CubeIDE_1.19.0/STM32CubeIDE/plugins/com.st.stm32cube.ide.mcu.externaltools.gnu-tools-for-stm32.13.3.rel1.win32_1.0.0.202411081344/tools/bin/../lib/gcc/arm-none-eabi/13.3.1/../../../../arm-none-eabi/lib/thumb/v7e-m+fp/hard\libc_nano.a(libc_a-nano-vfprintf.o)
                0x0800eac2                __sfputs_r
 *fill*         0x0800eae6        0x2 
 .text._vfprintf_r
                0x0800eae8      0x230 C:/ST/STM32CubeIDE_1.19.0/STM32CubeIDE/plugins/com.st.stm32cube.ide.mcu.externaltools.gnu-tools-for-stm32.13.3.rel1.win32_1.0.0.202411081344/tools/bin/../lib/gcc/arm-none-eabi/13.3.1/../../../../arm-none-eabi/lib/thumb/v7e-m+fp/hard\libc_nano.a(libc_a-nano-vfprintf.o)
                0x0800eae8                _vfprintf_r
                0x0800eae8                _vfiprintf_r
 .text.__sflush_r
                0x0800ed18      0x108 C:/ST/STM32CubeIDE_1.19.0/STM32CubeIDE/plugins/com.st.stm32cube.ide.mcu.externaltools.gnu-tools-for-stm32.13.3.rel1.win32_1.0.0.202411081344/tools/bin/../lib/gcc/arm-none-eabi/13.3.1/../../../../arm-none-eabi/lib/thumb/v7e-m+fp/hard\libc_nano.a(libc_a-fflush.o)
                0x0800ed18                __sflush_r
 .text._fflush_r
                0x0800ee20       0x50 C:/ST/STM32CubeIDE_1.19.0/STM32CubeIDE/plugins/com.st.stm32cube.ide.mcu.externaltools.gnu-tools-for-stm32.13.3.rel1.win32_1.0.0.202411081344/tools/bin/../lib/gcc/arm-none-eabi/13.3.1/../../../../arm-none-eabi/lib/thumb/v7e-m+fp/hard\libc_nano.a(libc_a-fflush.o)
                0x0800ee20                _fflush_r
 .text.fprintf  0x0800ee70       0x24 C:/ST/STM32CubeIDE_1.19.0/STM32CubeIDE/plugins/com.st.stm32cube.ide.mcu.externaltools.gnu-tools-for-stm32.13.3.rel1.win32_1.0.0.202411081344/tools/bin/../lib/gcc/arm-none-eabi/13.3.1/../../../../arm-none-eabi/lib/thumb/v7e-m+fp/hard\libc_nano.a(libc_a-fprintf.o)
                0x0800ee70                fiprintf
                0x0800ee70                fprintf
 .text.__swhatbuf_r
                0x0800ee94       0x4c C:/ST/STM32CubeIDE_1.19.0/STM32CubeIDE/plugins/com.st.stm32cube.ide.mcu.externaltools.gnu-tools-for-stm32.13.3.rel1.win32_1.0.0.202411081344/tools/bin/../lib/gcc/arm-none-eabi/13.3.1/../../../../arm-none-eabi/lib/thumb/v7e-m+fp/hard\libc_nano.a(libc_a-makebuf.o)
                0x0800ee94                __swhatbuf_r
 .text.__smakebuf_r
                0x0800eee0       0x78 C:/ST/STM32CubeIDE_1.19.0/STM32CubeIDE/plugins/com.st.stm32cube.ide.mcu.externaltools.gnu-tools-for-stm32.13.3.rel1.win32_1.0.0.202411081344/tools/bin/../lib/gcc/arm-none-eabi/13.3.1/../../../../arm-none-eabi/lib/thumb/v7e-m+fp/hard\libc_nano.a(libc_a-makebuf.o)
                0x0800eee0                __smakebuf_r
 .text._putc_r  0x0800ef58       0x68 C:/ST/STM32CubeIDE_1.19.0/STM32CubeIDE/plugins/com.st.stm32cube.ide.mcu.externaltools.gnu-tools-for-stm32.13.3.rel1.win32_1.0.0.202411081344/tools/bin/../lib/gcc/arm-none-eabi/13.3.1/../../../../arm-none-eabi/lib/thumb/v7e-m+fp/hard\libc_nano.a(libc_a-putc.o)
                0x0800ef58                _putc_r
 .text._fstat_r
                0x0800efc0       0x24 C:/ST/STM32CubeIDE_1.19.0/STM32CubeIDE/plugins/com.st.stm32cube.ide.mcu.externaltools.gnu-tools-for-stm32.13.3.rel1.win32_1.0.0.202411081344/tools/bin/../lib/gcc/arm-none-eabi/13.3.1/../../../../arm-none-eabi/lib/thumb/v7e-m+fp/hard\libc_nano.a(libc_a-fstatr.o)
                0x0800efc0                _fstat_r
 .text._isatty_r
                0x0800efe4       0x20 C:/ST/STM32CubeIDE_1.19.0/STM32CubeIDE/plugins/com.st.stm32cube.ide.mcu.externaltools.gnu-tools-for-stm32.13.3.rel1.win32_1.0.0.202411081344/tools/bin/../lib/gcc/arm-none-eabi/13.3.1/../../../../arm-none-eabi/lib/thumb/v7e-m+fp/hard\libc_nano.a(libc_a-isattyr.o)
                0x0800efe4                _isatty_r
 .text._sbrk_r  0x0800f004       0x20 C:/ST/STM32CubeIDE_1.19.0/STM32CubeIDE/plugins/com.st.stm32cube.ide.mcu.externaltools.gnu-tools-for-stm32.13.3.rel1.win32_1.0.0.202411081344/tools/bin/../lib/gcc/arm-none-eabi/13.3.1/../../../../arm-none-eabi/lib/thumb/v7e-m+fp/hard\libc_nano.a(libc_a-sbrkr.o)
                0x0800f004                _sbrk_r
 .text.abort    0x0800f024        0xe C:/ST/STM32CubeIDE_1.19.0/STM32CubeIDE/plugins/com.st.stm32cube.ide.mcu.externaltools.gnu-tools-for-stm32.13.3.rel1.win32_1.0.0.202411081344/tools/bin/../lib/gcc/arm-none-eabi/13.3.1/../../../../arm-none-eabi/lib/thumb/v7e-m+fp/hard\libc_nano.a(libc_a-abort.o)
                0x0800f024                abort
 .text._calloc_r
                0x0800f032       0x28 C:/ST/STM32CubeIDE_1.19.0/STM32CubeIDE/plugins/com.st.stm32cube.ide.mcu.externaltools.gnu-tools-for-stm32.13.3.rel1.win32_1.0.0.202411081344/tools/bin/../lib/gcc/arm-none-eabi/13.3.1/../../../../arm-none-eabi/lib/thumb/v7e-m+fp/hard\libc_nano.a(libc_a-callocr.o)
                0x0800f032                _calloc_r
 .text.__ascii_mbtowc
                0x0800f05a       0x24 C:/ST/STM32CubeIDE_1.19.0/STM32CubeIDE/plugins/com.st.stm32cube.ide.mcu.externaltools.gnu-tools-for-stm32.13.3.rel1.win32_1.0.0.202411081344/tools/bin/../lib/gcc/arm-none-eabi/13.3.1/../../../../arm-none-eabi/lib/thumb/v7e-m+fp/hard\libc_nano.a(libc_a-mbtowc_r.o)
                0x0800f05a                __ascii_mbtowc
 .text.__ascii_wctomb
                0x0800f07e       0x1a C:/ST/STM32CubeIDE_1.19.0/STM32CubeIDE/plugins/com.st.stm32cube.ide.mcu.externaltools.gnu-tools-for-stm32.13.3.rel1.win32_1.0.0.202411081344/tools/bin/../lib/gcc/arm-none-eabi/13.3.1/../../../../arm-none-eabi/lib/thumb/v7e-m+fp/hard\libc_nano.a(libc_a-wctomb_r.o)
                0x0800f07e                __ascii_wctomb
 .text._raise_r
                0x0800f098       0x50 C:/ST/STM32CubeIDE_1.19.0/STM32CubeIDE/plugins/com.st.stm32cube.ide.mcu.externaltools.gnu-tools-for-stm32.13.3.rel1.win32_1.0.0.202411081344/tools/bin/../lib/gcc/arm-none-eabi/13.3.1/../../../../arm-none-eabi/lib/thumb/v7e-m+fp/hard\libc_nano.a(libc_a-signal.o)
                0x0800f098                _raise_r
 .text.raise    0x0800f0e8       0x10 C:/ST/STM32CubeIDE_1.19.0/STM32CubeIDE/plugins/com.st.stm32cube.ide.mcu.externaltools.gnu-tools-for-stm32.13.3.rel1.win32_1.0.0.202411081344/tools/bin/../lib/gcc/arm-none-eabi/13.3.1/../../../../arm-none-eabi/lib/thumb/v7e-m+fp/hard\libc_nano.a(libc_a-signal.o)
                0x0800f0e8                raise
 .text._kill_r  0x0800f0f8       0x24 C:/ST/STM32CubeIDE_1.19.0/STM32CubeIDE/plugins/com.st.stm32cube.ide.mcu.externaltools.gnu-tools-for-stm32.13.3.rel1.win32_1.0.0.202411081344/tools/bin/../lib/gcc/arm-none-eabi/13.3.1/../../../../arm-none-eabi/lib/thumb/v7e-m+fp/hard\libc_nano.a(libc_a-signalr.o)
                0x0800f0f8                _kill_r
 .text._getpid_r
                0x0800f11c        0x4 C:/ST/STM32CubeIDE_1.19.0/STM32CubeIDE/plugins/com.st.stm32cube.ide.mcu.externaltools.gnu-tools-for-stm32.13.3.rel1.win32_1.0.0.202411081344/tools/bin/../lib/gcc/arm-none-eabi/13.3.1/../../../../arm-none-eabi/lib/thumb/v7e-m+fp/hard\libc_nano.a(libc_a-signalr.o)
                0x0800f11c                _getpid_r
 .text.expf     0x0800f120       0x6c C:/ST/STM32CubeIDE_1.19.0/STM32CubeIDE/plugins/com.st.stm32cube.ide.mcu.externaltools.gnu-tools-for-stm32.13.3.rel1.win32_1.0.0.202411081344/tools/bin/../lib/gcc/arm-none-eabi/13.3.1/../../../../arm-none-eabi/lib/thumb/v7e-m+fp/hard\libm.a(libm_a-wf_exp.o)
                0x0800f120                expf
 .text.finitef  0x0800f18c       0x14 C:/ST/STM32CubeIDE_1.19.0/STM32CubeIDE/plugins/com.st.stm32cube.ide.mcu.externaltools.gnu-tools-for-stm32.13.3.rel1.win32_1.0.0.202411081344/tools/bin/../lib/gcc/arm-none-eabi/13.3.1/../../../../arm-none-eabi/lib/thumb/v7e-m+fp/hard\libm.a(libm_a-sf_finite.o)
                0x0800f18c                finitef
 .text.fminf    0x0800f1a0       0x3a C:/ST/STM32CubeIDE_1.19.0/STM32CubeIDE/plugins/com.st.stm32cube.ide.mcu.externaltools.gnu-tools-for-stm32.13.3.rel1.win32_1.0.0.202411081344/tools/bin/../lib/gcc/arm-none-eabi/13.3.1/../../../../arm-none-eabi/lib/thumb/v7e-m+fp/hard\libm.a(libm_a-sf_fmin.o)
                0x0800f1a0                fminf
 *fill*         0x0800f1da        0x2 
 .text.__fpclassifyf
                0x0800f1dc       0x38 C:/ST/STM32CubeIDE_1.19.0/STM32CubeIDE/plugins/com.st.stm32cube.ide.mcu.externaltools.gnu-tools-for-stm32.13.3.rel1.win32_1.0.0.202411081344/tools/bin/../lib/gcc/arm-none-eabi/13.3.1/../../../../arm-none-eabi/lib/thumb/v7e-m+fp/hard\libm.a(libm_a-sf_fpclassify.o)
                0x0800f1dc                __fpclassifyf
 .text.__ieee754_expf
                0x0800f214      0x19c C:/ST/STM32CubeIDE_1.19.0/STM32CubeIDE/plugins/com.st.stm32cube.ide.mcu.externaltools.gnu-tools-for-stm32.13.3.rel1.win32_1.0.0.202411081344/tools/bin/../lib/gcc/arm-none-eabi/13.3.1/../../../../arm-none-eabi/lib/thumb/v7e-m+fp/hard\libm.a(libm_a-ef_exp.o)
                0x0800f214                __ieee754_expf
 .text.with_errnof
                0x0800f3b0       0x1c C:/ST/STM32CubeIDE_1.19.0/STM32CubeIDE/plugins/com.st.stm32cube.ide.mcu.externaltools.gnu-tools-for-stm32.13.3.rel1.win32_1.0.0.202411081344/tools/bin/../lib/gcc/arm-none-eabi/13.3.1/../../../../arm-none-eabi/lib/thumb/v7e-m+fp/hard\libm.a(libm_a-math_errf.o)
 .text.xflowf   0x0800f3cc       0x16 C:/ST/STM32CubeIDE_1.19.0/STM32CubeIDE/plugins/com.st.stm32cube.ide.mcu.externaltools.gnu-tools-for-stm32.13.3.rel1.win32_1.0.0.202411081344/tools/bin/../lib/gcc/arm-none-eabi/13.3.1/../../../../arm-none-eabi/lib/thumb/v7e-m+fp/hard\libm.a(libm_a-math_errf.o)
 *fill*         0x0800f3e2        0x2 
 .text.__math_uflowf
                0x0800f3e4        0xc C:/ST/STM32CubeIDE_1.19.0/STM32CubeIDE/plugins/com.st.stm32cube.ide.mcu.externaltools.gnu-tools-for-stm32.13.3.rel1.win32_1.0.0.202411081344/tools/bin/../lib/gcc/arm-none-eabi/13.3.1/../../../../arm-none-eabi/lib/thumb/v7e-m+fp/hard\libm.a(libm_a-math_errf.o)
                0x0800f3e4                __math_uflowf
 .text.__math_oflowf
                0x0800f3f0        0xc C:/ST/STM32CubeIDE_1.19.0/STM32CubeIDE/plugins/com.st.stm32cube.ide.mcu.externaltools.gnu-tools-for-stm32.13.3.rel1.win32_1.0.0.202411081344/tools/bin/../lib/gcc/arm-none-eabi/13.3.1/../../../../arm-none-eabi/lib/thumb/v7e-m+fp/hard\libm.a(libm_a-math_errf.o)
                0x0800f3f0                __math_oflowf
 *(.glue_7)
 .glue_7        0x0800f3fc        0x0 linker stubs
 *(.glue_7t)
 .glue_7t       0x0800f3fc        0x0 linker stubs
 *(.eh_frame)
 .eh_frame      0x0800f3fc        0x0 C:/ST/STM32CubeIDE_1.19.0/STM32CubeIDE/plugins/com.st.stm32cube.ide.mcu.externaltools.gnu-tools-for-stm32.13.3.rel1.win32_1.0.0.202411081344/tools/bin/../lib/gcc/arm-none-eabi/13.3.1/thumb/v7e-m+fp/hard/crtbegin.o
 *(.init)
 .init          0x0800f3fc        0x4 C:/ST/STM32CubeIDE_1.19.0/STM32CubeIDE/plugins/com.st.stm32cube.ide.mcu.externaltools.gnu-tools-for-stm32.13.3.rel1.win32_1.0.0.202411081344/tools/bin/../lib/gcc/arm-none-eabi/13.3.1/thumb/v7e-m+fp/hard/crti.o
                0x0800f3fc                _init
 .init          0x0800f400        0x8 C:/ST/STM32CubeIDE_1.19.0/STM32CubeIDE/plugins/com.st.stm32cube.ide.mcu.externaltools.gnu-tools-for-stm32.13.3.rel1.win32_1.0.0.202411081344/tools/bin/../lib/gcc/arm-none-eabi/13.3.1/thumb/v7e-m+fp/hard/crtn.o
 *(.fini)
 .fini          0x0800f408        0x4 C:/ST/STM32CubeIDE_1.19.0/STM32CubeIDE/plugins/com.st.stm32cube.ide.mcu.externaltools.gnu-tools-for-stm32.13.3.rel1.win32_1.0.0.202411081344/tools/bin/../lib/gcc/arm-none-eabi/13.3.1/thumb/v7e-m+fp/hard/crti.o
                0x0800f408                _fini
 .fini          0x0800f40c        0x8 C:/ST/STM32CubeIDE_1.19.0/STM32CubeIDE/plugins/com.st.stm32cube.ide.mcu.externaltools.gnu-tools-for-stm32.13.3.rel1.win32_1.0.0.202411081344/tools/bin/../lib/gcc/arm-none-eabi/13.3.1/thumb/v7e-m+fp/hard/crtn.o
                0x0800f414                        . = ALIGN (0x4)
                0x0800f414                        _etext = .

.vfp11_veneer   0x0800f414        0x0
 .vfp11_veneer  0x0800f414        0x0 linker stubs

.v4_bx          0x0800f414        0x0
 .v4_bx         0x0800f414        0x0 linker stubs

.iplt           0x0800f414        0x0
 .iplt          0x0800f414        0x0 C:/ST/STM32CubeIDE_1.19.0/STM32CubeIDE/plugins/com.st.stm32cube.ide.mcu.externaltools.gnu-tools-for-stm32.13.3.rel1.win32_1.0.0.202411081344/tools/bin/../lib/gcc/arm-none-eabi/13.3.1/thumb/v7e-m+fp/hard/crtbegin.o

.rodata         0x0800f418   0x102e84
                0x0800f418                        . = ALIGN (0x4)
 *(.rodata)
 .rodata        0x0800f418       0x49 ./Core/Src/Lcd/ili9488.o
 *fill*         0x0800f461        0x3 
 .rodata        0x0800f464       0x2a ./Core/Src/grideye.o
 *fill*         0x0800f48e        0x2 
 .rodata        0x0800f490      0x160 ./Core/Src/main.o
 .rodata        0x0800f5f0       0x28 ./Core/Src/stepper.o
 .rodata        0x0800f618       0x6c ./Drivers/VL53L7CX_ULD_API/src/vl53l7cx_api.o
 *(.rodata*)
 .rodata.Font200_Table
                0x0800f684    0x6f540 ./Core/Src/Lcd/Fonts/font200.o
                0x0800f684                Font200_Table
 .rodata.Font24_Table
                0x0807ebc4     0x1ab8 ./Core/Src/Lcd/Fonts/font24.o
                0x0807ebc4                Font24_Table
 .rodata.EntryRightThenUp
                0x0808067c        0x1 ./Core/Src/Lcd/ili9488.o
                0x0808067c                EntryRightThenUp
 .rodata.EntryRightThenDown
                0x0808067d        0x1 ./Core/Src/Lcd/ili9488.o
                0x0808067d                EntryRightThenDown
 *fill*         0x0808067e        0x2 
 .rodata.knowledge
                0x08080680    0x6d668 ./Core/Src/main.o
                0x08080680                knowledge
 .rodata.paperBitMap
                0x080edce8     0x4e20 ./Core/Src/paper.o
                0x080edce8                paperBitMap
 .rodata.rockBitMap
                0x080f2b08     0x4e20 ./Core/Src/rock.o
                0x080f2b08                rockBitMap
 .rodata.scissorBitMap
                0x080f7928     0x4e20 ./Core/Src/scissor.o
                0x080f7928                scissorBitMap
 .rodata.AHBPrescTable
                0x080fc748       0x10 ./Core/Src/system_stm32l4xx.o
                0x080fc748                AHBPrescTable
 .rodata.APBPrescTable
                0x080fc758        0x8 ./Core/Src/system_stm32l4xx.o
                0x080fc758                APBPrescTable
 .rodata.MSIRangeTable
                0x080fc760       0x30 ./Core/Src/system_stm32l4xx.o
                0x080fc760                MSIRangeTable
 .rodata.UARTPrescTable
                0x080fc790       0x18 ./Drivers/STM32L4xx_HAL_Driver/Src/stm32l4xx_hal_uart.o
                0x080fc790                UARTPrescTable
 .rodata.numerator.1
                0x080fc7a8        0x8 ./Drivers/STM32L4xx_HAL_Driver/Src/stm32l4xx_hal_uart_ex.o
 .rodata.denominator.0
                0x080fc7b0        0x8 ./Drivers/STM32L4xx_HAL_Driver/Src/stm32l4xx_hal_uart_ex.o
 .rodata.VL53L7CX_FIRMWARE
                0x080fc7b8    0x15000 ./Drivers/VL53L7CX_ULD_API/src/vl53l7cx_api.o
                0x080fc7b8                VL53L7CX_FIRMWARE
 .rodata.VL53L7CX_DEFAULT_CONFIGURATION
                0x081117b8      0x3cc ./Drivers/VL53L7CX_ULD_API/src/vl53l7cx_api.o
                0x081117b8                VL53L7CX_DEFAULT_CONFIGURATION
 .rodata.VL53L7CX_DEFAULT_XTALK
                0x08111b84      0x308 ./Drivers/VL53L7CX_ULD_API/src/vl53l7cx_api.o
                0x08111b84                VL53L7CX_DEFAULT_XTALK
 .rodata.VL53L7CX_GET_NVM_CMD
                0x08111e8c       0x28 ./Drivers/VL53L7CX_ULD_API/src/vl53l7cx_api.o
                0x08111e8c                VL53L7CX_GET_NVM_CMD
 .rodata.srand.str1.1
                0x08111eb4      0x1c9 C:/ST/STM32CubeIDE_1.19.0/STM32CubeIDE/plugins/com.st.stm32cube.ide.mcu.externaltools.gnu-tools-for-stm32.13.3.rel1.win32_1.0.0.202411081344/tools/bin/../lib/gcc/arm-none-eabi/13.3.1/../../../../arm-none-eabi/lib/thumb/v7e-m+fp/hard\libc_nano.a(libc_a-rand.o)
                                 0x6f (size before relaxing)
 .rodata._printf_float.str1.1
                0x0811207d       0x12 C:/ST/STM32CubeIDE_1.19.0/STM32CubeIDE/plugins/com.st.stm32cube.ide.mcu.externaltools.gnu-tools-for-stm32.13.3.rel1.win32_1.0.0.202411081344/tools/bin/../lib/gcc/arm-none-eabi/13.3.1/../../../../arm-none-eabi/lib/thumb/v7e-m+fp/hard\libc_nano.a(libc_a-nano-vfprintf_float.o)
 .rodata._printf_i.str1.1
                0x0811207d       0x22 C:/ST/STM32CubeIDE_1.19.0/STM32CubeIDE/plugins/com.st.stm32cube.ide.mcu.externaltools.gnu-tools-for-stm32.13.3.rel1.win32_1.0.0.202411081344/tools/bin/../lib/gcc/arm-none-eabi/13.3.1/../../../../arm-none-eabi/lib/thumb/v7e-m+fp/hard\libc_nano.a(libc_a-nano-vfprintf_i.o)
 .rodata.__assert_func.str1.1
                0x0811207d       0x3d C:/ST/STM32CubeIDE_1.19.0/STM32CubeIDE/plugins/com.st.stm32cube.ide.mcu.externaltools.gnu-tools-for-stm32.13.3.rel1.win32_1.0.0.202411081344/tools/bin/../lib/gcc/arm-none-eabi/13.3.1/../../../../arm-none-eabi/lib/thumb/v7e-m+fp/hard\libc_nano.a(libc_a-assert.o)
 .rodata._dtoa_r.str1.1
                0x0811207d       0x8f C:/ST/STM32CubeIDE_1.19.0/STM32CubeIDE/plugins/com.st.stm32cube.ide.mcu.externaltools.gnu-tools-for-stm32.13.3.rel1.win32_1.0.0.202411081344/tools/bin/../lib/gcc/arm-none-eabi/13.3.1/../../../../arm-none-eabi/lib/thumb/v7e-m+fp/hard\libc_nano.a(libc_a-dtoa.o)
 .rodata._Balloc.str1.1
                0x0811207d       0x70 C:/ST/STM32CubeIDE_1.19.0/STM32CubeIDE/plugins/com.st.stm32cube.ide.mcu.externaltools.gnu-tools-for-stm32.13.3.rel1.win32_1.0.0.202411081344/tools/bin/../lib/gcc/arm-none-eabi/13.3.1/../../../../arm-none-eabi/lib/thumb/v7e-m+fp/hard\libc_nano.a(libc_a-mprec.o)
 .rodata.__multadd.str1.1
                0x0811207d       0x11 C:/ST/STM32CubeIDE_1.19.0/STM32CubeIDE/plugins/com.st.stm32cube.ide.mcu.externaltools.gnu-tools-for-stm32.13.3.rel1.win32_1.0.0.202411081344/tools/bin/../lib/gcc/arm-none-eabi/13.3.1/../../../../arm-none-eabi/lib/thumb/v7e-m+fp/hard\libc_nano.a(libc_a-mprec.o)
 *fill*         0x0811207d        0x3 
 .rodata.p05.0  0x08112080        0xc C:/ST/STM32CubeIDE_1.19.0/STM32CubeIDE/plugins/com.st.stm32cube.ide.mcu.externaltools.gnu-tools-for-stm32.13.3.rel1.win32_1.0.0.202411081344/tools/bin/../lib/gcc/arm-none-eabi/13.3.1/../../../../arm-none-eabi/lib/thumb/v7e-m+fp/hard\libc_nano.a(libc_a-mprec.o)
 *fill*         0x0811208c        0x4 
 .rodata.__mprec_bigtens
                0x08112090       0x28 C:/ST/STM32CubeIDE_1.19.0/STM32CubeIDE/plugins/com.st.stm32cube.ide.mcu.externaltools.gnu-tools-for-stm32.13.3.rel1.win32_1.0.0.202411081344/tools/bin/../lib/gcc/arm-none-eabi/13.3.1/../../../../arm-none-eabi/lib/thumb/v7e-m+fp/hard\libc_nano.a(libc_a-mprec.o)
                0x08112090                __mprec_bigtens
 .rodata.__mprec_tens
                0x081120b8       0xc8 C:/ST/STM32CubeIDE_1.19.0/STM32CubeIDE/plugins/com.st.stm32cube.ide.mcu.externaltools.gnu-tools-for-stm32.13.3.rel1.win32_1.0.0.202411081344/tools/bin/../lib/gcc/arm-none-eabi/13.3.1/../../../../arm-none-eabi/lib/thumb/v7e-m+fp/hard\libc_nano.a(libc_a-mprec.o)
                0x081120b8                __mprec_tens
 .rodata._vfprintf_r.str1.1
                0x08112180       0x11 C:/ST/STM32CubeIDE_1.19.0/STM32CubeIDE/plugins/com.st.stm32cube.ide.mcu.externaltools.gnu-tools-for-stm32.13.3.rel1.win32_1.0.0.202411081344/tools/bin/../lib/gcc/arm-none-eabi/13.3.1/../../../../arm-none-eabi/lib/thumb/v7e-m+fp/hard\libc_nano.a(libc_a-nano-vfprintf.o)
 .rodata._setlocale_r.str1.1
                0x08112180        0x9 C:/ST/STM32CubeIDE_1.19.0/STM32CubeIDE/plugins/com.st.stm32cube.ide.mcu.externaltools.gnu-tools-for-stm32.13.3.rel1.win32_1.0.0.202411081344/tools/bin/../lib/gcc/arm-none-eabi/13.3.1/../../../../arm-none-eabi/lib/thumb/v7e-m+fp/hard\libc_nano.a(libc_a-locale.o)
 .rodata.str1.1
                0x08112180        0x2 C:/ST/STM32CubeIDE_1.19.0/STM32CubeIDE/plugins/com.st.stm32cube.ide.mcu.externaltools.gnu-tools-for-stm32.13.3.rel1.win32_1.0.0.202411081344/tools/bin/../lib/gcc/arm-none-eabi/13.3.1/../../../../arm-none-eabi/lib/thumb/v7e-m+fp/hard\libc_nano.a(libc_a-locale.o)
 .rodata._ctype_
                0x08112180      0x101 C:/ST/STM32CubeIDE_1.19.0/STM32CubeIDE/plugins/com.st.stm32cube.ide.mcu.externaltools.gnu-tools-for-stm32.13.3.rel1.win32_1.0.0.202411081344/tools/bin/../lib/gcc/arm-none-eabi/13.3.1/../../../../arm-none-eabi/lib/thumb/v7e-m+fp/hard\libc_nano.a(libc_a-ctype_.o)
                0x08112180                _ctype_
 *fill*         0x08112281        0x3 