Archive member included to satisfy reference by file (symbol)

C:/ST/STM32CubeIDE_1.19.0/STM32CubeIDE/plugins/com.st.stm32cube.ide.mcu.externaltools.gnu-tools-for-stm32.13.3.rel1.win32_1.0.0.202411081344/tools/bin/../lib/gcc/arm-none-eabi/13.3.1/../../../../arm-none-eabi/lib/thumb/v7e-m+fp/hard\libc_nano.a(libc_a-exit.o)
                              C:/ST/STM32CubeIDE_1.19.0/STM32CubeIDE/plugins/com.st.stm32cube.ide.mcu.externaltools.gnu-tools-for-stm32.13.3.rel1.win32_1.0.0.202411081344/tools/bin/../lib/gcc/arm-none-eabi/13.3.1/../../../../arm-none-eabi/lib/thumb/v7e-m+fp/hard/crt0.o (exit)
C:/ST/STM32CubeIDE_1.19.0/STM32CubeIDE/plugins/com.st.stm32cube.ide.mcu.externaltools.gnu-tools-for-stm32.13.3.rel1.win32_1.0.0.202411081344/tools/bin/../lib/gcc/arm-none-eabi/13.3.1/../../../../arm-none-eabi/lib/thumb/v7e-m+fp/hard\libc_nano.a(libc_a-findfp.o)
                              C:/ST/STM32CubeIDE_1.19.0/STM32CubeIDE/plugins/com.st.stm32cube.ide.mcu.externaltools.gnu-tools-for-stm32.13.3.rel1.win32_1.0.0.202411081344/tools/bin/../lib/gcc/arm-none-eabi/13.3.1/../../../../arm-none-eabi/lib/thumb/v7e-m+fp/hard\libc_nano.a(libc_a-exit.o) (__stdio_exit_handler)
C:/ST/STM32CubeIDE_1.19.0/STM32CubeIDE/plugins/com.st.stm32cube.ide.mcu.externaltools.gnu-tools-for-stm32.13.3.rel1.win32_1.0.0.202411081344/tools/bin/../lib/gcc/arm-none-eabi/13.3.1/../../../../arm-none-eabi/lib/thumb/v7e-m+fp/hard\libc_nano.a(libc_a-fwalk.o)
                              C:/ST/STM32CubeIDE_1.19.0/STM32CubeIDE/plugins/com.st.stm32cube.ide.mcu.externaltools.gnu-tools-for-stm32.13.3.rel1.win32_1.0.0.202411081344/tools/bin/../lib/gcc/arm-none-eabi/13.3.1/../../../../arm-none-eabi/lib/thumb/v7e-m+fp/hard\libc_nano.a(libc_a-findfp.o) (_fwalk_sglue)
C:/ST/STM32CubeIDE_1.19.0/STM32CubeIDE/plugins/com.st.stm32cube.ide.mcu.externaltools.gnu-tools-for-stm32.13.3.rel1.win32_1.0.0.202411081344/tools/bin/../lib/gcc/arm-none-eabi/13.3.1/../../../../arm-none-eabi/lib/thumb/v7e-m+fp/hard\libc_nano.a(libc_a-stdio.o)
                              C:/ST/STM32CubeIDE_1.19.0/STM32CubeIDE/plugins/com.st.stm32cube.ide.mcu.externaltools.gnu-tools-for-stm32.13.3.rel1.win32_1.0.0.202411081344/tools/bin/../lib/gcc/arm-none-eabi/13.3.1/../../../../arm-none-eabi/lib/thumb/v7e-m+fp/hard\libc_nano.a(libc_a-findfp.o) (__sread)
C:/ST/STM32CubeIDE_1.19.0/STM32CubeIDE/plugins/com.st.stm32cube.ide.mcu.externaltools.gnu-tools-for-stm32.13.3.rel1.win32_1.0.0.202411081344/tools/bin/../lib/gcc/arm-none-eabi/13.3.1/../../../../arm-none-eabi/lib/thumb/v7e-m+fp/hard\libc_nano.a(libc_a-memset.o)
                              C:/ST/STM32CubeIDE_1.19.0/STM32CubeIDE/plugins/com.st.stm32cube.ide.mcu.externaltools.gnu-tools-for-stm32.13.3.rel1.win32_1.0.0.202411081344/tools/bin/../lib/gcc/arm-none-eabi/13.3.1/../../../../arm-none-eabi/lib/thumb/v7e-m+fp/hard/crt0.o (memset)
C:/ST/STM32CubeIDE_1.19.0/STM32CubeIDE/plugins/com.st.stm32cube.ide.mcu.externaltools.gnu-tools-for-stm32.13.3.rel1.win32_1.0.0.202411081344/tools/bin/../lib/gcc/arm-none-eabi/13.3.1/../../../../arm-none-eabi/lib/thumb/v7e-m+fp/hard\libc_nano.a(libc_a-closer.o)
                              C:/ST/STM32CubeIDE_1.19.0/STM32CubeIDE/plugins/com.st.stm32cube.ide.mcu.externaltools.gnu-tools-for-stm32.13.3.rel1.win32_1.0.0.202411081344/tools/bin/../lib/gcc/arm-none-eabi/13.3.1/../../../../arm-none-eabi/lib/thumb/v7e-m+fp/hard\libc_nano.a(libc_a-stdio.o) (_close_r)
C:/ST/STM32CubeIDE_1.19.0/STM32CubeIDE/plugins/com.st.stm32cube.ide.mcu.externaltools.gnu-tools-for-stm32.13.3.rel1.win32_1.0.0.202411081344/tools/bin/../lib/gcc/arm-none-eabi/13.3.1/../../../../arm-none-eabi/lib/thumb/v7e-m+fp/hard\libc_nano.a(libc_a-reent.o)
                              C:/ST/STM32CubeIDE_1.19.0/STM32CubeIDE/plugins/com.st.stm32cube.ide.mcu.externaltools.gnu-tools-for-stm32.13.3.rel1.win32_1.0.0.202411081344/tools/bin/../lib/gcc/arm-none-eabi/13.3.1/../../../../arm-none-eabi/lib/thumb/v7e-m+fp/hard\libc_nano.a(libc_a-closer.o) (errno)
C:/ST/STM32CubeIDE_1.19.0/STM32CubeIDE/plugins/com.st.stm32cube.ide.mcu.externaltools.gnu-tools-for-stm32.13.3.rel1.win32_1.0.0.202411081344/tools/bin/../lib/gcc/arm-none-eabi/13.3.1/../../../../arm-none-eabi/lib/thumb/v7e-m+fp/hard\libc_nano.a(libc_a-impure.o)
                              C:/ST/STM32CubeIDE_1.19.0/STM32CubeIDE/plugins/com.st.stm32cube.ide.mcu.externaltools.gnu-tools-for-stm32.13.3.rel1.win32_1.0.0.202411081344/tools/bin/../lib/gcc/arm-none-eabi/13.3.1/../../../../arm-none-eabi/lib/thumb/v7e-m+fp/hard\libc_nano.a(libc_a-reent.o) (_impure_ptr)
C:/ST/STM32CubeIDE_1.19.0/STM32CubeIDE/plugins/com.st.stm32cube.ide.mcu.externaltools.gnu-tools-for-stm32.13.3.rel1.win32_1.0.0.202411081344/tools/bin/../lib/gcc/arm-none-eabi/13.3.1/../../../../arm-none-eabi/lib/thumb/v7e-m+fp/hard\libc_nano.a(libc_a-lseekr.o)
[...]
Memory Configuration

Name             Origin             Length             Attributes
RAM              0x20000000         0x00030000         xrw
RAM2             0x10000000         0x00010000         xrw
RAM3             0x20040000         0x00060000         xrw
FLASH            0x08000000         0x00200000         xr
*default*        0x00000000         0xffffffff

Linker script and memory map

LOAD C:/ST/STM32CubeIDE_1.19.0/STM32CubeIDE/plugins/com.st.stm32cube.ide.mcu.externaltools.gnu-tools-for-stm32.13.3.rel1.win32_1.0.0.202411081344/tools/bin/../lib/gcc/arm-none-eabi/13.3.1/thumb/v7e-m+fp/hard/crti.o
LOAD C:/ST/STM32CubeIDE_1.19.0/STM32CubeIDE/plugins/com.st.stm32cube.ide.mcu.externaltools.gnu-tools-for-stm32.13.3.rel1.win32_1.0.0.202411081344/tools/bin/../lib/gcc/arm-none-eabi/13.3.1/thumb/v7e-m+fp/hard/crtbegin.o
LOAD C:/ST/STM32CubeIDE_1.19.0/STM32CubeIDE/plugins/com.st.stm32cube.ide.mcu.externaltools.gnu-tools-for-stm32.13.3.rel1.win32_1.0.0.202411081344/tools/bin/../lib/gcc/arm-none-eabi/13.3.1/../../../../arm-none-eabi/lib/thumb/v7e-m+fp/hard/crt0.o
LOAD ./Core/Src/Lcd/Fonts/font12.o
LOAD ./Core/Src/Lcd/Fonts/font16.o
LOAD ./Core/Src/Lcd/Fonts/font20.o
LOAD ./Core/Src/Lcd/Fonts/font24.o
LOAD ./Core/Src/Lcd/Fonts/font8.o
LOAD ./Core/Src/Lcd/ili9488.o
LOAD ./Core/Src/Lcd/lcdts_io_xpt2046_spi_hal.o
LOAD ./Core/Src/Lcd/stm32_ili9488_lcd.o
LOAD ./Core/Src/Lcd/stm32_ili9488_ts.o
LOAD ./Core/Src/main.o
LOAD ./Core/Src/paper.o
LOAD ./Core/Src/rock.o
LOAD ./Core/Src/scissor.o
LOAD ./Core/Src/stm32l4xx_hal_msp.o
LOAD ./Core/Src/stm32l4xx_it.o
LOAD ./Core/Src/syscalls.o
LOAD ./Core/Src/sysmem.o
LOAD ./Core/Src/system_stm32l4xx.o
LOAD ./Core/Startup/startup_stm32l4r5zitxp.o
LOAD ./Drivers/STM32L4xx_HAL_Driver/Src/stm32l4xx_hal.o
LOAD ./Drivers/STM32L4xx_HAL_Driver/Src/stm32l4xx_hal_cortex.o
LOAD ./Drivers/STM32L4xx_HAL_Driver/Src/stm32l4xx_hal_dma.o
LOAD ./Drivers/STM32L4xx_HAL_Driver/Src/stm32l4xx_hal_dma_ex.o
LOAD ./Drivers/STM32L4xx_HAL_Driver/Src/stm32l4xx_hal_exti.o
LOAD ./Drivers/STM32L4xx_HAL_Driver/Src/stm32l4xx_hal_flash.o
LOAD ./Drivers/STM32L4xx_HAL_Driver/Src/stm32l4xx_hal_flash_ex.o
LOAD ./Drivers/STM32L4xx_HAL_Driver/Src/stm32l4xx_hal_flash_ramfunc.o
LOAD ./Drivers/STM32L4xx_HAL_Driver/Src/stm32l4xx_hal_gpio.o
LOAD ./Drivers/STM32L4xx_HAL_Driver/Src/stm32l4xx_hal_i2c.o
LOAD ./Drivers/STM32L4xx_HAL_Driver/Src/stm32l4xx_hal_i2c_ex.o
LOAD ./Drivers/STM32L4xx_HAL_Driver/Src/stm32l4xx_hal_pwr.o
LOAD ./Drivers/STM32L4xx_HAL_Driver/Src/stm32l4xx_hal_pwr_ex.o
LOAD ./Drivers/STM32L4xx_HAL_Driver/Src/stm32l4xx_hal_rcc.o
LOAD ./Drivers/STM32L4xx_HAL_Driver/Src/stm32l4xx_hal_rcc_ex.o
LOAD ./Drivers/STM32L4xx_HAL_Driver/Src/stm32l4xx_hal_spi.o
LOAD ./Drivers/STM32L4xx_HAL_Driver/Src/stm32l4xx_hal_spi_ex.o
LOAD ./Drivers/STM32L4xx_HAL_Driver/Src/stm32l4xx_hal_tim.o
LOAD ./Drivers/STM32L4xx_HAL_Driver/Src/stm32l4xx_hal_tim_ex.o
START GROUP
LOAD C:/ST/STM32CubeIDE_1.19.0/STM32CubeIDE/plugins/com.st.stm32cube.ide.mcu.externaltools.gnu-tools-for-stm32.13.3.rel1.win32_1.0.0.202411081344/tools/bin/../lib/gcc/arm-none-eabi/13.3.1/../../../../arm-none-eabi/lib/thumb/v7e-m+fp/hard\libc_nano.a
LOAD C:/ST/STM32CubeIDE_1.19.0/STM32CubeIDE/plugins/com.st.stm32cube.ide.mcu.externaltools.gnu-tools-for-stm32.13.3.rel1.win32_1.0.0.202411081344/tools/bin/../lib/gcc/arm-none-eabi/13.3.1/../../../../arm-none-eabi/lib/thumb/v7e-m+fp/hard\libm.a
END GROUP
START GROUP
LOAD C:/ST/STM32CubeIDE_1.19.0/STM32CubeIDE/plugins/com.st.stm32cube.ide.mcu.externaltools.gnu-tools-for-stm32.13.3.rel1.win32_1.0.0.202411081344/tools/bin/../lib/gcc/arm-none-eabi/13.3.1/thumb/v7e-m+fp/hard\libgcc.a
LOAD C:/ST/STM32CubeIDE_1.19.0/STM32CubeIDE/plugins/com.st.stm32cube.ide.mcu.externaltools.gnu-tools-for-stm32.13.3.rel1.win32_1.0.0.202411081344/tools/bin/../lib/gcc/arm-none-eabi/13.3.1/../../../../arm-none-eabi/lib/thumb/v7e-m+fp/hard\libc_nano.a
END GROUP
START GROUP
LOAD C:/ST/STM32CubeIDE_1.19.0/STM32CubeIDE/plugins/com.st.stm32cube.ide.mcu.externaltools.gnu-tools-for-stm32.13.3.rel1.win32_1.0.0.202411081344/tools/bin/../lib/gcc/arm-none-eabi/13.3.1/thumb/v7e-m+fp/hard\libgcc.a
LOAD C:/ST/STM32CubeIDE_1.19.0/STM32CubeIDE/plugins/com.st.stm32cube.ide.mcu.externaltools.gnu-tools-for-stm32.13.3.rel1.win32_1.0.0.202411081344/tools/bin/../lib/gcc/arm-none-eabi/13.3.1/../../../../arm-none-eabi/lib/thumb/v7e-m+fp/hard\libc_nano.a
LOAD C:/ST/STM32CubeIDE_1.19.0/STM32CubeIDE/plugins/com.st.stm32cube.ide.mcu.externaltools.gnu-tools-for-stm32.13.3.rel1.win32_1.0.0.202411081344/tools/bin/../lib/gcc/arm-none-eabi/13.3.1/../../../../arm-none-eabi/lib/thumb/v7e-m+fp/hard\libnosys.a
END GROUP
START GROUP
LOAD C:/ST/STM32CubeIDE_1.19.0/STM32CubeIDE/plugins/com.st.stm32cube.ide.mcu.externaltools.gnu-tools-for-stm32.13.3.rel1.win32_1.0.0.202411081344/tools/bin/../lib/gcc/arm-none-eabi/13.3.1/thumb/v7e-m+fp/hard\libgcc.a
LOAD C:/ST/STM32CubeIDE_1.19.0/STM32CubeIDE/plugins/com.st.stm32cube.ide.mcu.externaltools.gnu-tools-for-stm32.13.3.rel1.win32_1.0.0.202411081344/tools/bin/../lib/gcc/arm-none-eabi/13.3.1/../../../../arm-none-eabi/lib/thumb/v7e-m+fp/hard\libc_nano.a
LOAD C:/ST/STM32CubeIDE_1.19.0/STM32CubeIDE/plugins/com.st.stm32cube.ide.mcu.externaltools.gnu-tools-for-stm32.13.3.rel1.win32_1.0.0.202411081344/tools/bin/../lib/gcc/arm-none-eabi/13.3.1/../../../../arm-none-eabi/lib/thumb/v7e-m+fp/hard\libnosys.a
END GROUP
LOAD C:/ST/STM32CubeIDE_1.19.0/STM32CubeIDE/plugins/com.st.stm32cube.ide.mcu.externaltools.gnu-tools-for-stm32.13.3.rel1.win32_1.0.0.202411081344/tools/bin/../lib/gcc/arm-none-eabi/13.3.1/thumb/v7e-m+fp/hard/crtend.o
LOAD C:/ST/STM32CubeIDE_1.19.0/STM32CubeIDE/plugins/com.st.stm32cube.ide.mcu.externaltools.gnu-tools-for-stm32.13.3.rel1.win32_1.0.0.202411081344/tools/bin/../lib/gcc/arm-none-eabi/13.3.1/thumb/v7e-m+fp/hard/crtn.o
                0x200a0000                        _estack = (ORIGIN (RAM3) + LENGTH (RAM3))
                0x00000200                        _Min_Heap_Size = 0x200
                0x00000400                        _Min_Stack_Size = 0x400

.isr_vector     0x08000000      0x1bc
                0x08000000                        . = ALIGN (0x4)
 *(.isr_vector)
 .isr_vector    0x08000000      0x1bc ./Core/Startup/startup_stm32l4r5zitxp.o
                0x08000000                g_pfnVectors
                0x080001bc                        . = ALIGN (0x4)

.text           0x080001bc     0x5da0
                0x080001bc                        . = ALIGN (0x4)
 *(.text)
 .text          0x080001bc       0x40 C:/ST/STM32CubeIDE_1.19.0/STM32CubeIDE/plugins/com.st.stm32cube.ide.mcu.externaltools.gnu-tools-for-stm32.13.3.rel1.win32_1.0.0.202411081344/tools/bin/../lib/gcc/arm-none-eabi/13.3.1/thumb/v7e-m+fp/hard/crtbegin.o
 *(.text*)
 .text.ili9488_Init
                0x080001fc      0x1c8 ./Core/Src/Lcd/ili9488.o
                0x080001fc                ili9488_Init
 .text.ili9488_DisplayOn
                0x080003c4       0x22 ./Core/Src/Lcd/ili9488.o
                0x080003c4                ili9488_DisplayOn
 .text.ili9488_DisplayOff
                0x080003e6       0x22 ./Core/Src/Lcd/ili9488.o
                0x080003e6                ili9488_DisplayOff
 .text.ili9488_GetLcdPixelWidth
                0x08000408       0x12 ./Core/Src/Lcd/ili9488.o
                0x08000408                ili9488_GetLcdPixelWidth
 .text.ili9488_GetLcdPixelHeight
                0x0800041a       0x12 ./Core/Src/Lcd/ili9488.o
                0x0800041a                ili9488_GetLcdPixelHeight
 .text.ili9488_ReadID
                0x0800042c       0x34 ./Core/Src/Lcd/ili9488.o
                0x0800042c                ili9488_ReadID
 .text.ili9488_SetCursor
                0x08000460       0x58 ./Core/Src/Lcd/ili9488.o
                0x08000460                ili9488_SetCursor
 .text.ili9488_WritePixel
                0x080004b8       0x94 ./Core/Src/Lcd/ili9488.o
                0x080004b8                ili9488_WritePixel
 .text.ili9488_ReadPixel
                0x0800054c       0x94 ./Core/Src/Lcd/ili9488.o
                0x0800054c                ili9488_ReadPixel
 .text.ili9488_SetDisplayWindow
                0x080005e0       0x94 ./Core/Src/Lcd/ili9488.o
                0x080005e0                ili9488_SetDisplayWindow
 .text.ili9488_DrawHLine
                0x08000674       0x5c ./Core/Src/Lcd/ili9488.o
                0x08000674                ili9488_DrawHLine
 .text.ili9488_DrawVLine
                0x080006d0       0x60 ./Core/Src/Lcd/ili9488.o
                0x080006d0                ili9488_DrawVLine
 .text.ili9488_FillRect
                0x08000730       0x74 ./Core/Src/Lcd/ili9488.o
                0x08000730                ili9488_FillRect
 .text.ili9488_DrawBitmap
                0x080007a4       0xfc ./Core/Src/Lcd/ili9488.o
                0x080007a4                ili9488_DrawBitmap
 .text.ili9488_DrawRGBImage
                0x080008a0       0x70 ./Core/Src/Lcd/ili9488.o
                0x080008a0                ili9488_DrawRGBImage
 .text.ili9488_ReadRGBImage
                0x08000910       0x70 ./Core/Src/Lcd/ili9488.o
                0x08000910                ili9488_ReadRGBImage
 .text.ili9488_Scroll
                0x08000980       0xc8 ./Core/Src/Lcd/ili9488.o
                0x08000980                ili9488_Scroll
 .text.ili9488_UserCommand
                0x08000a48       0x8a ./Core/Src/Lcd/ili9488.o
                0x08000a48                ili9488_UserCommand
 .text.LL_GPIO_SetPinMode
                0x08000ad2       0x7a ./Core/Src/Lcd/lcdts_io_xpt2046_spi_hal.o
 .text.LcdDirRead
                0x08000b4c       0x90 ./Core/Src/Lcd/lcdts_io_xpt2046_spi_hal.o
                0x08000b4c                LcdDirRead
 .text.LcdDirWrite
                0x08000bdc       0x38 ./Core/Src/Lcd/lcdts_io_xpt2046_spi_hal.o
                0x08000bdc                LcdDirWrite
 .text.LcdSpiMode8
                0x08000c14       0x30 ./Core/Src/Lcd/lcdts_io_xpt2046_spi_hal.o
 .text.LcdSpiMode16
                0x08000c44       0x2c ./Core/Src/Lcd/lcdts_io_xpt2046_spi_hal.o
 .text.LCDWriteFillMultiData8and16
                0x08000c70       0xbc ./Core/Src/Lcd/lcdts_io_xpt2046_spi_hal.o
                0x08000c70                LCDWriteFillMultiData8and16
 .text.LCDWriteFillMultiData16to24
                0x08000d2c       0xb8 ./Core/Src/Lcd/lcdts_io_xpt2046_spi_hal.o
                0x08000d2c                LCDWriteFillMultiData16to24
 .text.LCDReadMultiData8and16
                0x08000de4       0x9c ./Core/Src/Lcd/lcdts_io_xpt2046_spi_hal.o
                0x08000de4                LCDReadMultiData8and16
 .text.LCDReadMultiData24to16
                0x08000e80       0x88 ./Core/Src/Lcd/lcdts_io_xpt2046_spi_hal.o
                0x08000e80                LCDReadMultiData24to16
 .text.LCD_Delay
                0x08000f08       0x16 ./Core/Src/Lcd/lcdts_io_xpt2046_spi_hal.o
                0x08000f08                LCD_Delay
 .text.LCD_IO_Bl_OnOff
                0x08000f1e       0x16 ./Core/Src/Lcd/lcdts_io_xpt2046_spi_hal.o
                0x08000f1e                LCD_IO_Bl_OnOff
 .text.LCD_IO_Init
                0x08000f34       0x50 ./Core/Src/Lcd/lcdts_io_xpt2046_spi_hal.o
                0x08000f34                LCD_IO_Init
 .text.LCD_IO_Transaction
                0x08000f84       0xe8 ./Core/Src/Lcd/lcdts_io_xpt2046_spi_hal.o
                0x08000f84                LCD_IO_Transaction
 .text.BSP_LCD_Init
                0x0800106c       0x48 ./Core/Src/Lcd/stm32_ili9488_lcd.o
                0x0800106c                BSP_LCD_Init
 .text.BSP_LCD_GetXSize
                0x080010b4       0x18 ./Core/Src/Lcd/stm32_ili9488_lcd.o
                0x080010b4                BSP_LCD_GetXSize
 .text.BSP_LCD_GetYSize
                0x080010cc       0x18 ./Core/Src/Lcd/stm32_ili9488_lcd.o
                0x080010cc                BSP_LCD_GetYSize
 .text.BSP_LCD_GetTextColor
                0x080010e4       0x18 ./Core/Src/Lcd/stm32_ili9488_lcd.o
                0x080010e4                BSP_LCD_GetTextColor
 .text.BSP_LCD_SetTextColor
                0x080010fc       0x20 ./Core/Src/Lcd/stm32_ili9488_lcd.o
                0x080010fc                BSP_LCD_SetTextColor
 .text.BSP_LCD_GetFont
                0x0800111c       0x18 ./Core/Src/Lcd/stm32_ili9488_lcd.o
                0x0800111c                BSP_LCD_GetFont
 .text.BSP_LCD_Clear
                0x08001134       0x3c ./Core/Src/Lcd/stm32_ili9488_lcd.o
                0x08001134                BSP_LCD_Clear
 .text.BSP_LCD_ClearStringLine
                0x08001170       0x5c ./Core/Src/Lcd/stm32_ili9488_lcd.o
                0x08001170                BSP_LCD_ClearStringLine
 .text.BSP_LCD_DisplayChar
                0x080011cc       0x54 ./Core/Src/Lcd/stm32_ili9488_lcd.o
                0x080011cc                BSP_LCD_DisplayChar
 .text.BSP_LCD_DisplayStringAt
                0x08001220      0x120 ./Core/Src/Lcd/stm32_ili9488_lcd.o
                0x08001220                BSP_LCD_DisplayStringAt
 .text.BSP_LCD_DisplayStringAtLine
                0x08001340       0x2e ./Core/Src/Lcd/stm32_ili9488_lcd.o
                0x08001340                BSP_LCD_DisplayStringAtLine
 *fill*         0x0800136e        0x2 
 .text.BSP_LCD_FillRect
                0x08001370       0x48 ./Core/Src/Lcd/stm32_ili9488_lcd.o
                0x08001370                BSP_LCD_FillRect
 .text.DrawChar
                0x080013b8      0x140 ./Core/Src/Lcd/stm32_ili9488_lcd.o
 .text.BSP_LCD_DrawRGB16Image
                0x080014f8       0x40 ./Core/Src/Lcd/stm32_ili9488_lcd.o
                0x080014f8                BSP_LCD_DrawRGB16Image
 .text.getGameResult
                0x08001538       0x52 ./Core/Src/main.o
                0x08001538                getGameResult
 *fill*         0x0800158a        0x2 
 .text.getBitMap
                0x0800158c       0x40 ./Core/Src/main.o
                0x0800158c                getBitMap
 .text.displayText
                0x080015cc       0x78 ./Core/Src/main.o
                0x080015cc                displayText
 .text.displayLCD
                0x08001644       0x9c ./Core/Src/main.o
                0x08001644                displayLCD
 .text.XPT2046_ReadValue
                0x080016e0       0x6c ./Core/Src/main.o
                0x080016e0                XPT2046_ReadValue
 .text.HAL_GPIO_EXTI_Callback
                0x0800174c       0x84 ./Core/Src/main.o
                0x0800174c                HAL_GPIO_EXTI_Callback
 .text.move_hand
                0x080017d0      0x18c ./Core/Src/main.o
                0x080017d0                move_hand
 .text.main     0x0800195c      0x190 ./Core/Src/main.o
                0x0800195c                main
 .text.SystemClock_Config
                0x08001aec       0x8e ./Core/Src/main.o
                0x08001aec                SystemClock_Config
 *fill*         0x08001b7a        0x2 
 .text.MX_SPI1_Init
                0x08001b7c       0x7c ./Core/Src/main.o
 .text.MX_TIM1_Init
                0x08001bf8      0x11c ./Core/Src/main.o
 .text.MX_TIM4_Init
                0x08001d14       0xd0 ./Core/Src/main.o
 .text.MX_DMA_Init
                0x08001de4       0x64 ./Core/Src/main.o
 .text.MX_GPIO_Init
                0x08001e48      0x2d8 ./Core/Src/main.o
 .text.Error_Handler
                0x08002120        0xc ./Core/Src/main.o
                0x08002120                Error_Handler
 .text.HAL_MspInit
                0x0800212c       0x48 ./Core/Src/stm32l4xx_hal_msp.o
                0x0800212c                HAL_MspInit
 .text.HAL_SPI_MspInit
                0x08002174      0x14c ./Core/Src/stm32l4xx_hal_msp.o
                0x08002174                HAL_SPI_MspInit
 .text.HAL_TIM_PWM_MspInit
                0x080022c0       0x68 ./Core/Src/stm32l4xx_hal_msp.o
                0x080022c0                HAL_TIM_PWM_MspInit
 .text.HAL_TIM_MspPostInit
                0x08002328       0xfc ./Core/Src/stm32l4xx_hal_msp.o
                0x08002328                HAL_TIM_MspPostInit
 .text.NMI_Handler
                0x08002424        0x8 ./Core/Src/stm32l4xx_it.o
                0x08002424                NMI_Handler
 .text.HardFault_Handler
                0x0800242c        0x8 ./Core/Src/stm32l4xx_it.o
                0x0800242c                HardFault_Handler
 .text.MemManage_Handler
                0x08002434        0x8 ./Core/Src/stm32l4xx_it.o
                0x08002434                MemManage_Handler
 .text.BusFault_Handler
                0x0800243c        0x8 ./Core/Src/stm32l4xx_it.o
                0x0800243c                BusFault_Handler
 .text.UsageFault_Handler
                0x08002444        0x8 ./Core/Src/stm32l4xx_it.o
                0x08002444                UsageFault_Handler
 .text.SVC_Handler
                0x0800244c        0xe ./Core/Src/stm32l4xx_it.o
                0x0800244c                SVC_Handler
 .text.DebugMon_Handler
                0x0800245a        0xe ./Core/Src/stm32l4xx_it.o
                0x0800245a                DebugMon_Handler
 .text.PendSV_Handler
                0x08002468        0xe ./Core/Src/stm32l4xx_it.o
                0x08002468                PendSV_Handler
 .text.SysTick_Handler
                0x08002476        0xc ./Core/Src/stm32l4xx_it.o
                0x08002476                SysTick_Handler
 .text.EXTI0_IRQHandler
                0x08002482        0xe ./Core/Src/stm32l4xx_it.o
                0x08002482                EXTI0_IRQHandler
 .text.DMA1_Channel1_IRQHandler
                0x08002490       0x14 ./Core/Src/stm32l4xx_it.o
                0x08002490                DMA1_Channel1_IRQHandler
 .text.DMA1_Channel2_IRQHandler
                0x080024a4       0x14 ./Core/Src/stm32l4xx_it.o
                0x080024a4                DMA1_Channel2_IRQHandler
 .text.SPI1_IRQHandler
                0x080024b8       0x14 ./Core/Src/stm32l4xx_it.o
                0x080024b8                SPI1_IRQHandler
 .text.SystemInit
                0x080024cc       0x24 ./Core/Src/system_stm32l4xx.o
                0x080024cc                SystemInit
 .text.Reset_Handler
                0x080024f0       0x50 ./Core/Startup/startup_stm32l4r5zitxp.o
                0x080024f0                Reset_Handler
 .text.Default_Handler
                0x08002540        0x2 ./Core/Startup/startup_stm32l4r5zitxp.o
                0x08002540                RTC_Alarm_IRQHandler
                0x08002540                EXTI2_IRQHandler
                0x08002540                TIM8_TRG_COM_IRQHandler
                0x08002540                TIM8_CC_IRQHandler
                0x08002540                TIM1_CC_IRQHandler
                0x08002540                TSC_IRQHandler
                0x08002540                TAMP_STAMP_IRQHandler
                0x08002540                EXTI3_IRQHandler
                0x08002540                LPTIM2_IRQHandler
                0x08002540                DFSDM1_FLT1_IRQHandler
                0x08002540                GFXMMU_IRQHandler
                0x08002540                I2C3_ER_IRQHandler
                0x08002540                DFSDM1_FLT2_IRQHandler
                0x08002540                I2C2_EV_IRQHandler
                0x08002540                CAN1_RX0_IRQHandler
                0x08002540                FPU_IRQHandler
                0x08002540                TIM1_UP_TIM16_IRQHandler
                0x08002540                LTDC_ER_IRQHandler
                0x08002540                OCTOSPI1_IRQHandler
                0x08002540                TIM6_DAC_IRQHandler
                0x08002540                DCMI_IRQHandler
                0x08002540                TIM8_UP_IRQHandler
                0x08002540                OCTOSPI2_IRQHandler
                0x08002540                DMA2_Channel2_IRQHandler
                0x08002540                DMA1_Channel4_IRQHandler
                0x08002540                SAI2_IRQHandler
                0x08002540                ADC1_IRQHandler
                0x08002540                DFSDM1_FLT3_IRQHandler
                0x08002540                USART3_IRQHandler
                0x08002540                DMA1_Channel7_IRQHandler
                0x08002540                CAN1_RX1_IRQHandler
                0x08002540                UART5_IRQHandler
                0x08002540                TIM4_IRQHandler
                0x08002540                DMA2_Channel1_IRQHandler
                0x08002540                I2C1_EV_IRQHandler
                0x08002540                DMAMUX1_OVR_IRQHandler
                0x08002540                DMA1_Channel6_IRQHandler
                0x08002540                UART4_IRQHandler
                0x08002540                DMA2_Channel4_IRQHandler
                0x08002540                TIM3_IRQHandler
                0x08002540                RCC_IRQHandler
                0x08002540                Default_Handler
                0x08002540                DMA2_Channel7_IRQHandler
                0x08002540                EXTI15_10_IRQHandler
                0x08002540                TIM7_IRQHandler
                0x08002540                SDMMC1_IRQHandler
                0x08002540                TIM5_IRQHandler
                0x08002540                I2C3_EV_IRQHandler
                0x08002540                EXTI9_5_IRQHandler
                0x08002540                RTC_WKUP_IRQHandler
                0x08002540                LTDC_IRQHandler
                0x08002540                PVD_PVM_IRQHandler
                0x08002540                SPI2_IRQHandler
                0x08002540                CAN1_TX_IRQHandler
                0x08002540                DMA2_Channel5_IRQHandler
                0x08002540                CRS_IRQHandler
                0x08002540                DMA1_Channel5_IRQHandler
                0x08002540                EXTI4_IRQHandler
                0x08002540                RNG_IRQHandler
                0x08002540                TIM1_TRG_COM_TIM17_IRQHandler
                0x08002540                DMA1_Channel3_IRQHandler
                0x08002540                COMP_IRQHandler
                0x08002540                WWDG_IRQHandler
                0x08002540                I2C4_EV_IRQHandler
                0x08002540                LPUART1_IRQHandler
                0x08002540                DMA2_Channel6_IRQHandler
                0x08002540                TIM2_IRQHandler
                0x08002540                DMA2D_IRQHandler
                0x08002540                EXTI1_IRQHandler
                0x08002540                USART2_IRQHandler
                0x08002540                DFSDM1_FLT0_IRQHandler
                0x08002540                I2C2_ER_IRQHandler
                0x08002540                TIM8_BRK_IRQHandler
                0x08002540                CAN1_SCE_IRQHandler
                0x08002540                FLASH_IRQHandler
                0x08002540                USART1_IRQHandler
                0x08002540                OTG_FS_IRQHandler
                0x08002540                SPI3_IRQHandler
                0x08002540                I2C1_ER_IRQHandler
                0x08002540                FMC_IRQHandler
                0x08002540                LPTIM1_IRQHandler
                0x08002540                I2C4_ER_IRQHandler
                0x08002540                SAI1_IRQHandler
                0x08002540                DMA2_Channel3_IRQHandler
                0x08002540                TIM1_BRK_TIM15_IRQHandler
 .text.HAL_Init
                0x08002542       0x30 ./Drivers/STM32L4xx_HAL_Driver/Src/stm32l4xx_hal.o
                0x08002542                HAL_Init
 *fill*         0x08002572        0x2 
 .text.HAL_InitTick
                0x08002574       0x78 ./Drivers/STM32L4xx_HAL_Driver/Src/stm32l4xx_hal.o
                0x08002574                HAL_InitTick
 .text.HAL_IncTick
                0x080025ec       0x28 ./Drivers/STM32L4xx_HAL_Driver/Src/stm32l4xx_hal.o
                0x080025ec                HAL_IncTick
 .text.HAL_GetTick
                0x08002614       0x18 ./Drivers/STM32L4xx_HAL_Driver/Src/stm32l4xx_hal.o
                0x08002614                HAL_GetTick
 .text.HAL_Delay
                0x0800262c       0x48 ./Drivers/STM32L4xx_HAL_Driver/Src/stm32l4xx_hal.o
                0x0800262c                HAL_Delay
 .text.__NVIC_SetPriorityGrouping
                0x08002674       0x48 ./Drivers/STM32L4xx_HAL_Driver/Src/stm32l4xx_hal_cortex.o
 .text.__NVIC_GetPriorityGrouping
                0x080026bc       0x1c ./Drivers/STM32L4xx_HAL_Driver/Src/stm32l4xx_hal_cortex.o
 .text.__NVIC_EnableIRQ
                0x080026d8       0x3c ./Drivers/STM32L4xx_HAL_Driver/Src/stm32l4xx_hal_cortex.o
 .text.__NVIC_DisableIRQ
                0x08002714       0x48 ./Drivers/STM32L4xx_HAL_Driver/Src/stm32l4xx_hal_cortex.o
 .text.__NVIC_ClearPendingIRQ
                0x0800275c       0x3c ./Drivers/STM32L4xx_HAL_Driver/Src/stm32l4xx_hal_cortex.o
 .text.__NVIC_SetPriority
                0x08002798       0x54 ./Drivers/STM32L4xx_HAL_Driver/Src/stm32l4xx_hal_cortex.o
 .text.NVIC_EncodePriority
                0x080027ec       0x66 ./Drivers/STM32L4xx_HAL_Driver/Src/stm32l4xx_hal_cortex.o
 *fill*         0x08002852        0x2 
 .text.SysTick_Config
                0x08002854       0x44 ./Drivers/STM32L4xx_HAL_Driver/Src/stm32l4xx_hal_cortex.o
 .text.HAL_NVIC_SetPriorityGrouping
                0x08002898       0x16 ./Drivers/STM32L4xx_HAL_Driver/Src/stm32l4xx_hal_cortex.o
                0x08002898                HAL_NVIC_SetPriorityGrouping
 .text.HAL_NVIC_SetPriority
                0x080028ae       0x38 ./Drivers/STM32L4xx_HAL_Driver/Src/stm32l4xx_hal_cortex.o
                0x080028ae                HAL_NVIC_SetPriority
 .text.HAL_NVIC_EnableIRQ
                0x080028e6       0x1c ./Drivers/STM32L4xx_HAL_Driver/Src/stm32l4xx_hal_cortex.o
                0x080028e6                HAL_NVIC_EnableIRQ
 .text.HAL_NVIC_DisableIRQ
                0x08002902       0x1c ./Drivers/STM32L4xx_HAL_Driver/Src/stm32l4xx_hal_cortex.o
                0x08002902                HAL_NVIC_DisableIRQ
 .text.HAL_SYSTICK_Config
                0x0800291e       0x18 ./Drivers/STM32L4xx_HAL_Driver/Src/stm32l4xx_hal_cortex.o
                0x0800291e                HAL_SYSTICK_Config
 .text.HAL_NVIC_ClearPendingIRQ
                0x08002936       0x1c ./Drivers/STM32L4xx_HAL_Driver/Src/stm32l4xx_hal_cortex.o
                0x08002936                HAL_NVIC_ClearPendingIRQ
 *fill*         0x08002952        0x2 
 .text.HAL_DMA_Init
                0x08002954      0x150 ./Drivers/STM32L4xx_HAL_Driver/Src/stm32l4xx_hal_dma.o
                0x08002954                HAL_DMA_Init
 .text.HAL_DMA_Abort_IT
                0x08002aa4       0xbe ./Drivers/STM32L4xx_HAL_Driver/Src/stm32l4xx_hal_dma.o
                0x08002aa4                HAL_DMA_Abort_IT
 .text.HAL_DMA_IRQHandler
                0x08002b62      0x15e ./Drivers/STM32L4xx_HAL_Driver/Src/stm32l4xx_hal_dma.o
                0x08002b62                HAL_DMA_IRQHandler
 .text.DMA_CalcDMAMUXChannelBaseAndMask
                0x08002cc0       0x7c ./Drivers/STM32L4xx_HAL_Driver/Src/stm32l4xx_hal_dma.o
 .text.DMA_CalcDMAMUXRequestGenBaseAndMask
                0x08002d3c       0x48 ./Drivers/STM32L4xx_HAL_Driver/Src/stm32l4xx_hal_dma.o
 .text.HAL_GPIO_Init
                0x08002d84      0x324 ./Drivers/STM32L4xx_HAL_Driver/Src/stm32l4xx_hal_gpio.o
                0x08002d84                HAL_GPIO_Init
 .text.HAL_GPIO_ReadPin
                0x080030a8       0x30 ./Drivers/STM32L4xx_HAL_Driver/Src/stm32l4xx_hal_gpio.o
                0x080030a8                HAL_GPIO_ReadPin
 .text.HAL_GPIO_WritePin
                0x080030d8       0x30 ./Drivers/STM32L4xx_HAL_Driver/Src/stm32l4xx_hal_gpio.o
                0x080030d8                HAL_GPIO_WritePin
 .text.HAL_GPIO_EXTI_IRQHandler
                0x08003108       0x30 ./Drivers/STM32L4xx_HAL_Driver/Src/stm32l4xx_hal_gpio.o
                0x08003108                HAL_GPIO_EXTI_IRQHandler
 .text.HAL_PWREx_GetVoltageRange
                0x08003138       0x40 ./Drivers/STM32L4xx_HAL_Driver/Src/stm32l4xx_hal_pwr_ex.o
                0x08003138                HAL_PWREx_GetVoltageRange
 .text.HAL_PWREx_ControlVoltageScaling
                0x08003178      0x148 ./Drivers/STM32L4xx_HAL_Driver/Src/stm32l4xx_hal_pwr_ex.o
                0x08003178                HAL_PWREx_ControlVoltageScaling
 .text.HAL_PWREx_EnableVddIO2
                0x080032c0       0x20 ./Drivers/STM32L4xx_HAL_Driver/Src/stm32l4xx_hal_pwr_ex.o
                0x080032c0                HAL_PWREx_EnableVddIO2
 .text.HAL_RCC_OscConfig
                0x080032e0      0x834 ./Drivers/STM32L4xx_HAL_Driver/Src/stm32l4xx_hal_rcc.o
                0x080032e0                HAL_RCC_OscConfig
 .text.HAL_RCC_ClockConfig
                0x08003b14      0x274 ./Drivers/STM32L4xx_HAL_Driver/Src/stm32l4xx_hal_rcc.o
                0x08003b14                HAL_RCC_ClockConfig
 .text.HAL_RCC_GetSysClockFreq
                0x08003d88      0x118 ./Drivers/STM32L4xx_HAL_Driver/Src/stm32l4xx_hal_rcc.o
                0x08003d88                HAL_RCC_GetSysClockFreq
 .text.RCC_SetFlashLatencyFromMSIRange
                0x08003ea0       0xb4 ./Drivers/STM32L4xx_HAL_Driver/Src/stm32l4xx_hal_rcc.o
 .text.RCC_GetSysClockFreqFromPLLSource
                0x08003f54       0xcc ./Drivers/STM32L4xx_HAL_Driver/Src/stm32l4xx_hal_rcc.o
 .text.HAL_SPI_Init
                0x08004020      0x146 ./Drivers/STM32L4xx_HAL_Driver/Src/stm32l4xx_hal_spi.o
                0x08004020                HAL_SPI_Init
 .text.HAL_SPI_Transmit
                0x08004166      0x2ec ./Drivers/STM32L4xx_HAL_Driver/Src/stm32l4xx_hal_spi.o
                0x08004166                HAL_SPI_Transmit
 .text.HAL_SPI_Receive
                0x08004452      0x270 ./Drivers/STM32L4xx_HAL_Driver/Src/stm32l4xx_hal_spi.o
                0x08004452                HAL_SPI_Receive
 .text.HAL_SPI_TransmitReceive
                0x080046c2      0x43e ./Drivers/STM32L4xx_HAL_Driver/Src/stm32l4xx_hal_spi.o
                0x080046c2                HAL_SPI_TransmitReceive
 .text.HAL_SPI_IRQHandler
                0x08004b00      0x200 ./Drivers/STM32L4xx_HAL_Driver/Src/stm32l4xx_hal_spi.o
                0x08004b00                HAL_SPI_IRQHandler
 .text.HAL_SPI_ErrorCallback
                0x08004d00       0x14 ./Drivers/STM32L4xx_HAL_Driver/Src/stm32l4xx_hal_spi.o
                0x08004d00                HAL_SPI_ErrorCallback
 .text.SPI_DMAAbortOnError
                0x08004d14       0x2a ./Drivers/STM32L4xx_HAL_Driver/Src/stm32l4xx_hal_spi.o
 *fill*         0x08004d3e        0x2 
 .text.SPI_WaitFlagStateUntilTimeout
                0x08004d40      0x110 ./Drivers/STM32L4xx_HAL_Driver/Src/stm32l4xx_hal_spi.o
 .text.SPI_WaitFifoStateUntilTimeout
                0x08004e50      0x12c ./Drivers/STM32L4xx_HAL_Driver/Src/stm32l4xx_hal_spi.o
 .text.SPI_EndRxTransaction
                0x08004f7c       0xb0 ./Drivers/STM32L4xx_HAL_Driver/Src/stm32l4xx_hal_spi.o
 .text.SPI_EndRxTxTransaction
                0x0800502c       0x8c ./Drivers/STM32L4xx_HAL_Driver/Src/stm32l4xx_hal_spi.o
 .text.HAL_TIM_PWM_Init
                0x080050b8       0xae ./Drivers/STM32L4xx_HAL_Driver/Src/stm32l4xx_hal_tim.o
                0x080050b8                HAL_TIM_PWM_Init
 *fill*         0x08005166        0x2 
 .text.HAL_TIM_PWM_Start
                0x08005168      0x20c ./Drivers/STM32L4xx_HAL_Driver/Src/stm32l4xx_hal_tim.o
                0x08005168                HAL_TIM_PWM_Start
 .text.HAL_TIM_PWM_ConfigChannel
                0x08005374      0x228 ./Drivers/STM32L4xx_HAL_Driver/Src/stm32l4xx_hal_tim.o
                0x08005374                HAL_TIM_PWM_ConfigChannel
 .text.TIM_Base_SetConfig
                0x0800559c      0x14c ./Drivers/STM32L4xx_HAL_Driver/Src/stm32l4xx_hal_tim.o
                0x0800559c                TIM_Base_SetConfig
 .text.TIM_OC1_SetConfig
                0x080056e8      0x120 ./Drivers/STM32L4xx_HAL_Driver/Src/stm32l4xx_hal_tim.o
 .text.TIM_OC2_SetConfig
                0x08005808      0x114 ./Drivers/STM32L4xx_HAL_Driver/Src/stm32l4xx_hal_tim.o
                0x08005808                TIM_OC2_SetConfig
 .text.TIM_OC3_SetConfig
                0x0800591c      0x110 ./Drivers/STM32L4xx_HAL_Driver/Src/stm32l4xx_hal_tim.o
 .text.TIM_OC4_SetConfig
                0x08005a2c       0xd4 ./Drivers/STM32L4xx_HAL_Driver/Src/stm32l4xx_hal_tim.o
 .text.TIM_OC5_SetConfig
                0x08005b00       0xc8 ./Drivers/STM32L4xx_HAL_Driver/Src/stm32l4xx_hal_tim.o
 .text.TIM_OC6_SetConfig
                0x08005bc8       0xcc ./Drivers/STM32L4xx_HAL_Driver/Src/stm32l4xx_hal_tim.o
 .text.TIM_CCxChannelCmd
                0x08005c94       0x4a ./Drivers/STM32L4xx_HAL_Driver/Src/stm32l4xx_hal_tim.o
                0x08005c94                TIM_CCxChannelCmd
 *fill*         0x08005cde        0x2 
 .text.HAL_TIMEx_MasterConfigSynchronization
                0x08005ce0      0x110 ./Drivers/STM32L4xx_HAL_Driver/Src/stm32l4xx_hal_tim_ex.o
                0x08005ce0                HAL_TIMEx_MasterConfigSynchronization
 .text.HAL_TIMEx_ConfigBreakDeadTime
                0x08005df0       0xfc ./Drivers/STM32L4xx_HAL_Driver/Src/stm32l4xx_hal_tim_ex.o
                0x08005df0                HAL_TIMEx_ConfigBreakDeadTime
 .text.memset   0x08005eec       0x10 C:/ST/STM32CubeIDE_1.19.0/STM32CubeIDE/plugins/com.st.stm32cube.ide.mcu.externaltools.gnu-tools-for-stm32.13.3.rel1.win32_1.0.0.202411081344/tools/bin/../lib/gcc/arm-none-eabi/13.3.1/../../../../arm-none-eabi/lib/thumb/v7e-m+fp/hard\libc_nano.a(libc_a-memset.o)
                0x08005eec                memset
 .text.__libc_init_array
                0x08005efc       0x48 C:/ST/STM32CubeIDE_1.19.0/STM32CubeIDE/plugins/com.st.stm32cube.ide.mcu.externaltools.gnu-tools-for-stm32.13.3.rel1.win32_1.0.0.202411081344/tools/bin/../lib/gcc/arm-none-eabi/13.3.1/../../../../arm-none-eabi/lib/thumb/v7e-m+fp/hard\libc_nano.a(libc_a-init.o)
                0x08005efc                __libc_init_array
 *(.glue_7)
 .glue_7        0x08005f44        0x0 linker stubs
 *(.glue_7t)
 .glue_7t       0x08005f44        0x0 linker stubs
 *(.eh_frame)
 .eh_frame      0x08005f44        0x0 C:/ST/STM32CubeIDE_1.19.0/STM32CubeIDE/plugins/com.st.stm32cube.ide.mcu.externaltools.gnu-tools-for-stm32.13.3.rel1.win32_1.0.0.202411081344/tools/bin/../lib/gcc/arm-none-eabi/13.3.1/thumb/v7e-m+fp/hard/crtbegin.o
 *(.init)
 .init          0x08005f44        0x4 C:/ST/STM32CubeIDE_1.19.0/STM32CubeIDE/plugins/com.st.stm32cube.ide.mcu.externaltools.gnu-tools-for-stm32.13.3.rel1.win32_1.0.0.202411081344/tools/bin/../lib/gcc/arm-none-eabi/13.3.1/thumb/v7e-m+fp/hard/crti.o
                0x08005f44                _init
 .init          0x08005f48        0x8 C:/ST/STM32CubeIDE_1.19.0/STM32CubeIDE/plugins/com.st.stm32cube.ide.mcu.externaltools.gnu-tools-for-stm32.13.3.rel1.win32_1.0.0.202411081344/tools/bin/../lib/gcc/arm-none-eabi/13.3.1/thumb/v7e-m+fp/hard/crtn.o
 *(.fini)
 .fini          0x08005f50        0x4 C:/ST/STM32CubeIDE_1.19.0/STM32CubeIDE/plugins/com.st.stm32cube.ide.mcu.externaltools.gnu-tools-for-stm32.13.3.rel1.win32_1.0.0.202411081344/tools/bin/../lib/gcc/arm-none-eabi/13.3.1/thumb/v7e-m+fp/hard/crti.o
                0x08005f50                _fini
 .fini          0x08005f54        0x8 C:/ST/STM32CubeIDE_1.19.0/STM32CubeIDE/plugins/com.st.stm32cube.ide.mcu.externaltools.gnu-tools-for-stm32.13.3.rel1.win32_1.0.0.202411081344/tools/bin/../lib/gcc/arm-none-eabi/13.3.1/thumb/v7e-m+fp/hard/crtn.o
                0x08005f5c                        . = ALIGN (0x4)
                0x08005f5c                        _etext = .

.vfp11_veneer   0x08005f5c        0x0
 .vfp11_veneer  0x08005f5c        0x0 linker stubs

.v4_bx          0x08005f5c        0x0
 .v4_bx         0x08005f5c        0x0 linker stubs

.iplt           0x08005f5c        0x0
 .iplt          0x08005f5c        0x0 C:/ST/STM32CubeIDE_1.19.0/STM32CubeIDE/plugins/com.st.stm32cube.ide.mcu.externaltools.gnu-tools-for-stm32.13.3.rel1.win32_1.0.0.202411081344/tools/bin/../lib/gcc/arm-none-eabi/13.3.1/thumb/v7e-m+fp/hard/crtbegin.o

.rodata         0x08005f5c    0x105cc
                0x08005f5c                        . = ALIGN (0x4)
 *(.rodata)
 .rodata        0x08005f5c       0x49 ./Core/Src/Lcd/ili9488.o
 *fill*         0x08005fa5        0x3 
 .rodata        0x08005fa8       0x21 ./Core/Src/main.o
 *(.rodata*)
 *fill*         0x08005fc9        0x3 
 .rodata.Font24_Table
                0x08005fcc     0x1ab8 ./Core/Src/Lcd/Fonts/font24.o
                0x08005fcc                Font24_Table
 .rodata.EntryRightThenUp
                0x08007a84        0x1 ./Core/Src/Lcd/ili9488.o
                0x08007a84                EntryRightThenUp
 .rodata.EntryRightThenDown
                0x08007a85        0x1 ./Core/Src/Lcd/ili9488.o
                0x08007a85                EntryRightThenDown
 *fill*         0x08007a86        0x2 
 .rodata.paperBitMap
                0x08007a88     0x4e20 ./Core/Src/paper.o
                0x08007a88                paperBitMap
 .rodata.rockBitMap
                0x0800c8a8     0x4e20 ./Core/Src/rock.o
                0x0800c8a8                rockBitMap
 .rodata.scissorBitMap
                0x080116c8     0x4e20 ./Core/Src/scissor.o
                0x080116c8                scissorBitMap
 .rodata.AHBPrescTable
                0x080164e8       0x10 ./Core/Src/system_stm32l4xx.o
                0x080164e8                AHBPrescTable
 .rodata.MSIRangeTable
                0x080164f8       0x30 ./Core/Src/system_stm32l4xx.o
                0x080164f8                MSIRangeTable
                0x08016528                        . = ALIGN (0x4)

.ARM.extab      0x08016528        0x0
                0x08016528                        . = ALIGN (0x4)
 *(.ARM.extab* .gnu.linkonce.armextab.*)
                0x08016528                        . = ALIGN (0x4)

.ARM            0x08016528        0x0
                0x08016528                        . = ALIGN (0x4)
                0x08016528                        __exidx_start = .
 *(.ARM.exidx*)
                0x08016528                        __exidx_end = .
                0x08016528                        . = ALIGN (0x4)

.preinit_array  0x08016528        0x0
                0x08016528                        . = ALIGN (0x4)
                0x08016528                        PROVIDE (__preinit_array_start = .)
 *(.preinit_array*)
                0x08016528                        PROVIDE (__preinit_array_end = .)
                0x08016528                        . = ALIGN (0x4)

.init_array     0x08016528        0x4
                0x08016528                        . = ALIGN (0x4)
                0x08016528                        PROVIDE (__init_array_start = .)
 *(SORT_BY_NAME(.init_array.*))
 *(.init_array*)
 .init_array    0x08016528        0x4 C:/ST/STM32CubeIDE_1.19.0/STM32CubeIDE/plugins/com.st.stm32cube.ide.mcu.externaltools.gnu-tools-for-stm32.13.3.rel1.win32_1.0.0.202411081344/tools/bin/../lib/gcc/arm-none-eabi/13.3.1/thumb/v7e-m+fp/hard/crtbegin.o
                0x0801652c                        PROVIDE (__init_array_end = .)
                0x0801652c                        . = ALIGN (0x4)

.fini_array     0x0801652c        0x4
                0x0801652c                        . = ALIGN (0x4)
                [!provide]                        PROVIDE (__fini_array_start = .)
 *(SORT_BY_NAME(.fini_array.*))
 *(.fini_array*)
 .fini_array    0x0801652c        0x4 C:/ST/STM32CubeIDE_1.19.0/STM32CubeIDE/plugins/com.st.stm32cube.ide.mcu.externaltools.gnu-tools-for-stm32.13.3.rel1.win32_1.0.0.202411081344/tools/bin/../lib/gcc/arm-none-eabi/13.3.1/thumb/v7e-m+fp/hard/crtbegin.o
                [!provide]                        PROVIDE (__fini_array_end = .)
                0x08016530                        . = ALIGN (0x4)
                0x08016530                        _sidata = LOADADDR (.data)

.rel.dyn        0x08016530        0x0
 .rel.iplt      0x08016530        0x0 C:/ST/STM32CubeIDE_1.19.0/STM32CubeIDE/plugins/com.st.stm32cube.ide.mcu.externaltools.gnu-tools-for-stm32.13.3.rel1.win32_1.0.0.202411081344/tools/bin/../lib/gcc/arm-none-eabi/13.3.1/thumb/v7e-m+fp/hard/crtbegin.o

.data           0x20040000       0x68 load address 0x08016530
                0x20040000                        . = ALIGN (0x4)
                0x20040000                        _sdata = .
 *(.data)
 *(.data*)
 .data.Font24   0x20040000        0x8 ./Core/Src/Lcd/Fonts/font24.o
                0x20040000                Font24
 .data.ili9488_drv
                0x20040008       0x48 ./Core/Src/Lcd/ili9488.o
                0x20040008                ili9488_drv
 .data.lcd_drv  0x20040050        0x4 ./Core/Src/Lcd/ili9488.o
                0x20040050                lcd_drv
 .data.LastEntry
                0x20040054        0x1 ./Core/Src/Lcd/ili9488.o
                0x20040054                LastEntry
 *fill*         0x20040055        0x3 
 .data.prevMatch
                0x20040058        0x3 ./Core/Src/main.o
                0x20040058                prevMatch
 *fill*         0x2004005b        0x1 
 .data.SystemCoreClock
                0x2004005c        0x4 ./Core/Src/system_stm32l4xx.o
                0x2004005c                SystemCoreClock
 .data.uwTickPrio
                0x20040060        0x4 ./Drivers/STM32L4xx_HAL_Driver/Src/stm32l4xx_hal.o
                0x20040060                uwTickPrio
 .data.uwTickFreq
                0x20040064        0x1 ./Drivers/STM32L4xx_HAL_Driver/Src/stm32l4xx_hal.o
                0x20040064                uwTickFreq
 *(.RamFunc)
 *(.RamFunc*)
                0x20040068                        . = ALIGN (0x4)
 *fill*         0x20040065        0x3 
                0x20040068                        _edata = .

.igot.plt       0x20040068        0x0 load address 0x08016598
 .igot.plt      0x20040068        0x0 C:/ST/STM32CubeIDE_1.19.0/STM32CubeIDE/plugins/com.st.stm32cube.ide.mcu.externaltools.gnu-tools-for-stm32.13.3.rel1.win32_1.0.0.202411081344/tools/bin/../lib/gcc/arm-none-eabi/13.3.1/thumb/v7e-m+fp/hard/crtbegin.o
                0x20040068                        . = ALIGN (0x4)

.bss            0x20040068      0x500 load address 0x08016598
                0x20040068                        _sbss = .
                0x20040068                        __bss_start__ = _sbss
 *(.bss)
 .bss           0x20040068       0x1c C:/ST/STM32CubeIDE_1.19.0/STM32CubeIDE/plugins/com.st.stm32cube.ide.mcu.externaltools.gnu-tools-for-stm32.13.3.rel1.win32_1.0.0.202411081344/tools/bin/../lib/gcc/arm-none-eabi/13.3.1/thumb/v7e-m+fp/hard/crtbegin.o
 *(.bss*)
 .bss.transdata
                0x20040084        0x4 ./Core/Src/Lcd/ili9488.o
                0x20040084                transdata
 .bss.yStart    0x20040088        0x2 ./Core/Src/Lcd/ili9488.o
 .bss.yEnd      0x2004008a        0x2 ./Core/Src/Lcd/ili9488.o
 .bss.Is_ili9488_Initialized
                0x2004008c        0x1 ./Core/Src/Lcd/ili9488.o
 *fill*         0x2004008d        0x3 
 .bss.scrparam.0
                0x20040090        0x8 ./Core/Src/Lcd/ili9488.o
 .bss.DrawProp  0x20040098        0xc ./Core/Src/Lcd/stm32_ili9488_lcd.o
                0x20040098                DrawProp
 .bss.fontbitmapbuf
                0x200400a4      0x300 ./Core/Src/Lcd/stm32_ili9488_lcd.o
 .bss.hspi1     0x200403a4       0x64 ./Core/Src/main.o
                0x200403a4                hspi1
 .bss.hdma_spi1_rx
                0x20040408       0x60 ./Core/Src/main.o
                0x20040408                hdma_spi1_rx
 .bss.hdma_spi1_tx
                0x20040468       0x60 ./Core/Src/main.o
                0x20040468                hdma_spi1_tx
 .bss.htim1     0x200404c8       0x4c ./Core/Src/main.o
                0x200404c8                htim1
 .bss.htim4     0x20040514       0x4c ./Core/Src/main.o
                0x20040514                htim4
 .bss.xboxsize  0x20040560        0x2 ./Core/Src/main.o
                0x20040560                xboxsize
 *fill*         0x20040562        0x2 
 .bss.uwTick    0x20040564        0x4 ./Drivers/STM32L4xx_HAL_Driver/Src/stm32l4xx_hal.o
                0x20040564                uwTick
 *(COMMON)
                0x20040568                        . = ALIGN (0x4)
                0x20040568                        _ebss = .
                0x20040568                        __bss_end__ = _ebss

._user_heap_stack
                0x20040568      0x600 load address 0x08016598
                0x20040568                        . = ALIGN (0x8)
                [!provide]                        PROVIDE (end = .)
                0x20040568                        PROVIDE (_end = .)
                0x20040768                        . = (. + _Min_Heap_Size)
 *fill*         0x20040568      0x200 
                0x20040b68                        . = (. + _Min_Stack_Size)
 *fill*         0x20040768      0x400 
                0x20040b68                        . = ALIGN (0x8)

/DISCARD/
 libc.a(*)
 libm.a(*)
 libgcc.a(*)

.ARM.attributes
                0x00000000       0x30
 *(.ARM.attributes)
 .ARM.attributes
                0x00000000       0x22 C:/ST/STM32CubeIDE_1.19.0/STM32CubeIDE/plugins/com.st.stm32cube.ide.mcu.externaltools.gnu-tools-for-stm32.13.3.rel1.win32_1.0.0.202411081344/tools/bin/../lib/gcc/arm-none-eabi/13.3.1/thumb/v7e-m+fp/hard/crti.o
 .ARM.attributes
                0x00000022       0x34 C:/ST/STM32CubeIDE_1.19.0/STM32CubeIDE/plugins/com.st.stm32cube.ide.mcu.externaltools.gnu-tools-for-stm32.13.3.rel1.win32_1.0.0.202411081344/tools/bin/../lib/gcc/arm-none-eabi/13.3.1/thumb/v7e-m+fp/hard/crtbegin.o
 .ARM.attributes
                0x00000056       0x34 ./Core/Src/Lcd/Fonts/font24.o
 .ARM.attributes
                0x0000008a       0x34 ./Core/Src/Lcd/ili9488.o
 .ARM.attributes
                0x000000be       0x34 ./Core/Src/Lcd/lcdts_io_xpt2046_spi_hal.o
 .ARM.attributes
                0x000000f2       0x34 ./Core/Src/Lcd/stm32_ili9488_lcd.o
 .ARM.attributes
                0x00000126       0x34 ./Core/Src/main.o
 .ARM.attributes
                0x0000015a       0x34 ./Core/Src/paper.o
 .ARM.attributes
                0x0000018e       0x34 ./Core/Src/rock.o
 .ARM.attributes
                0x000001c2       0x34 ./Core/Src/scissor.o
 .ARM.attributes
                0x000001f6       0x34 ./Core/Src/stm32l4xx_hal_msp.o
 .ARM.attributes
                0x0000022a       0x34 ./Core/Src/stm32l4xx_it.o
 .ARM.attributes
                0x0000025e       0x34 ./Core/Src/system_stm32l4xx.o
 .ARM.attributes
                0x00000292       0x21 ./Core/Startup/startup_stm32l4r5zitxp.o
 .ARM.attributes
                0x000002b3       0x34 ./Drivers/STM32L4xx_HAL_Driver/Src/stm32l4xx_hal.o
 .ARM.attributes
                0x000002e7       0x34 ./Drivers/STM32L4xx_HAL_Driver/Src/stm32l4xx_hal_cortex.o
 .ARM.attributes
                0x0000031b       0x34 ./Drivers/STM32L4xx_HAL_Driver/Src/stm32l4xx_hal_dma.o
 .ARM.attributes
                0x0000034f       0x34 ./Drivers/STM32L4xx_HAL_Driver/Src/stm32l4xx_hal_gpio.o
 .ARM.attributes
                0x00000383       0x34 ./Drivers/STM32L4xx_HAL_Driver/Src/stm32l4xx_hal_pwr_ex.o
 .ARM.attributes
                0x000003b7       0x34 ./Drivers/STM32L4xx_HAL_Driver/Src/stm32l4xx_hal_rcc.o
 .ARM.attributes
                0x000003eb       0x34 ./Drivers/STM32L4xx_HAL_Driver/Src/stm32l4xx_hal_spi.o
 .ARM.attributes
                0x0000041f       0x34 ./Drivers/STM32L4xx_HAL_Driver/Src/stm32l4xx_hal_tim.o
 .ARM.attributes
                0x00000453       0x34 ./Drivers/STM32L4xx_HAL_Driver/Src/stm32l4xx_hal_tim_ex.o
 .ARM.attributes
                0x00000487       0x34 C:/ST/STM32CubeIDE_1.19.0/STM32CubeIDE/plugins/com.st.stm32cube.ide.mcu.externaltools.gnu-tools-for-stm32.13.3.rel1.win32_1.0.0.202411081344/tools/bin/../lib/gcc/arm-none-eabi/13.3.1/../../../../arm-none-eabi/lib/thumb/v7e-m+fp/hard\libc_nano.a(libc_a-memset.o)
 .ARM.attributes
                0x000004bb       0x34 C:/ST/STM32CubeIDE_1.19.0/STM32CubeIDE/plugins/com.st.stm32cube.ide.mcu.externaltools.gnu-tools-for-stm32.13.3.rel1.win32_1.0.0.202411081344/tools/bin/../lib/gcc/arm-none-eabi/13.3.1/../../../../arm-none-eabi/lib/thumb/v7e-m+fp/hard\libc_nano.a(libc_a-init.o)
 .ARM.attributes
                0x000004ef       0x22 C:/ST/STM32CubeIDE_1.19.0/STM32CubeIDE/plugins/com.st.stm32cube.ide.mcu.externaltools.gnu-tools-for-stm32.13.3.rel1.win32_1.0.0.202411081344/tools/bin/../lib/gcc/arm-none-eabi/13.3.1/thumb/v7e-m+fp/hard/crtn.o
OUTPUT(lcd_hand.elf elf32-littlearm)
LOAD linker stubs
LOAD C:/ST/STM32CubeIDE_1.19.0/STM32CubeIDE/plugins/com.st.stm32cube.ide.mcu.externaltools.gnu-tools-for-stm32.13.3.rel1.win32_1.0.0.202411081344/tools/bin/../lib/gcc/arm-none-eabi/13.3.1/../../../../arm-none-eabi/lib/thumb/v7e-m+fp/hard\libc.a
LOAD C:/ST/STM32CubeIDE_1.19.0/STM32CubeIDE/plugins/com.st.stm32cube.ide.mcu.externaltools.gnu-tools-for-stm32.13.3.rel1.win32_1.0.0.202411081344/tools/bin/../lib/gcc/arm-none-eabi/13.3.1/../../../../arm-none-eabi/lib/thumb/v7e-m+fp/hard\libm.a
LOAD C:/ST/STM32CubeIDE_1.19.0/STM32CubeIDE/plugins/com.st.stm32cube.ide.mcu.externaltools.gnu-tools-for-stm32.13.3.rel1.win32_1.0.0.202411081344/tools/bin/../lib/gcc/arm-none-eabi/13.3.1/thumb/v7e-m+fp/hard\libgcc.a

.debug_info     0x00000000    0x1076f
 .debug_info    0x00000000      0x125 ./Core/Src/Lcd/Fonts/font24.o
 .debug_info    0x00000125      0x89a ./Core/Src/Lcd/ili9488.o
 .debug_info    0x000009bf     0x102c ./Core/Src/Lcd/lcdts_io_xpt2046_spi_hal.o
 .debug_info    0x000019eb     0x146e ./Core/Src/Lcd/stm32_ili9488_lcd.o
 .debug_info    0x00002e59     0x1cb6 ./Core/Src/main.o
 .debug_info    0x00004b0f       0xb6 ./Core/Src/paper.o
 .debug_info    0x00004bc5       0xb6 ./Core/Src/rock.o
 .debug_info    0x00004c7b       0xb6 ./Core/Src/scissor.o
 .debug_info    0x00004d31     0x12a9 ./Core/Src/stm32l4xx_hal_msp.o
 .debug_info    0x00005fda      0x7b5 ./Core/Src/stm32l4xx_it.o
 .debug_info    0x0000678f      0x5e9 ./Core/Src/system_stm32l4xx.o
 .debug_info    0x00006d78       0x30 ./Core/Startup/startup_stm32l4r5zitxp.o
 .debug_info    0x00006da8      0xb49 ./Drivers/STM32L4xx_HAL_Driver/Src/stm32l4xx_hal.o
 .debug_info    0x000078f1      0xd99 ./Drivers/STM32L4xx_HAL_Driver/Src/stm32l4xx_hal_cortex.o
 .debug_info    0x0000868a      0x841 ./Drivers/STM32L4xx_HAL_Driver/Src/stm32l4xx_hal_dma.o
 .debug_info    0x00008ecb      0x787 ./Drivers/STM32L4xx_HAL_Driver/Src/stm32l4xx_hal_gpio.o
 .debug_info    0x00009652      0xa0a ./Drivers/STM32L4xx_HAL_Driver/Src/stm32l4xx_hal_pwr_ex.o
 .debug_info    0x0000a05c      0xd32 ./Drivers/STM32L4xx_HAL_Driver/Src/stm32l4xx_hal_rcc.o
 .debug_info    0x0000ad8e     0x165d ./Drivers/STM32L4xx_HAL_Driver/Src/stm32l4xx_hal_spi.o
 .debug_info    0x0000c3eb     0x2bc0 ./Drivers/STM32L4xx_HAL_Driver/Src/stm32l4xx_hal_tim.o
 .debug_info    0x0000efab     0x17c4 ./Drivers/STM32L4xx_HAL_Driver/Src/stm32l4xx_hal_tim_ex.o

.debug_abbrev   0x00000000     0x2800
 .debug_abbrev  0x00000000       0xb1 ./Core/Src/Lcd/Fonts/font24.o
 .debug_abbrev  0x000000b1      0x1c5 ./Core/Src/Lcd/ili9488.o
 .debug_abbrev  0x00000276      0x36a ./Core/Src/Lcd/lcdts_io_xpt2046_spi_hal.o
 .debug_abbrev  0x000005e0      0x2da ./Core/Src/Lcd/stm32_ili9488_lcd.o
 .debug_abbrev  0x000008ba      0x36e ./Core/Src/main.o
 .debug_abbrev  0x00000c28       0x72 ./Core/Src/paper.o
 .debug_abbrev  0x00000c9a       0x72 ./Core/Src/rock.o
 .debug_abbrev  0x00000d0c       0x72 ./Core/Src/scissor.o
 .debug_abbrev  0x00000d7e      0x260 ./Core/Src/stm32l4xx_hal_msp.o
 .debug_abbrev  0x00000fde      0x186 ./Core/Src/stm32l4xx_it.o
 .debug_abbrev  0x00001164      0x11a ./Core/Src/system_stm32l4xx.o
 .debug_abbrev  0x0000127e       0x24 ./Core/Startup/startup_stm32l4r5zitxp.o
 .debug_abbrev  0x000012a2      0x242 ./Drivers/STM32L4xx_HAL_Driver/Src/stm32l4xx_hal.o
 .debug_abbrev  0x000014e4      0x31c ./Drivers/STM32L4xx_HAL_Driver/Src/stm32l4xx_hal_cortex.o
 .debug_abbrev  0x00001800      0x1e2 ./Drivers/STM32L4xx_HAL_Driver/Src/stm32l4xx_hal_dma.o
 .debug_abbrev  0x000019e2      0x1cb ./Drivers/STM32L4xx_HAL_Driver/Src/stm32l4xx_hal_gpio.o
 .debug_abbrev  0x00001bad      0x1f9 ./Drivers/STM32L4xx_HAL_Driver/Src/stm32l4xx_hal_pwr_ex.o
 .debug_abbrev  0x00001da6      0x306 ./Drivers/STM32L4xx_HAL_Driver/Src/stm32l4xx_hal_rcc.o
 .debug_abbrev  0x000020ac      0x25d ./Drivers/STM32L4xx_HAL_Driver/Src/stm32l4xx_hal_spi.o
 .debug_abbrev  0x00002309      0x276 ./Drivers/STM32L4xx_HAL_Driver/Src/stm32l4xx_hal_tim.o
 .debug_abbrev  0x0000257f      0x281 ./Drivers/STM32L4xx_HAL_Driver/Src/stm32l4xx_hal_tim_ex.o

.debug_aranges  0x00000000     0x1168
 .debug_aranges
                0x00000000       0x18 ./Core/Src/Lcd/Fonts/font24.o
 .debug_aranges
                0x00000018       0xa8 ./Core/Src/Lcd/ili9488.o
 .debug_aranges
                0x000000c0       0xd0 ./Core/Src/Lcd/lcdts_io_xpt2046_spi_hal.o
 .debug_aranges
                0x00000190      0x168 ./Core/Src/Lcd/stm32_ili9488_lcd.o
 .debug_aranges
                0x000002f8       0x90 ./Core/Src/main.o
 .debug_aranges
                0x00000388       0x18 ./Core/Src/paper.o
 .debug_aranges
                0x000003a0       0x18 ./Core/Src/rock.o
 .debug_aranges
                0x000003b8       0x18 ./Core/Src/scissor.o
 .debug_aranges
                0x000003d0       0x48 ./Core/Src/stm32l4xx_hal_msp.o
 .debug_aranges
                0x00000418       0x80 ./Core/Src/stm32l4xx_it.o
 .debug_aranges
                0x00000498       0x28 ./Core/Src/system_stm32l4xx.o
 .debug_aranges
                0x000004c0       0x28 ./Core/Startup/startup_stm32l4r5zitxp.o
 .debug_aranges
                0x000004e8      0x130 ./Drivers/STM32L4xx_HAL_Driver/Src/stm32l4xx_hal.o
 .debug_aranges
                0x00000618      0x128 ./Drivers/STM32L4xx_HAL_Driver/Src/stm32l4xx_hal_cortex.o
 .debug_aranges
                0x00000740       0x90 ./Drivers/STM32L4xx_HAL_Driver/Src/stm32l4xx_hal_dma.o
 .debug_aranges
                0x000007d0       0x58 ./Drivers/STM32L4xx_HAL_Driver/Src/stm32l4xx_hal_gpio.o
 .debug_aranges
                0x00000828      0x170 ./Drivers/STM32L4xx_HAL_Driver/Src/stm32l4xx_hal_pwr_ex.o
 .debug_aranges
                0x00000998       0x98 ./Drivers/STM32L4xx_HAL_Driver/Src/stm32l4xx_hal_rcc.o
 .debug_aranges
                0x00000a30      0x1d8 ./Drivers/STM32L4xx_HAL_Driver/Src/stm32l4xx_hal_spi.o
 .debug_aranges
                0x00000c08      0x3e0 ./Drivers/STM32L4xx_HAL_Driver/Src/stm32l4xx_hal_tim.o
 .debug_aranges
                0x00000fe8      0x180 ./Drivers/STM32L4xx_HAL_Driver/Src/stm32l4xx_hal_tim_ex.o

.debug_macro    0x00000000    0x29ebe
 .debug_macro   0x00000000       0x73 ./Core/Src/Lcd/Fonts/font24.o
 .debug_macro   0x00000073      0x3d2 ./Core/Src/Lcd/ili9488.o
 .debug_macro   0x00000445      0x1a7 ./Core/Src/Lcd/ili9488.o
 .debug_macro   0x000005ec       0x2e ./Core/Src/Lcd/ili9488.o
 .debug_macro   0x0000061a       0x28 ./Core/Src/Lcd/ili9488.o
 .debug_macro   0x00000642       0x1c ./Core/Src/Lcd/ili9488.o
 .debug_macro   0x0000065e       0x22 ./Core/Src/Lcd/ili9488.o
 .debug_macro   0x00000680       0xfb ./Core/Src/Lcd/ili9488.o
 .debug_macro   0x0000077b     0x1011 ./Core/Src/Lcd/ili9488.o
 .debug_macro   0x0000178c      0x11f ./Core/Src/Lcd/ili9488.o
 .debug_macro   0x000018ab    0x1cb71 ./Core/Src/Lcd/ili9488.o
 .debug_macro   0x0001e41c       0x6d ./Core/Src/Lcd/ili9488.o
 .debug_macro   0x0001e489     0x3902 ./Core/Src/Lcd/ili9488.o
 .debug_macro   0x00021d8b      0x190 ./Core/Src/Lcd/ili9488.o
 .debug_macro   0x00021f1b       0x5c ./Core/Src/Lcd/ili9488.o
 .debug_macro   0x00021f77     0x1884 ./Core/Src/Lcd/ili9488.o
 .debug_macro   0x000237fb      0x7dc ./Core/Src/Lcd/ili9488.o
 .debug_macro   0x00023fd7      0x1b9 ./Core/Src/Lcd/ili9488.o
 .debug_macro   0x00024190      0x225 ./Core/Src/Lcd/ili9488.o
 .debug_macro   0x000243b5      0x486 ./Core/Src/Lcd/ili9488.o
 .debug_macro   0x0002483b      0x1ce ./Core/Src/Lcd/ili9488.o
 .debug_macro   0x00024a09       0x43 ./Core/Src/Lcd/ili9488.o
 .debug_macro   0x00024a4c      0x23d ./Core/Src/Lcd/ili9488.o
 .debug_macro   0x00024c89      0x241 ./Core/Src/Lcd/ili9488.o
 .debug_macro   0x00024eca      0x416 ./Core/Src/Lcd/ili9488.o
 .debug_macro   0x000252e0       0x1c ./Core/Src/Lcd/ili9488.o
 .debug_macro   0x000252fc       0xf2 ./Core/Src/Lcd/ili9488.o
 .debug_macro   0x000253ee      0x122 ./Core/Src/Lcd/ili9488.o
 .debug_macro   0x00025510      0x3f6 ./Core/Src/Lcd/ili9488.o
 .debug_macro   0x00025906      0x2fe ./Core/Src/Lcd/ili9488.o
 .debug_macro   0x00025c04      0xa98 ./Core/Src/Lcd/ili9488.o
 .debug_macro   0x0002669c      0x196 ./Core/Src/Lcd/ili9488.o
 .debug_macro   0x00026832      0x432 ./Core/Src/Lcd/ili9488.o
 .debug_macro   0x00026c64      0x142 ./Core/Src/Lcd/ili9488.o
 .debug_macro   0x00026da6       0x10 ./Core/Src/Lcd/ili9488.o
 .debug_macro   0x00026db6       0xdc ./Core/Src/Lcd/ili9488.o
 .debug_macro   0x00026e92       0x34 ./Core/Src/Lcd/ili9488.o
 .debug_macro   0x00026ec6      0x38a ./Core/Src/Lcd/lcdts_io_xpt2046_spi_hal.o
 .debug_macro   0x00027250       0x5b ./Core/Src/Lcd/lcdts_io_xpt2046_spi_hal.o
 .debug_macro   0x000272ab       0x2a ./Core/Src/Lcd/lcdts_io_xpt2046_spi_hal.o
 .debug_macro   0x000272d5       0x94 ./Core/Src/Lcd/lcdts_io_xpt2046_spi_hal.o
 .debug_macro   0x00027369       0x43 ./Core/Src/Lcd/lcdts_io_xpt2046_spi_hal.o
 .debug_macro   0x000273ac       0x34 ./Core/Src/Lcd/lcdts_io_xpt2046_spi_hal.o
 .debug_macro   0x000273e0       0x16 ./Core/Src/Lcd/lcdts_io_xpt2046_spi_hal.o
 .debug_macro   0x000273f6       0x57 ./Core/Src/Lcd/lcdts_io_xpt2046_spi_hal.o
 .debug_macro   0x0002744d       0x9e ./Core/Src/Lcd/lcdts_io_xpt2046_spi_hal.o
 .debug_macro   0x000274eb      0x370 ./Core/Src/Lcd/lcdts_io_xpt2046_spi_hal.o
 .debug_macro   0x0002785b      0x112 ./Core/Src/Lcd/lcdts_io_xpt2046_spi_hal.o
 .debug_macro   0x0002796d       0x10 ./Core/Src/Lcd/lcdts_io_xpt2046_spi_hal.o
 .debug_macro   0x0002797d       0x16 ./Core/Src/Lcd/lcdts_io_xpt2046_spi_hal.o
 .debug_macro   0x00027993       0x4a ./Core/Src/Lcd/lcdts_io_xpt2046_spi_hal.o
 .debug_macro   0x000279dd       0x34 ./Core/Src/Lcd/lcdts_io_xpt2046_spi_hal.o
 .debug_macro   0x00027a11       0x10 ./Core/Src/Lcd/lcdts_io_xpt2046_spi_hal.o
 .debug_macro   0x00027a21       0x58 ./Core/Src/Lcd/lcdts_io_xpt2046_spi_hal.o
 .debug_macro   0x00027a79       0x8e ./Core/Src/Lcd/lcdts_io_xpt2046_spi_hal.o
 .debug_macro   0x00027b07       0x1c ./Core/Src/Lcd/lcdts_io_xpt2046_spi_hal.o
 .debug_macro   0x00027b23      0x185 ./Core/Src/Lcd/lcdts_io_xpt2046_spi_hal.o
 .debug_macro   0x00027ca8       0x16 ./Core/Src/Lcd/lcdts_io_xpt2046_spi_hal.o
 .debug_macro   0x00027cbe       0x16 ./Core/Src/Lcd/lcdts_io_xpt2046_spi_hal.o
 .debug_macro   0x00027cd4      0x146 ./Core/Src/Lcd/lcdts_io_xpt2046_spi_hal.o
 .debug_macro   0x00027e1a       0x56 ./Core/Src/Lcd/lcdts_io_xpt2046_spi_hal.o
 .debug_macro   0x00027e70       0x78 ./Core/Src/Lcd/lcdts_io_xpt2046_spi_hal.o
 .debug_macro   0x00027ee8      0x169 ./Core/Src/Lcd/lcdts_io_xpt2046_spi_hal.o
 .debug_macro   0x00028051      0x16f ./Core/Src/Lcd/stm32_ili9488_lcd.o
 .debug_macro   0x000281c0       0x10 ./Core/Src/Lcd/stm32_ili9488_lcd.o
 .debug_macro   0x000281d0       0x3c ./Core/Src/Lcd/stm32_ili9488_lcd.o
 .debug_macro   0x0002820c       0x20 ./Core/Src/Lcd/stm32_ili9488_lcd.o
 .debug_macro   0x0002822c       0x10 ./Core/Src/Lcd/stm32_ili9488_lcd.o
 .debug_macro   0x0002823c       0x8b ./Core/Src/Lcd/stm32_ili9488_lcd.o
 .debug_macro   0x000282c7      0x31c ./Core/Src/main.o
 .debug_macro   0x000285e3       0x61 ./Core/Src/main.o
 .debug_macro   0x00028644       0x16 ./Core/Src/main.o
 .debug_macro   0x0002865a       0x16 ./Core/Src/main.o
 .debug_macro   0x00028670       0x29 ./Core/Src/main.o
 .debug_macro   0x00028699       0x1c ./Core/Src/main.o
 .debug_macro   0x000286b5       0x1c ./Core/Src/main.o
 .debug_macro   0x000286d1       0x6d ./Core/Src/paper.o
 .debug_macro   0x0002873e       0x6d ./Core/Src/rock.o
 .debug_macro   0x000287ab       0x6d ./Core/Src/scissor.o
 .debug_macro   0x00028818      0x1de ./Core/Src/stm32l4xx_hal_msp.o
 .debug_macro   0x000289f6      0x1e8 ./Core/Src/stm32l4xx_it.o
 .debug_macro   0x00028bde      0x1cf ./Core/Src/system_stm32l4xx.o
 .debug_macro   0x00028dad      0x21d ./Drivers/STM32L4xx_HAL_Driver/Src/stm32l4xx_hal.o
 .debug_macro   0x00028fca      0x1cf ./Drivers/STM32L4xx_HAL_Driver/Src/stm32l4xx_hal_cortex.o
 .debug_macro   0x00029199      0x1cf ./Drivers/STM32L4xx_HAL_Driver/Src/stm32l4xx_hal_dma.o
 .debug_macro   0x00029368      0x1d6 ./Drivers/STM32L4xx_HAL_Driver/Src/stm32l4xx_hal_gpio.o
 .debug_macro   0x0002953e      0x1f9 ./Drivers/STM32L4xx_HAL_Driver/Src/stm32l4xx_hal_pwr_ex.o
 .debug_macro   0x00029737      0x211 ./Drivers/STM32L4xx_HAL_Driver/Src/stm32l4xx_hal_rcc.o
 .debug_macro   0x00029948      0x1d7 ./Drivers/STM32L4xx_HAL_Driver/Src/stm32l4xx_hal_spi.o
 .debug_macro   0x00029b1f      0x1d0 ./Drivers/STM32L4xx_HAL_Driver/Src/stm32l4xx_hal_tim.o
 .debug_macro   0x00029cef      0x1cf ./Drivers/STM32L4xx_HAL_Driver/Src/stm32l4xx_hal_tim_ex.o

.debug_line     0x00000000    0x130b7
 .debug_line    0x00000000      0x409 ./Core/Src/Lcd/Fonts/font24.o
 .debug_line    0x00000409      0xaa7 ./Core/Src/Lcd/ili9488.o
 .debug_line    0x00000eb0      0xdbd ./Core/Src/Lcd/lcdts_io_xpt2046_spi_hal.o
 .debug_line    0x00001c6d     0x12f1 ./Core/Src/Lcd/stm32_ili9488_lcd.o
 .debug_line    0x00002f5e      0xf4b ./Core/Src/main.o
 .debug_line    0x00003ea9      0x40b ./Core/Src/paper.o
 .debug_line    0x000042b4      0x40a ./Core/Src/rock.o
 .debug_line    0x000046be      0x40d ./Core/Src/scissor.o
 .debug_line    0x00004acb      0x8bb ./Core/Src/stm32l4xx_hal_msp.o
 .debug_line    0x00005386      0x86e ./Core/Src/stm32l4xx_it.o
 .debug_line    0x00005bf4      0x7fd ./Core/Src/system_stm32l4xx.o
 .debug_line    0x000063f1       0x7a ./Core/Startup/startup_stm32l4r5zitxp.o
 .debug_line    0x0000646b      0xb65 ./Drivers/STM32L4xx_HAL_Driver/Src/stm32l4xx_hal.o
 .debug_line    0x00006fd0      0xd00 ./Drivers/STM32L4xx_HAL_Driver/Src/stm32l4xx_hal_cortex.o
 .debug_line    0x00007cd0      0xea8 ./Drivers/STM32L4xx_HAL_Driver/Src/stm32l4xx_hal_dma.o
 .debug_line    0x00008b78      0xba1 ./Drivers/STM32L4xx_HAL_Driver/Src/stm32l4xx_hal_gpio.o
 .debug_line    0x00009719      0xdbc ./Drivers/STM32L4xx_HAL_Driver/Src/stm32l4xx_hal_pwr_ex.o
 .debug_line    0x0000a4d5     0x11aa ./Drivers/STM32L4xx_HAL_Driver/Src/stm32l4xx_hal_rcc.o
 .debug_line    0x0000b67f     0x2045 ./Drivers/STM32L4xx_HAL_Driver/Src/stm32l4xx_hal_spi.o
 .debug_line    0x0000d6c4     0x3e51 ./Drivers/STM32L4xx_HAL_Driver/Src/stm32l4xx_hal_tim.o
 .debug_line    0x00011515     0x1ba2 ./Drivers/STM32L4xx_HAL_Driver/Src/stm32l4xx_hal_tim_ex.o

.debug_str      0x00000000   0x1072b8
 .debug_str     0x00000000   0x1072b8 ./Core/Src/Lcd/Fonts/font24.o
                               0x3e25 (size before relaxing)
 .debug_str     0x001072b8    0xfdd64 ./Core/Src/Lcd/ili9488.o
 .debug_str     0x001072b8   0x101d9f ./Core/Src/Lcd/lcdts_io_xpt2046_spi_hal.o
 .debug_str     0x001072b8     0x7dd2 ./Core/Src/Lcd/stm32_ili9488_lcd.o
 .debug_str     0x001072b8   0x100fa2 ./Core/Src/main.o
 .debug_str     0x001072b8     0x3da9 ./Core/Src/paper.o
 .debug_str     0x001072b8     0x3da7 ./Core/Src/rock.o
 .debug_str     0x001072b8     0x3dad ./Core/Src/scissor.o
 .debug_str     0x001072b8    0xfccca ./Core/Src/stm32l4xx_hal_msp.o
 .debug_str     0x001072b8    0xfc2b8 ./Core/Src/stm32l4xx_it.o
 .debug_str     0x001072b8    0xfb986 ./Core/Src/system_stm32l4xx.o
 .debug_str     0x001072b8       0x71 ./Core/Startup/startup_stm32l4r5zitxp.o
 .debug_str     0x001072b8    0xfc556 ./Drivers/STM32L4xx_HAL_Driver/Src/stm32l4xx_hal.o
 .debug_str     0x001072b8    0xfc217 ./Drivers/STM32L4xx_HAL_Driver/Src/stm32l4xx_hal_cortex.o
 .debug_str     0x001072b8    0xfbd0e ./Drivers/STM32L4xx_HAL_Driver/Src/stm32l4xx_hal_dma.o
 .debug_str     0x001072b8    0xfbb00 ./Drivers/STM32L4xx_HAL_Driver/Src/stm32l4xx_hal_gpio.o
 .debug_str     0x001072b8    0xfbf59 ./Drivers/STM32L4xx_HAL_Driver/Src/stm32l4xx_hal_pwr_ex.o
 .debug_str     0x001072b8    0xfbff9 ./Drivers/STM32L4xx_HAL_Driver/Src/stm32l4xx_hal_rcc.o
 .debug_str     0x001072b8    0xfc27d ./Drivers/STM32L4xx_HAL_Driver/Src/stm32l4xx_hal_spi.o
 .debug_str     0x001072b8    0xfcda2 ./Drivers/STM32L4xx_HAL_Driver/Src/stm32l4xx_hal_tim.o
 .debug_str     0x001072b8    0xfc6b6 ./Drivers/STM32L4xx_HAL_Driver/Src/stm32l4xx_hal_tim_ex.o

.comment        0x00000000       0x43
 .comment       0x00000000       0x43 ./Core/Src/Lcd/Fonts/font24.o
                                 0x44 (size before relaxing)
 .comment       0x00000043       0x44 ./Core/Src/Lcd/ili9488.o
 .comment       0x00000043       0x44 ./Core/Src/Lcd/lcdts_io_xpt2046_spi_hal.o
 .comment       0x00000043       0x44 ./Core/Src/Lcd/stm32_ili9488_lcd.o
 .comment       0x00000043       0x44 ./Core/Src/main.o
 .comment       0x00000043       0x44 ./Core/Src/paper.o
 .comment       0x00000043       0x44 ./Core/Src/rock.o
 .comment       0x00000043       0x44 ./Core/Src/scissor.o
 .comment       0x00000043       0x44 ./Core/Src/stm32l4xx_hal_msp.o
 .comment       0x00000043       0x44 ./Core/Src/stm32l4xx_it.o
 .comment       0x00000043       0x44 ./Core/Src/system_stm32l4xx.o
 .comment       0x00000043       0x44 ./Drivers/STM32L4xx_HAL_Driver/Src/stm32l4xx_hal.o
 .comment       0x00000043       0x44 ./Drivers/STM32L4xx_HAL_Driver/Src/stm32l4xx_hal_cortex.o
 .comment       0x00000043       0x44 ./Drivers/STM32L4xx_HAL_Driver/Src/stm32l4xx_hal_dma.o
 .comment       0x00000043       0x44 ./Drivers/STM32L4xx_HAL_Driver/Src/stm32l4xx_hal_gpio.o
 .comment       0x00000043       0x44 ./Drivers/STM32L4xx_HAL_Driver/Src/stm32l4xx_hal_pwr_ex.o
 .comment       0x00000043       0x44 ./Drivers/STM32L4xx_HAL_Driver/Src/stm32l4xx_hal_rcc.o
 .comment       0x00000043       0x44 ./Drivers/STM32L4xx_HAL_Driver/Src/stm32l4xx_hal_spi.o
 .comment       0x00000043       0x44 ./Drivers/STM32L4xx_HAL_Driver/Src/stm32l4xx_hal_tim.o
 .comment       0x00000043       0x44 ./Drivers/STM32L4xx_HAL_Driver/Src/stm32l4xx_hal_tim_ex.o

.debug_rnglists
                0x00000000      0xd2f
 .debug_rnglists
                0x00000000       0x80 ./Core/Src/Lcd/ili9488.o
 .debug_rnglists
                0x00000080       0x9f ./Core/Src/Lcd/lcdts_io_xpt2046_spi_hal.o
 .debug_rnglists
                0x0000011f      0x115 ./Core/Src/Lcd/stm32_ili9488_lcd.o
 .debug_rnglists
                0x00000234       0x6f ./Core/Src/main.o
 .debug_rnglists
                0x000002a3       0x33 ./Core/Src/stm32l4xx_hal_msp.o
 .debug_rnglists
                0x000002d6       0x5b ./Core/Src/stm32l4xx_it.o
 .debug_rnglists
                0x00000331       0x1a ./Core/Src/system_stm32l4xx.o
 .debug_rnglists
                0x0000034b       0x19 ./Core/Startup/startup_stm32l4r5zitxp.o
 .debug_rnglists
                0x00000364       0xdf ./Drivers/STM32L4xx_HAL_Driver/Src/stm32l4xx_hal.o
 .debug_rnglists
                0x00000443       0xda ./Drivers/STM32L4xx_HAL_Driver/Src/stm32l4xx_hal_cortex.o
 .debug_rnglists
                0x0000051d       0x71 ./Drivers/STM32L4xx_HAL_Driver/Src/stm32l4xx_hal_dma.o
 .debug_rnglists
                0x0000058e       0x3f ./Drivers/STM32L4xx_HAL_Driver/Src/stm32l4xx_hal_gpio.o
 .debug_rnglists
                0x000005cd      0x115 ./Drivers/STM32L4xx_HAL_Driver/Src/stm32l4xx_hal_pwr_ex.o
 .debug_rnglists
                0x000006e2       0x74 ./Drivers/STM32L4xx_HAL_Driver/Src/stm32l4xx_hal_rcc.o
 .debug_rnglists
                0x00000756      0x178 ./Drivers/STM32L4xx_HAL_Driver/Src/stm32l4xx_hal_spi.o
 .debug_rnglists
                0x000008ce      0x328 ./Drivers/STM32L4xx_HAL_Driver/Src/stm32l4xx_hal_tim.o
 .debug_rnglists
                0x00000bf6      0x139 ./Drivers/STM32L4xx_HAL_Driver/Src/stm32l4xx_hal_tim_ex.o

.debug_frame    0x00000000     0x47b8
 .debug_frame   0x00000000      0x2b4 ./Core/Src/Lcd/ili9488.o
 .debug_frame   0x000002b4      0x358 ./Core/Src/Lcd/lcdts_io_xpt2046_spi_hal.o
 .debug_frame   0x0000060c      0x62c ./Core/Src/Lcd/stm32_ili9488_lcd.o
 .debug_frame   0x00000c38      0x224 ./Core/Src/main.o
 .debug_frame   0x00000e5c       0xf4 ./Core/Src/stm32l4xx_hal_msp.o
 .debug_frame   0x00000f50      0x174 ./Core/Src/stm32l4xx_it.o
 .debug_frame   0x000010c4       0x58 ./Core/Src/system_stm32l4xx.o
 .debug_frame   0x0000111c      0x498 ./Drivers/STM32L4xx_HAL_Driver/Src/stm32l4xx_hal.o
 .debug_frame   0x000015b4      0x4e8 ./Drivers/STM32L4xx_HAL_Driver/Src/stm32l4xx_hal_cortex.o
 .debug_frame   0x00001a9c      0x24c ./Drivers/STM32L4xx_HAL_Driver/Src/stm32l4xx_hal_dma.o
 .debug_frame   0x00001ce8      0x14c ./Drivers/STM32L4xx_HAL_Driver/Src/stm32l4xx_hal_gpio.o
 .debug_frame   0x00001e34      0x5c4 ./Drivers/STM32L4xx_HAL_Driver/Src/stm32l4xx_hal_pwr_ex.o
 .debug_frame   0x000023f8      0x248 ./Drivers/STM32L4xx_HAL_Driver/Src/stm32l4xx_hal_rcc.o
 .debug_frame   0x00002640      0x860 ./Drivers/STM32L4xx_HAL_Driver/Src/stm32l4xx_hal_spi.o
 .debug_frame   0x00002ea0     0x121c ./Drivers/STM32L4xx_HAL_Driver/Src/stm32l4xx_hal_tim.o
 .debug_frame   0x000040bc      0x6b0 ./Drivers/STM32L4xx_HAL_Driver/Src/stm32l4xx_hal_tim_ex.o
 .debug_frame   0x0000476c       0x20 C:/ST/STM32CubeIDE_1.19.0/STM32CubeIDE/plugins/com.st.stm32cube.ide.mcu.externaltools.gnu-tools-for-stm32.13.3.rel1.win32_1.0.0.202411081344/tools/bin/../lib/gcc/arm-none-eabi/13.3.1/../../../../arm-none-eabi/lib/thumb/v7e-m+fp/hard\libc_nano.a(libc_a-memset.o)
 .debug_frame   0x0000478c       0x2c C:/ST/STM32CubeIDE_1.19.0/STM32CubeIDE/plugins/com.st.stm32cube.ide.mcu.externaltools.gnu-tools-for-stm32.13.3.rel1.win32_1.0.0.202411081344/tools/bin/../lib/gcc/arm-none-eabi/13.3.1/../../../../arm-none-eabi/lib/thumb/v7e-m+fp/hard\libc_nano.a(libc_a-init.o)

.debug_line_str
                0x00000000       0x55
 .debug_line_str
                0x00000000       0x55 ./Core/Startup/startup_stm32l4r5zitxp.o
