../Core/Src/main.c:101:12:getGameResult	8
../Core/Src/main.c:111:11:getBitMap	3
../Core/Src/main.c:126:6:displayText	5
../Core/Src/main.c:145:6:displayLCD	4
../Core/Src/main.c:166:10:XPT2046_ReadValue	1
../Core/Src/main.c:185:6:HAL_GPIO_EXTI_Callback	3
../Core/Src/main.c:219:5:main	1
../Core/Src/main.c:304:6:SystemClock_Config	4
../Core/Src/main.c:349:13:MX_SPI1_Init	2
../Core/Src/main.c:387:13:MX_DMA_Init	1
../Core/Src/main.c:409:13:MX_GPIO_Init	1
../Core/Src/main.c:541:6:Error_Handler	1
