../Core/Src/main.c:101:12:getGameResult	16	static
../Core/Src/main.c:111:11:getBitMap	24	static
../Core/Src/main.c:126:6:displayText	16	static
../Core/Src/main.c:145:6:displayLCD	48	static
../Core/Src/main.c:166:10:XPT2046_ReadValue	40	static
../Core/Src/main.c:185:6:HAL_GPIO_EXTI_Callback	24	static
../Core/Src/main.c:219:5:main	32	static
../Core/Src/main.c:304:6:SystemClock_Config	96	static
../Core/Src/main.c:349:13:MX_SPI1_Init	8	static
../Core/Src/main.c:387:13:MX_DMA_Init	16	static
../Core/Src/main.c:409:13:MX_GPIO_Init	56	static
../Core/Src/main.c:541:6:Error_Handler	4	static,ignoring_inline_asm
