../Drivers/STM32L4xx_HAL_Driver/Inc/stm32l4xx_ll_gpio.h:285:22:LL_GPIO_SetPinMode	48	static,ignoring_inline_asm
../Core/Src/Lcd/lcdts_io_xpt2046_spi_hal.c:175:6:LcdDirRead	24	static
../Core/Src/Lcd/lcdts_io_xpt2046_spi_hal.c:197:6:LcdDirWrite	4	static
../Core/Src/Lcd/lcdts_io_xpt2046_spi_hal.c:209:20:LcdSpiMode8	4	static
../Core/Src/Lcd/lcdts_io_xpt2046_spi_hal.c:216:20:LcdSpiMode16	4	static
../Core/Src/Lcd/lcdts_io_xpt2046_spi_hal.c:230:10:LCD_IO_DmaBusy	4	static
../Core/Src/Lcd/lcdts_io_xpt2046_spi_hal.c:343:6:FillConvert16to24	32	static
../Core/Src/Lcd/lcdts_io_xpt2046_spi_hal.c:359:6:BitmapConvert16to24	24	static
../Core/Src/Lcd/lcdts_io_xpt2046_spi_hal.c:374:6:BitmapConvert24to16	32	static
../Core/Src/Lcd/lcdts_io_xpt2046_spi_hal.c:450:6:LCDWriteFillMultiData8and16	32	static
../Core/Src/Lcd/lcdts_io_xpt2046_spi_hal.c:540:6:LCDWriteFillMultiData16to24	32	static
../Core/Src/Lcd/lcdts_io_xpt2046_spi_hal.c:715:6:LCDReadMultiData8and16	32	static
../Core/Src/Lcd/lcdts_io_xpt2046_spi_hal.c:788:6:LCDReadMultiData24to16	32	static
../Core/Src/Lcd/lcdts_io_xpt2046_spi_hal.c:857:6:LCD_Delay	16	static
../Core/Src/Lcd/lcdts_io_xpt2046_spi_hal.c:868:6:LCD_IO_Bl_OnOff	16	static
../Core/Src/Lcd/lcdts_io_xpt2046_spi_hal.c:888:6:LCD_IO_Init	8	static
../Core/Src/Lcd/lcdts_io_xpt2046_spi_hal.c:918:6:LCD_IO_Transaction	24	static
../Core/Src/Lcd/lcdts_io_xpt2046_spi_hal.c:999:6:TS_IO_Delay	16	static
../Core/Src/Lcd/lcdts_io_xpt2046_spi_hal.c:1010:10:TS_IO_Transaction	32	static
../Core/Src/Lcd/lcdts_io_xpt2046_spi_hal.c:1034:9:TS_IO_DetectToch	16	static
../Core/Src/Lcd/lcdts_io_xpt2046_spi_hal.c:1069:6:xpt2046_ts_Init	16	static
../Core/Src/Lcd/lcdts_io_xpt2046_spi_hal.c:1074:9:xpt2046_ts_DetectTouch	40	static
../Core/Src/Lcd/lcdts_io_xpt2046_spi_hal.c:1111:6:xpt2046_ts_GetXY	24	static
