../Core/Src/main.c:97:1:__io_putchar	1
../Core/Src/main.c:107:12:getGameResult	8
../Core/Src/main.c:117:11:getBitMap	3
../Core/Src/main.c:132:6:displayText	5
../Core/Src/main.c:151:6:displayLCD	4
../Core/Src/main.c:219:6:move_hand	23
../Core/Src/main.c:276:5:main	3
../Core/Src/main.c:384:6:SystemClock_Config	4
../Core/Src/main.c:435:13:MX_I2C1_Init	4
../Core/Src/main.c:483:13:MX_LPUART1_UART_Init	5
../Core/Src/main.c:531:13:MX_SPI1_Init	2
../Core/Src/main.c:571:13:MX_TIM1_Init	4
../Core/Src/main.c:618:13:MX_TIM2_Init	6
../Core/Src/main.c:676:13:MX_TIM3_Init	4
../Core/Src/main.c:721:13:MX_TIM4_Init	7
../Core/Src/main.c:784:13:MX_GPIO_Init	1
../Core/Src/main.c:1004:6:Error_Handler	1
