../Core/Src/main.c:80:1:__io_putchar	16	static
../Core/Src/main.c:89:10:update_ccr	16	static
../Core/Src/main.c:99:6:run_test	8	static
../Core/Src/main.c:112:6:move_hand	48	static
../Core/Src/main.c:169:5:main	8	static
../Core/Src/main.c:237:6:SystemClock_Config	96	static
../Core/Src/main.c:282:13:MX_LPUART1_UART_Init	8	static
../Core/Src/main.c:330:13:MX_USART3_UART_Init	8	static
../Core/Src/main.c:378:13:MX_SPI1_Init	8	static
../Core/Src/main.c:418:13:MX_TIM1_Init	96	static
../Core/Src/main.c:487:13:MX_TIM4_Init	48	static
../Core/Src/main.c:539:13:MX_DMA_Init	16	static
../Core/Src/main.c:561:13:MX_GPIO_Init	64	static
../Core/Src/main.c:688:6:Error_Handler	4	static,ignoring_inline_asm
