../Core/Src/main.c:102:1:__io_putchar	1
../Core/Src/main.c:113:12:getGameResult	8
../Core/Src/main.c:123:11:getBitMap	3
../Core/Src/main.c:138:6:displayText	5
../Core/Src/main.c:157:6:displayLCD	1
../Core/Src/main.c:188:6:lcd_countdown	1
../Core/Src/main.c:202:6:fill_buffer	9
../Core/Src/main.c:299:6:move_hand	23
../Core/Src/main.c:356:5:main	7
../Core/Src/main.c:493:6:SystemClock_Config	4
../Core/Src/main.c:544:13:MX_I2C1_Init	4
../Core/Src/main.c:592:13:MX_LPUART1_UART_Init	5
../Core/Src/main.c:640:13:MX_SPI1_Init	2
../Core/Src/main.c:680:13:MX_TIM1_Init	4
../Core/Src/main.c:727:13:MX_TIM2_Init	6
../Core/Src/main.c:785:13:MX_TIM3_Init	4
../Core/Src/main.c:830:13:MX_TIM4_Init	7
../Core/Src/main.c:893:13:MX_GPIO_Init	1
../Core/Src/main.c:1127:6:Error_Handler	1
