../Core/Src/main.c:80:12:getGameResult	16	static
../Core/Src/main.c:90:11:getBitMap	24	static
../Core/Src/main.c:105:6:displayText	16	static
../Core/Src/main.c:124:6:displayLCD	48	static
../Core/Src/main.c:145:10:XPT2046_ReadValue	40	static
../Core/Src/main.c:164:6:HAL_GPIO_EXTI_Callback	24	static
../Core/Src/main.c:192:6:move_hand	16	static
../Core/Src/main.c:250:5:main	32	static
../Core/Src/main.c:361:6:SystemClock_Config	96	static
../Core/Src/main.c:406:13:MX_SPI1_Init	8	static
../Core/Src/main.c:446:13:MX_TIM1_Init	96	static
../Core/Src/main.c:515:13:MX_TIM4_Init	48	static
../Core/Src/main.c:567:13:MX_DMA_Init	16	static
../Core/Src/main.c:589:13:MX_GPIO_Init	64	static
../Core/Src/main.c:732:6:Error_Handler	4	static,ignoring_inline_asm
