../Core/Src/main.c:88:1:__io_putchar	1
../Core/Src/main.c:103:12:getGameResult	8
../Core/Src/main.c:113:17:getBitMap	3
../Core/Src/main.c:128:6:displayText	5
../Core/Src/main.c:147:6:displayLCD	1
../Core/Src/main.c:177:10:update_ccr	3
../Core/Src/main.c:188:6:lcd_countdown	1
../Core/Src/main.c:202:6:move_hand	11
../Core/Src/main.c:253:6:run_all_test	1
../Core/Src/main.c:260:6:run_test	1
../Core/Src/main.c:298:5:main	3
../Core/Src/main.c:378:6:SystemClock_Config	4
../Core/Src/main.c:429:13:MX_LPUART1_UART_Init	5
../Core/Src/main.c:477:13:MX_USART3_UART_Init	5
../Core/Src/main.c:525:13:MX_SPI1_Init	2
../Core/Src/main.c:565:13:MX_TIM1_Init	5
../Core/Src/main.c:634:13:MX_TIM4_Init	5
../Core/Src/main.c:686:13:MX_DMA_Init	1
../Core/Src/main.c:708:13:MX_GPIO_Init	1
../Core/Src/main.c:835:6:Error_Handler	1
