../Core/Src/main.c:88:1:__io_putchar	16	static
../Core/Src/main.c:103:12:getGameResult	16	static
../Core/Src/main.c:113:17:getBitMap	24	static
../Core/Src/main.c:128:6:displayText	16	static
../Core/Src/main.c:147:6:displayLCD	40	static
../Core/Src/main.c:177:10:update_ccr	16	static
../Core/Src/main.c:188:6:lcd_countdown	24	static
../Core/Src/main.c:202:6:move_hand	48	static
../Core/Src/main.c:253:6:run_all_test	8	static
../Core/Src/main.c:260:6:run_test	24	static
../Core/Src/main.c:298:5:main	16	static
../Core/Src/main.c:378:6:SystemClock_Config	96	static
../Core/Src/main.c:429:13:MX_LPUART1_UART_Init	8	static
../Core/Src/main.c:477:13:MX_USART3_UART_Init	8	static
../Core/Src/main.c:525:13:MX_SPI1_Init	8	static
../Core/Src/main.c:565:13:MX_TIM1_Init	96	static
../Core/Src/main.c:634:13:MX_TIM4_Init	48	static
../Core/Src/main.c:686:13:MX_DMA_Init	16	static
../Core/Src/main.c:708:13:MX_GPIO_Init	64	static
../Core/Src/main.c:835:6:Error_Handler	4	static,ignoring_inline_asm
