../Core/Src/main.c:113:1:__io_putchar	16	static
../Core/Src/main.c:124:12:getGameResult	16	static
../Core/Src/main.c:134:17:getBitMap	24	static
../Core/Src/main.c:149:6:displayText	16	static
../Core/Src/main.c:168:6:displayLCD	40	static
../Core/Src/main.c:199:6:lcd_countdown	24	static
../Core/Src/main.c:213:6:fill_buffer	24	static
../Core/Src/main.c:263:6:move_hand	16	static
../Core/Src/main.c:323:6:Audio_Init	16	static
../Core/Src/main.c:339:13:Audio_PlayBuffer	24	static
../Core/Src/main.c:371:6:Audio_PlayRPS	8	static
../Core/Src/main.c:399:6:HAL_DAC_ConvCpltCallbackCh1	16	static
../Core/Src/main.c:415:5:main	400	static
../Core/Src/main.c:658:6:SystemClock_Config	96	static
../Core/Src/main.c:709:13:MX_DAC1_Init	48	static
../Core/Src/main.c:753:13:MX_I2C1_Init	8	static
../Core/Src/main.c:801:13:MX_LPUART1_UART_Init	8	static
../Core/Src/main.c:849:13:MX_USART3_UART_Init	8	static
../Core/Src/main.c:897:13:MX_SPI1_Init	8	static
../Core/Src/main.c:937:13:MX_TIM1_Init	40	static
../Core/Src/main.c:984:13:MX_TIM2_Init	48	static
../Core/Src/main.c:1042:13:MX_TIM3_Init	40	static
../Core/Src/main.c:1087:13:MX_TIM4_Init	64	static
../Core/Src/main.c:1150:13:MX_TIM6_Init	24	static
../Core/Src/main.c:1186:13:MX_DMA_Init	16	static
../Core/Src/main.c:1205:13:MX_GPIO_Init	64	static
../Core/Src/main.c:1429:6:Error_Handler	4	static,ignoring_inline_asm
