../Core/Src/main.c:113:1:__io_putchar	1
../Core/Src/main.c:124:12:getGameResult	8
../Core/Src/main.c:134:17:getBitMap	3
../Core/Src/main.c:149:6:displayText	5
../Core/Src/main.c:168:6:displayLCD	1
../Core/Src/main.c:199:6:lcd_countdown	1
../Core/Src/main.c:213:6:fill_buffer	7
../Core/Src/main.c:263:6:move_hand	23
../Core/Src/main.c:323:6:Audio_Init	2
../Core/Src/main.c:339:13:Audio_PlayBuffer	2
../Core/Src/main.c:371:6:Audio_PlayRPS	1
../Core/Src/main.c:399:6:HAL_DAC_ConvCpltCallbackCh1	2
../Core/Src/main.c:415:5:main	26
../Core/Src/main.c:658:6:SystemClock_Config	4
../Core/Src/main.c:709:13:MX_DAC1_Init	3
../Core/Src/main.c:753:13:MX_I2C1_Init	4
../Core/Src/main.c:801:13:MX_LPUART1_UART_Init	5
../Core/Src/main.c:849:13:MX_USART3_UART_Init	5
../Core/Src/main.c:897:13:MX_SPI1_Init	2
../Core/Src/main.c:937:13:MX_TIM1_Init	4
../Core/Src/main.c:984:13:MX_TIM2_Init	6
../Core/Src/main.c:1042:13:MX_TIM3_Init	4
../Core/Src/main.c:1087:13:MX_TIM4_Init	7
../Core/Src/main.c:1150:13:MX_TIM6_Init	3
../Core/Src/main.c:1186:13:MX_DMA_Init	1
../Core/Src/main.c:1205:13:MX_GPIO_Init	1
../Core/Src/main.c:1429:6:Error_Handler	1
