Archive member included to satisfy reference by file (symbol)

C:/ST/STM32CubeIDE_1.19.0/STM32CubeIDE/plugins/com.st.stm32cube.ide.mcu.externaltools.gnu-tools-for-stm32.13.3.rel1.win32_1.0.0.202411081344/tools/bin/../lib/gcc/arm-none-eabi/13.3.1/../../../../arm-none-eabi/lib/thumb/v7e-m+fp/hard\libc_nano.a(libc_a-exit.o)
                              C:/ST/STM32CubeIDE_1.19.0/STM32CubeIDE/plugins/com.st.stm32cube.ide.mcu.externaltools.gnu-tools-for-stm32.13.3.rel1.win32_1.0.0.202411081344/tools/bin/../lib/gcc/arm-none-eabi/13.3.1/../../../../arm-none-eabi/lib/thumb/v7e-m+fp/hard/crt0.o (exit)
C:/ST/STM32CubeIDE_1.19.0/STM32CubeIDE/plugins/com.st.stm32cube.ide.mcu.externaltools.gnu-tools-for-stm32.13.3.rel1.win32_1.0.0.202411081344/tools/bin/../lib/gcc/arm-none-eabi/13.3.1/../../../../arm-none-eabi/lib/thumb/v7e-m+fp/hard\libc_nano.a(libc_a-rand.o)
                              ./Core/Src/main.o (srand)
C:/ST/STM32CubeIDE_1.19.0/STM32CubeIDE/plugins/com.st.stm32cube.ide.mcu.externaltools.gnu-tools-for-stm32.13.3.rel1.win32_1.0.0.202411081344/tools/bin/../lib/gcc/arm-none-eabi/13.3.1/../../../../arm-none-eabi/lib/thumb/v7e-m+fp/hard\libc_nano.a(libc_a-findfp.o)
                              C:/ST/STM32CubeIDE_1.19.0/STM32CubeIDE/plugins/com.st.stm32cube.ide.mcu.externaltools.gnu-tools-for-stm32.13.3.rel1.win32_1.0.0.202411081344/tools/bin/../lib/gcc/arm-none-eabi/13.3.1/../../../../arm-none-eabi/lib/thumb/v7e-m+fp/hard\libc_nano.a(libc_a-exit.o) (__stdio_exit_handler)
C:/ST/STM32CubeIDE_1.19.0/STM32CubeIDE/plugins/com.st.stm32cube.ide.mcu.externaltools.gnu-tools-for-stm32.13.3.rel1.win32_1.0.0.202411081344/tools/bin/../lib/gcc/arm-none-eabi/13.3.1/../../../../arm-none-eabi/lib/thumb/v7e-m+fp/hard\libc_nano.a(libc_a-fwalk.o)
                              C:/ST/STM32CubeIDE_1.19.0/STM32CubeIDE/plugins/com.st.stm32cube.ide.mcu.externaltools.gnu-tools-for-stm32.13.3.rel1.win32_1.0.0.202411081344/tools/bin/../lib/gcc/arm-none-eabi/13.3.1/../../../../arm-none-eabi/lib/thumb/v7e-m+fp/hard\libc_nano.a(libc_a-findfp.o) (_fwalk_sglue)
C:/ST/STM32CubeIDE_1.19.0/STM32CubeIDE/plugins/com.st.stm32cube.ide.mcu.externaltools.gnu-tools-for-stm32.13.3.rel1.win32_1.0.0.202411081344/tools/bin/../lib/gcc/arm-none-eabi/13.3.1/../../../../arm-none-eabi/lib/thumb/v7e-m+fp/hard\libc_nano.a(libc_a-stdio.o)
                              C:/ST/STM32CubeIDE_1.19.0/STM32CubeIDE/plugins/com.st.stm32cube.ide.mcu.externaltools.gnu-tools-for-stm32.13.3.rel1.win32_1.0.0.202411081344/tools/bin/../lib/gcc/arm-none-eabi/13.3.1/../../../../arm-none-eabi/lib/thumb/v7e-m+fp/hard\libc_nano.a(libc_a-findfp.o) (__sread)
C:/ST/STM32CubeIDE_1.19.0/STM32CubeIDE/plugins/com.st.stm32cube.ide.mcu.externaltools.gnu-tools-for-stm32.13.3.rel1.win32_1.0.0.202411081344/tools/bin/../lib/gcc/arm-none-eabi/13.3.1/../../../../arm-none-eabi/lib/thumb/v7e-m+fp/hard\libc_nano.a(libc_a-memset.o)
                              C:/ST/STM32CubeIDE_1.19.0/STM32CubeIDE/plugins/com.st.stm32cube.ide.mcu.externaltools.gnu-tools-for-stm32.13.3.rel1.win32_1.0.0.202411081344/tools/bin/../lib/gcc/arm-none-eabi/13.3.1/../../../../arm-none-eabi/lib/thumb/v7e-m+fp/hard/crt0.o (memset)
C:/ST/STM32CubeIDE_1.19.0/STM32CubeIDE/plugins/com.st.stm32cube.ide.mcu.externaltools.gnu-tools-for-stm32.13.3.rel1.win32_1.0.0.202411081344/tools/bin/../lib/gcc/arm-none-eabi/13.3.1/../../../../arm-none-eabi/lib/thumb/v7e-m+fp/hard\libc_nano.a(libc_a-closer.o)
                              C:/ST/STM32CubeIDE_1.19.0/STM32CubeIDE/plugins/com.st.stm32cube.ide.mcu.externaltools.gnu-tools-for-stm32.13.3.rel1.win32_1.0.0.202411081344/tools/bin/../lib/gcc/arm-none-eabi/13.3.1/../../../../arm-none-eabi/lib/thumb/v7e-m+fp/hard\libc_nano.a(libc_a-stdio.o) (_close_r)
C:/ST/STM32CubeIDE_1.19.0/STM32CubeIDE/plugins/com.st.stm32cube.ide.mcu.externaltools.gnu-tools-for-stm32.13.3.rel1.win32_1.0.0.202411081344/tools/bin/../lib/gcc/arm-none-eabi/13.3.1/../../../../arm-none-eabi/lib/thumb/v7e-m+fp/hard\libc_nano.a(libc_a-reent.o)
                              C:/ST/STM32CubeIDE_1.19.0/STM32CubeIDE/plugins/com.st.stm32cube.ide.mcu.externaltools.gnu-tools-for-stm32.13.3.rel1.win32_1.0.0.202411081344/tools/bin/../lib/gcc/arm-none-eabi/13.3.1/../../../../arm-none-eabi/lib/thumb/v7e-m+fp/hard\libc_nano.a(libc_a-closer.o) (errno)
C:/ST/STM32CubeIDE_1.19.0/STM32CubeIDE/plugins/com.st.stm32cube.ide.mcu.externaltools.gnu-tools-for-stm32.13.3.rel1.win32_1.0.0.202411081344/tools/bin/../lib/gcc/arm-none-eabi/13.3.1/../../../../arm-none-eabi/lib/thumb/v7e-m+fp/hard\libc_nano.a(libc_a-impure.o)
                              C:/ST/STM32CubeIDE_1.19.0/STM32CubeIDE/plugins/com.st.stm32cube.ide.mcu.externaltools.gnu-tools-for-stm32.13.3.rel1.win32_1.0.0.202411081344/tools/bin/../lib/gcc/arm-none-eabi/13.3.1/../../../../arm-none-eabi/lib/thumb/v7e-m+fp/hard\libc_nano.a(libc_a-rand.o) (_impure_ptr)
[...]
Memory Configuration

Name             Origin             Length             Attributes
RAM              0x20000000         0x00030000         xrw
RAM2             0x10000000         0x00010000         xrw
RAM3             0x20040000         0x00060000         xrw
FLASH            0x08000000         0x00200000         xr
*default*        0x00000000         0xffffffff

Linker script and memory map

LOAD C:/ST/STM32CubeIDE_1.19.0/STM32CubeIDE/plugins/com.st.stm32cube.ide.mcu.externaltools.gnu-tools-for-stm32.13.3.rel1.win32_1.0.0.202411081344/tools/bin/../lib/gcc/arm-none-eabi/13.3.1/thumb/v7e-m+fp/hard/crti.o
LOAD C:/ST/STM32CubeIDE_1.19.0/STM32CubeIDE/plugins/com.st.stm32cube.ide.mcu.externaltools.gnu-tools-for-stm32.13.3.rel1.win32_1.0.0.202411081344/tools/bin/../lib/gcc/arm-none-eabi/13.3.1/thumb/v7e-m+fp/hard/crtbegin.o
LOAD C:/ST/STM32CubeIDE_1.19.0/STM32CubeIDE/plugins/com.st.stm32cube.ide.mcu.externaltools.gnu-tools-for-stm32.13.3.rel1.win32_1.0.0.202411081344/tools/bin/../lib/gcc/arm-none-eabi/13.3.1/../../../../arm-none-eabi/lib/thumb/v7e-m+fp/hard/crt0.o
LOAD ./Core/Src/Lcd/Fonts/font12.o
LOAD ./Core/Src/Lcd/Fonts/font16.o
LOAD ./Core/Src/Lcd/Fonts/font20.o
LOAD ./Core/Src/Lcd/Fonts/font24.o
LOAD ./Core/Src/Lcd/Fonts/font8.o
LOAD ./Core/Src/Lcd/ili9488.o
LOAD ./Core/Src/Lcd/lcdts_io_xpt2046_spi_hal.o
LOAD ./Core/Src/Lcd/stm32_ili9488_lcd.o
LOAD ./Core/Src/Lcd/stm32_ili9488_ts.o
LOAD ./Core/Src/main.o
LOAD ./Core/Src/paper.o
LOAD ./Core/Src/rock.o
LOAD ./Core/Src/scissor.o
LOAD ./Core/Src/stm32l4xx_hal_msp.o
LOAD ./Core/Src/stm32l4xx_it.o
LOAD ./Core/Src/syscalls.o
LOAD ./Core/Src/sysmem.o
LOAD ./Core/Src/system_stm32l4xx.o
LOAD ./Core/Startup/startup_stm32l4r5zitx.o
LOAD ./Drivers/STM32L4xx_HAL_Driver/Src/stm32l4xx_hal.o
LOAD ./Drivers/STM32L4xx_HAL_Driver/Src/stm32l4xx_hal_cortex.o
LOAD ./Drivers/STM32L4xx_HAL_Driver/Src/stm32l4xx_hal_dma.o
LOAD ./Drivers/STM32L4xx_HAL_Driver/Src/stm32l4xx_hal_dma_ex.o
LOAD ./Drivers/STM32L4xx_HAL_Driver/Src/stm32l4xx_hal_exti.o
LOAD ./Drivers/STM32L4xx_HAL_Driver/Src/stm32l4xx_hal_flash.o
LOAD ./Drivers/STM32L4xx_HAL_Driver/Src/stm32l4xx_hal_flash_ex.o
LOAD ./Drivers/STM32L4xx_HAL_Driver/Src/stm32l4xx_hal_flash_ramfunc.o
LOAD ./Drivers/STM32L4xx_HAL_Driver/Src/stm32l4xx_hal_gpio.o
LOAD ./Drivers/STM32L4xx_HAL_Driver/Src/stm32l4xx_hal_i2c.o
LOAD ./Drivers/STM32L4xx_HAL_Driver/Src/stm32l4xx_hal_i2c_ex.o
LOAD ./Drivers/STM32L4xx_HAL_Driver/Src/stm32l4xx_hal_pwr.o
LOAD ./Drivers/STM32L4xx_HAL_Driver/Src/stm32l4xx_hal_pwr_ex.o
LOAD ./Drivers/STM32L4xx_HAL_Driver/Src/stm32l4xx_hal_rcc.o
LOAD ./Drivers/STM32L4xx_HAL_Driver/Src/stm32l4xx_hal_rcc_ex.o
LOAD ./Drivers/STM32L4xx_HAL_Driver/Src/stm32l4xx_hal_spi.o
LOAD ./Drivers/STM32L4xx_HAL_Driver/Src/stm32l4xx_hal_spi_ex.o
START GROUP
LOAD C:/ST/STM32CubeIDE_1.19.0/STM32CubeIDE/plugins/com.st.stm32cube.ide.mcu.externaltools.gnu-tools-for-stm32.13.3.rel1.win32_1.0.0.202411081344/tools/bin/../lib/gcc/arm-none-eabi/13.3.1/../../../../arm-none-eabi/lib/thumb/v7e-m+fp/hard\libc_nano.a
LOAD C:/ST/STM32CubeIDE_1.19.0/STM32CubeIDE/plugins/com.st.stm32cube.ide.mcu.externaltools.gnu-tools-for-stm32.13.3.rel1.win32_1.0.0.202411081344/tools/bin/../lib/gcc/arm-none-eabi/13.3.1/../../../../arm-none-eabi/lib/thumb/v7e-m+fp/hard\libm.a
END GROUP
START GROUP
LOAD C:/ST/STM32CubeIDE_1.19.0/STM32CubeIDE/plugins/com.st.stm32cube.ide.mcu.externaltools.gnu-tools-for-stm32.13.3.rel1.win32_1.0.0.202411081344/tools/bin/../lib/gcc/arm-none-eabi/13.3.1/thumb/v7e-m+fp/hard\libgcc.a
LOAD C:/ST/STM32CubeIDE_1.19.0/STM32CubeIDE/plugins/com.st.stm32cube.ide.mcu.externaltools.gnu-tools-for-stm32.13.3.rel1.win32_1.0.0.202411081344/tools/bin/../lib/gcc/arm-none-eabi/13.3.1/../../../../arm-none-eabi/lib/thumb/v7e-m+fp/hard\libc_nano.a
END GROUP
START GROUP
LOAD C:/ST/STM32CubeIDE_1.19.0/STM32CubeIDE/plugins/com.st.stm32cube.ide.mcu.externaltools.gnu-tools-for-stm32.13.3.rel1.win32_1.0.0.202411081344/tools/bin/../lib/gcc/arm-none-eabi/13.3.1/thumb/v7e-m+fp/hard\libgcc.a
LOAD C:/ST/STM32CubeIDE_1.19.0/STM32CubeIDE/plugins/com.st.stm32cube.ide.mcu.externaltools.gnu-tools-for-stm32.13.3.rel1.win32_1.0.0.202411081344/tools/bin/../lib/gcc/arm-none-eabi/13.3.1/../../../../arm-none-eabi/lib/thumb/v7e-m+fp/hard\libc_nano.a
LOAD C:/ST/STM32CubeIDE_1.19.0/STM32CubeIDE/plugins/com.st.stm32cube.ide.mcu.externaltools.gnu-tools-for-stm32.13.3.rel1.win32_1.0.0.202411081344/tools/bin/../lib/gcc/arm-none-eabi/13.3.1/../../../../arm-none-eabi/lib/thumb/v7e-m+fp/hard\libnosys.a
END GROUP
START GROUP
LOAD C:/ST/STM32CubeIDE_1.19.0/STM32CubeIDE/plugins/com.st.stm32cube.ide.mcu.externaltools.gnu-tools-for-stm32.13.3.rel1.win32_1.0.0.202411081344/tools/bin/../lib/gcc/arm-none-eabi/13.3.1/thumb/v7e-m+fp/hard\libgcc.a
LOAD C:/ST/STM32CubeIDE_1.19.0/STM32CubeIDE/plugins/com.st.stm32cube.ide.mcu.externaltools.gnu-tools-for-stm32.13.3.rel1.win32_1.0.0.202411081344/tools/bin/../lib/gcc/arm-none-eabi/13.3.1/../../../../arm-none-eabi/lib/thumb/v7e-m+fp/hard\libc_nano.a
LOAD C:/ST/STM32CubeIDE_1.19.0/STM32CubeIDE/plugins/com.st.stm32cube.ide.mcu.externaltools.gnu-tools-for-stm32.13.3.rel1.win32_1.0.0.202411081344/tools/bin/../lib/gcc/arm-none-eabi/13.3.1/../../../../arm-none-eabi/lib/thumb/v7e-m+fp/hard\libnosys.a
END GROUP
LOAD C:/ST/STM32CubeIDE_1.19.0/STM32CubeIDE/plugins/com.st.stm32cube.ide.mcu.externaltools.gnu-tools-for-stm32.13.3.rel1.win32_1.0.0.202411081344/tools/bin/../lib/gcc/arm-none-eabi/13.3.1/thumb/v7e-m+fp/hard/crtend.o
LOAD C:/ST/STM32CubeIDE_1.19.0/STM32CubeIDE/plugins/com.st.stm32cube.ide.mcu.externaltools.gnu-tools-for-stm32.13.3.rel1.win32_1.0.0.202411081344/tools/bin/../lib/gcc/arm-none-eabi/13.3.1/thumb/v7e-m+fp/hard/crtn.o
                0x200a0000                        _estack = (ORIGIN (RAM3) + LENGTH (RAM3))
                0x00000200                        _Min_Heap_Size = 0x200
                0x00000400                        _Min_Stack_Size = 0x400

.isr_vector     0x08000000      0x1bc
                0x08000000                        . = ALIGN (0x4)
 *(.isr_vector)
 .isr_vector    0x08000000      0x1bc ./Core/Startup/startup_stm32l4r5zitx.o
                0x08000000                g_pfnVectors
                0x080001bc                        . = ALIGN (0x4)

.text           0x080001c0     0x5f40
                0x080001c0                        . = ALIGN (0x4)
 *(.text)
 .text          0x080001c0       0x40 C:/ST/STM32CubeIDE_1.19.0/STM32CubeIDE/plugins/com.st.stm32cube.ide.mcu.externaltools.gnu-tools-for-stm32.13.3.rel1.win32_1.0.0.202411081344/tools/bin/../lib/gcc/arm-none-eabi/13.3.1/thumb/v7e-m+fp/hard/crtbegin.o
 .text          0x08000200       0xa0 C:/ST/STM32CubeIDE_1.19.0/STM32CubeIDE/plugins/com.st.stm32cube.ide.mcu.externaltools.gnu-tools-for-stm32.13.3.rel1.win32_1.0.0.202411081344/tools/bin/../lib/gcc/arm-none-eabi/13.3.1/../../../../arm-none-eabi/lib/thumb/v7e-m+fp/hard\libc_nano.a(libc_a-memchr.o)
                0x08000200                memchr
 *(.text*)
 .text.ili9488_Init
                0x080002a0      0x1c8 ./Core/Src/Lcd/ili9488.o
                0x080002a0                ili9488_Init
 .text.ili9488_DisplayOn
                0x08000468       0x22 ./Core/Src/Lcd/ili9488.o
                0x08000468                ili9488_DisplayOn
 .text.ili9488_DisplayOff
                0x0800048a       0x22 ./Core/Src/Lcd/ili9488.o
                0x0800048a                ili9488_DisplayOff
 .text.ili9488_GetLcdPixelWidth
                0x080004ac       0x12 ./Core/Src/Lcd/ili9488.o
                0x080004ac                ili9488_GetLcdPixelWidth
 .text.ili9488_GetLcdPixelHeight
                0x080004be       0x12 ./Core/Src/Lcd/ili9488.o
                0x080004be                ili9488_GetLcdPixelHeight
 .text.ili9488_ReadID
                0x080004d0       0x34 ./Core/Src/Lcd/ili9488.o
                0x080004d0                ili9488_ReadID
 .text.ili9488_SetCursor
                0x08000504       0x58 ./Core/Src/Lcd/ili9488.o
                0x08000504                ili9488_SetCursor
 .text.ili9488_WritePixel
                0x0800055c       0x94 ./Core/Src/Lcd/ili9488.o
                0x0800055c                ili9488_WritePixel
 .text.ili9488_ReadPixel
                0x080005f0       0x94 ./Core/Src/Lcd/ili9488.o
                0x080005f0                ili9488_ReadPixel
 .text.ili9488_SetDisplayWindow
                0x08000684       0x94 ./Core/Src/Lcd/ili9488.o
                0x08000684                ili9488_SetDisplayWindow
 .text.ili9488_DrawHLine
                0x08000718       0x5c ./Core/Src/Lcd/ili9488.o
                0x08000718                ili9488_DrawHLine
 .text.ili9488_DrawVLine
                0x08000774       0x60 ./Core/Src/Lcd/ili9488.o
                0x08000774                ili9488_DrawVLine
 .text.ili9488_FillRect
                0x080007d4       0x74 ./Core/Src/Lcd/ili9488.o
                0x080007d4                ili9488_FillRect
 .text.ili9488_DrawBitmap
                0x08000848       0xfc ./Core/Src/Lcd/ili9488.o
                0x08000848                ili9488_DrawBitmap
 .text.ili9488_DrawRGBImage
                0x08000944       0x70 ./Core/Src/Lcd/ili9488.o
                0x08000944                ili9488_DrawRGBImage
 .text.ili9488_ReadRGBImage
                0x080009b4       0x70 ./Core/Src/Lcd/ili9488.o
                0x080009b4                ili9488_ReadRGBImage
 .text.ili9488_Scroll
                0x08000a24       0xc8 ./Core/Src/Lcd/ili9488.o
                0x08000a24                ili9488_Scroll
 .text.ili9488_UserCommand
                0x08000aec       0x8a ./Core/Src/Lcd/ili9488.o
                0x08000aec                ili9488_UserCommand
 .text.LL_GPIO_SetPinMode
                0x08000b76       0x7a ./Core/Src/Lcd/lcdts_io_xpt2046_spi_hal.o
 .text.LcdDirRead
                0x08000bf0       0x90 ./Core/Src/Lcd/lcdts_io_xpt2046_spi_hal.o
                0x08000bf0                LcdDirRead
 .text.LcdDirWrite
                0x08000c80       0x38 ./Core/Src/Lcd/lcdts_io_xpt2046_spi_hal.o
                0x08000c80                LcdDirWrite
 .text.LcdSpiMode8
                0x08000cb8       0x30 ./Core/Src/Lcd/lcdts_io_xpt2046_spi_hal.o
 .text.LcdSpiMode16
                0x08000ce8       0x2c ./Core/Src/Lcd/lcdts_io_xpt2046_spi_hal.o
 .text.LCDWriteFillMultiData8and16
                0x08000d14       0xbc ./Core/Src/Lcd/lcdts_io_xpt2046_spi_hal.o
                0x08000d14                LCDWriteFillMultiData8and16
 .text.LCDWriteFillMultiData16to24
                0x08000dd0       0xb8 ./Core/Src/Lcd/lcdts_io_xpt2046_spi_hal.o
                0x08000dd0                LCDWriteFillMultiData16to24
 .text.LCDReadMultiData8and16
                0x08000e88       0x9c ./Core/Src/Lcd/lcdts_io_xpt2046_spi_hal.o
                0x08000e88                LCDReadMultiData8and16
 .text.LCDReadMultiData24to16
                0x08000f24       0x88 ./Core/Src/Lcd/lcdts_io_xpt2046_spi_hal.o
                0x08000f24                LCDReadMultiData24to16
 .text.LCD_Delay
                0x08000fac       0x16 ./Core/Src/Lcd/lcdts_io_xpt2046_spi_hal.o
                0x08000fac                LCD_Delay
 .text.LCD_IO_Bl_OnOff
                0x08000fc2       0x16 ./Core/Src/Lcd/lcdts_io_xpt2046_spi_hal.o
                0x08000fc2                LCD_IO_Bl_OnOff
 .text.LCD_IO_Init
                0x08000fd8       0x50 ./Core/Src/Lcd/lcdts_io_xpt2046_spi_hal.o
                0x08000fd8                LCD_IO_Init
 .text.LCD_IO_Transaction
                0x08001028       0xe8 ./Core/Src/Lcd/lcdts_io_xpt2046_spi_hal.o
                0x08001028                LCD_IO_Transaction
 .text.TS_IO_Transaction
                0x08001110       0xa0 ./Core/Src/Lcd/lcdts_io_xpt2046_spi_hal.o
                0x08001110                TS_IO_Transaction
 .text.TS_IO_DetectToch
                0x080011b0       0x2c ./Core/Src/Lcd/lcdts_io_xpt2046_spi_hal.o
                0x080011b0                TS_IO_DetectToch
 .text.xpt2046_ts_Init
                0x080011dc       0x16 ./Core/Src/Lcd/lcdts_io_xpt2046_spi_hal.o
                0x080011dc                xpt2046_ts_Init
 *fill*         0x080011f2        0x2 
 .text.xpt2046_ts_DetectTouch
                0x080011f4       0xd0 ./Core/Src/Lcd/lcdts_io_xpt2046_spi_hal.o
                0x080011f4                xpt2046_ts_DetectTouch
 .text.xpt2046_ts_GetXY
                0x080012c4       0x34 ./Core/Src/Lcd/lcdts_io_xpt2046_spi_hal.o
                0x080012c4                xpt2046_ts_GetXY
 .text.BSP_LCD_Init
                0x080012f8       0x48 ./Core/Src/Lcd/stm32_ili9488_lcd.o
                0x080012f8                BSP_LCD_Init
 .text.BSP_LCD_GetXSize
                0x08001340       0x18 ./Core/Src/Lcd/stm32_ili9488_lcd.o
                0x08001340                BSP_LCD_GetXSize
 .text.BSP_LCD_GetYSize
                0x08001358       0x18 ./Core/Src/Lcd/stm32_ili9488_lcd.o
                0x08001358                BSP_LCD_GetYSize
 .text.BSP_LCD_GetTextColor
                0x08001370       0x18 ./Core/Src/Lcd/stm32_ili9488_lcd.o
                0x08001370                BSP_LCD_GetTextColor
 .text.BSP_LCD_SetTextColor
                0x08001388       0x20 ./Core/Src/Lcd/stm32_ili9488_lcd.o
                0x08001388                BSP_LCD_SetTextColor
 .text.BSP_LCD_GetFont
                0x080013a8       0x18 ./Core/Src/Lcd/stm32_ili9488_lcd.o
                0x080013a8                BSP_LCD_GetFont
 .text.BSP_LCD_Clear
                0x080013c0       0x3c ./Core/Src/Lcd/stm32_ili9488_lcd.o
                0x080013c0                BSP_LCD_Clear
 .text.BSP_LCD_ClearStringLine
                0x080013fc       0x5c ./Core/Src/Lcd/stm32_ili9488_lcd.o
                0x080013fc                BSP_LCD_ClearStringLine
 .text.BSP_LCD_DisplayChar
                0x08001458       0x54 ./Core/Src/Lcd/stm32_ili9488_lcd.o
                0x08001458                BSP_LCD_DisplayChar
 .text.BSP_LCD_DisplayStringAt
                0x080014ac      0x120 ./Core/Src/Lcd/stm32_ili9488_lcd.o
                0x080014ac                BSP_LCD_DisplayStringAt
 .text.BSP_LCD_DisplayStringAtLine
                0x080015cc       0x2e ./Core/Src/Lcd/stm32_ili9488_lcd.o
                0x080015cc                BSP_LCD_DisplayStringAtLine
 *fill*         0x080015fa        0x2 
 .text.BSP_LCD_DrawHLine
                0x080015fc       0x38 ./Core/Src/Lcd/stm32_ili9488_lcd.o
                0x080015fc                BSP_LCD_DrawHLine
 .text.BSP_LCD_DrawVLine
                0x08001634       0x38 ./Core/Src/Lcd/stm32_ili9488_lcd.o
                0x08001634                BSP_LCD_DrawVLine
 .text.BSP_LCD_DrawRect
                0x0800166c       0x6a ./Core/Src/Lcd/stm32_ili9488_lcd.o
                0x0800166c                BSP_LCD_DrawRect
 *fill*         0x080016d6        0x2 
 .text.BSP_LCD_FillRect
                0x080016d8       0x48 ./Core/Src/Lcd/stm32_ili9488_lcd.o
                0x080016d8                BSP_LCD_FillRect
 .text.DrawChar
                0x08001720      0x140 ./Core/Src/Lcd/stm32_ili9488_lcd.o
 .text.BSP_LCD_DrawRGB16Image
                0x08001860       0x40 ./Core/Src/Lcd/stm32_ili9488_lcd.o
                0x08001860                BSP_LCD_DrawRGB16Image
 .text.BSP_TS_Init
                0x080018a0       0x54 ./Core/Src/Lcd/stm32_ili9488_ts.o
                0x080018a0                BSP_TS_Init
 .text.getGameResult
                0x080018f4       0x52 ./Core/Src/main.o
                0x080018f4                getGameResult
 *fill*         0x08001946        0x2 
 .text.getBitMap
                0x08001948       0x40 ./Core/Src/main.o
                0x08001948                getBitMap
 .text.displayText
                0x08001988       0x78 ./Core/Src/main.o
                0x08001988                displayText
 .text.displayLCD
                0x08001a00       0x9c ./Core/Src/main.o
                0x08001a00                displayLCD
 .text.XPT2046_ReadValue
                0x08001a9c       0x6c ./Core/Src/main.o
                0x08001a9c                XPT2046_ReadValue
 .text.HAL_GPIO_EXTI_Callback
                0x08001b08       0x70 ./Core/Src/main.o
                0x08001b08                HAL_GPIO_EXTI_Callback
 .text.main     0x08001b78      0x19c ./Core/Src/main.o
                0x08001b78                main
 .text.SystemClock_Config
                0x08001d14       0x8e ./Core/Src/main.o
                0x08001d14                SystemClock_Config
 *fill*         0x08001da2        0x2 
 .text.MX_SPI1_Init
                0x08001da4       0x7c ./Core/Src/main.o
 .text.MX_DMA_Init
                0x08001e20       0x64 ./Core/Src/main.o
 .text.MX_GPIO_Init
                0x08001e84      0x290 ./Core/Src/main.o
 .text.Error_Handler
                0x08002114        0xc ./Core/Src/main.o
                0x08002114                Error_Handler
 .text.HAL_MspInit
                0x08002120       0x48 ./Core/Src/stm32l4xx_hal_msp.o
                0x08002120                HAL_MspInit
 .text.HAL_SPI_MspInit
                0x08002168      0x14c ./Core/Src/stm32l4xx_hal_msp.o
                0x08002168                HAL_SPI_MspInit
 .text.NMI_Handler
                0x080022b4        0x8 ./Core/Src/stm32l4xx_it.o
                0x080022b4                NMI_Handler
 .text.HardFault_Handler
                0x080022bc        0x8 ./Core/Src/stm32l4xx_it.o
                0x080022bc                HardFault_Handler
 .text.MemManage_Handler
                0x080022c4        0x8 ./Core/Src/stm32l4xx_it.o
                0x080022c4                MemManage_Handler
 .text.BusFault_Handler
                0x080022cc        0x8 ./Core/Src/stm32l4xx_it.o
                0x080022cc                BusFault_Handler
 .text.UsageFault_Handler
                0x080022d4        0x8 ./Core/Src/stm32l4xx_it.o
                0x080022d4                UsageFault_Handler
 .text.SVC_Handler
                0x080022dc        0xe ./Core/Src/stm32l4xx_it.o
                0x080022dc                SVC_Handler
 .text.DebugMon_Handler
                0x080022ea        0xe ./Core/Src/stm32l4xx_it.o
                0x080022ea                DebugMon_Handler
 .text.PendSV_Handler
                0x080022f8        0xe ./Core/Src/stm32l4xx_it.o
                0x080022f8                PendSV_Handler
 .text.SysTick_Handler
                0x08002306        0xc ./Core/Src/stm32l4xx_it.o
                0x08002306                SysTick_Handler
 .text.EXTI0_IRQHandler
                0x08002312        0xe ./Core/Src/stm32l4xx_it.o
                0x08002312                EXTI0_IRQHandler
 .text.DMA1_Channel1_IRQHandler
                0x08002320       0x14 ./Core/Src/stm32l4xx_it.o
                0x08002320                DMA1_Channel1_IRQHandler
 .text.DMA1_Channel2_IRQHandler
                0x08002334       0x14 ./Core/Src/stm32l4xx_it.o
                0x08002334                DMA1_Channel2_IRQHandler
 .text.SPI1_IRQHandler
                0x08002348       0x14 ./Core/Src/stm32l4xx_it.o
                0x08002348                SPI1_IRQHandler
 .text._getpid  0x0800235c       0x10 ./Core/Src/syscalls.o
                0x0800235c                _getpid
 .text._kill    0x0800236c       0x20 ./Core/Src/syscalls.o
                0x0800236c                _kill
 .text._exit    0x0800238c       0x16 ./Core/Src/syscalls.o
                0x0800238c                _exit
 .text._read    0x080023a2       0x3a ./Core/Src/syscalls.o
                0x080023a2                _read
 .text._write   0x080023dc       0x38 ./Core/Src/syscalls.o
                0x080023dc                _write
 .text._close   0x08002414       0x18 ./Core/Src/syscalls.o
                0x08002414                _close
 .text._fstat   0x0800242c       0x20 ./Core/Src/syscalls.o
                0x0800242c                _fstat
 .text._isatty  0x0800244c       0x16 ./Core/Src/syscalls.o
                0x0800244c                _isatty
 .text._lseek   0x08002462       0x1a ./Core/Src/syscalls.o
                0x08002462                _lseek
 .text._sbrk    0x0800247c       0x6c ./Core/Src/sysmem.o
                0x0800247c                _sbrk
 .text.SystemInit
                0x080024e8       0x24 ./Core/Src/system_stm32l4xx.o
                0x080024e8                SystemInit
 .text.Reset_Handler
                0x0800250c       0x50 ./Core/Startup/startup_stm32l4r5zitx.o
                0x0800250c                Reset_Handler
 .text.Default_Handler
                0x0800255c        0x2 ./Core/Startup/startup_stm32l4r5zitx.o
                0x0800255c                RTC_Alarm_IRQHandler
                0x0800255c                EXTI2_IRQHandler
                0x0800255c                TIM8_TRG_COM_IRQHandler
                0x0800255c                TIM8_CC_IRQHandler
                0x0800255c                TIM1_CC_IRQHandler
                0x0800255c                TSC_IRQHandler
                0x0800255c                TAMP_STAMP_IRQHandler
                0x0800255c                EXTI3_IRQHandler
                0x0800255c                LPTIM2_IRQHandler
                0x0800255c                DFSDM1_FLT1_IRQHandler
                0x0800255c                GFXMMU_IRQHandler
                0x0800255c                I2C3_ER_IRQHandler
                0x0800255c                DFSDM1_FLT2_IRQHandler
                0x0800255c                I2C2_EV_IRQHandler
                0x0800255c                CAN1_RX0_IRQHandler
                0x0800255c                FPU_IRQHandler
                0x0800255c                TIM1_UP_TIM16_IRQHandler
                0x0800255c                LTDC_ER_IRQHandler
                0x0800255c                OCTOSPI1_IRQHandler
                0x0800255c                TIM6_DAC_IRQHandler
                0x0800255c                DCMI_IRQHandler
                0x0800255c                TIM8_UP_IRQHandler
                0x0800255c                OCTOSPI2_IRQHandler
                0x0800255c                DMA2_Channel2_IRQHandler
                0x0800255c                DMA1_Channel4_IRQHandler
                0x0800255c                SAI2_IRQHandler
                0x0800255c                ADC1_IRQHandler
                0x0800255c                DFSDM1_FLT3_IRQHandler
                0x0800255c                USART3_IRQHandler
                0x0800255c                DMA1_Channel7_IRQHandler
                0x0800255c                CAN1_RX1_IRQHandler
                0x0800255c                UART5_IRQHandler
                0x0800255c                TIM4_IRQHandler
                0x0800255c                DMA2_Channel1_IRQHandler
                0x0800255c                I2C1_EV_IRQHandler
                0x0800255c                DMAMUX1_OVR_IRQHandler
                0x0800255c                DMA1_Channel6_IRQHandler
                0x0800255c                UART4_IRQHandler
                0x0800255c                DMA2_Channel4_IRQHandler
                0x0800255c                TIM3_IRQHandler
                0x0800255c                RCC_IRQHandler
                0x0800255c                Default_Handler
                0x0800255c                DMA2_Channel7_IRQHandler
                0x0800255c                EXTI15_10_IRQHandler
                0x0800255c                TIM7_IRQHandler
                0x0800255c                SDMMC1_IRQHandler
                0x0800255c                TIM5_IRQHandler
                0x0800255c                I2C3_EV_IRQHandler
                0x0800255c                EXTI9_5_IRQHandler
                0x0800255c                RTC_WKUP_IRQHandler
                0x0800255c                LTDC_IRQHandler
                0x0800255c                PVD_PVM_IRQHandler
                0x0800255c                SPI2_IRQHandler
                0x0800255c                CAN1_TX_IRQHandler
                0x0800255c                DMA2_Channel5_IRQHandler
                0x0800255c                CRS_IRQHandler
                0x0800255c                DMA1_Channel5_IRQHandler
                0x0800255c                EXTI4_IRQHandler
                0x0800255c                RNG_IRQHandler
                0x0800255c                TIM1_TRG_COM_TIM17_IRQHandler
                0x0800255c                DMA1_Channel3_IRQHandler
                0x0800255c                COMP_IRQHandler
                0x0800255c                WWDG_IRQHandler
                0x0800255c                I2C4_EV_IRQHandler
                0x0800255c                LPUART1_IRQHandler
                0x0800255c                DMA2_Channel6_IRQHandler
                0x0800255c                TIM2_IRQHandler
                0x0800255c                DMA2D_IRQHandler
                0x0800255c                EXTI1_IRQHandler
                0x0800255c                USART2_IRQHandler
                0x0800255c                DFSDM1_FLT0_IRQHandler
                0x0800255c                I2C2_ER_IRQHandler
                0x0800255c                TIM8_BRK_IRQHandler
                0x0800255c                CAN1_SCE_IRQHandler
                0x0800255c                FLASH_IRQHandler
                0x0800255c                USART1_IRQHandler
                0x0800255c                OTG_FS_IRQHandler
                0x0800255c                SPI3_IRQHandler
                0x0800255c                I2C1_ER_IRQHandler
                0x0800255c                FMC_IRQHandler
                0x0800255c                LPTIM1_IRQHandler
                0x0800255c                I2C4_ER_IRQHandler
                0x0800255c                SAI1_IRQHandler
                0x0800255c                DMA2_Channel3_IRQHandler
                0x0800255c                TIM1_BRK_TIM15_IRQHandler
 .text.HAL_Init
                0x0800255e       0x30 ./Drivers/STM32L4xx_HAL_Driver/Src/stm32l4xx_hal.o
                0x0800255e                HAL_Init
 *fill*         0x0800258e        0x2 
 .text.HAL_InitTick
                0x08002590       0x78 ./Drivers/STM32L4xx_HAL_Driver/Src/stm32l4xx_hal.o
                0x08002590                HAL_InitTick
 .text.HAL_IncTick
                0x08002608       0x28 ./Drivers/STM32L4xx_HAL_Driver/Src/stm32l4xx_hal.o
                0x08002608                HAL_IncTick
 .text.HAL_GetTick
                0x08002630       0x18 ./Drivers/STM32L4xx_HAL_Driver/Src/stm32l4xx_hal.o
                0x08002630                HAL_GetTick
 .text.HAL_Delay
                0x08002648       0x48 ./Drivers/STM32L4xx_HAL_Driver/Src/stm32l4xx_hal.o
                0x08002648                HAL_Delay
 .text.__NVIC_SetPriorityGrouping
                0x08002690       0x48 ./Drivers/STM32L4xx_HAL_Driver/Src/stm32l4xx_hal_cortex.o
 .text.__NVIC_GetPriorityGrouping
                0x080026d8       0x1c ./Drivers/STM32L4xx_HAL_Driver/Src/stm32l4xx_hal_cortex.o
 .text.__NVIC_EnableIRQ
                0x080026f4       0x3c ./Drivers/STM32L4xx_HAL_Driver/Src/stm32l4xx_hal_cortex.o
 .text.__NVIC_DisableIRQ
                0x08002730       0x48 ./Drivers/STM32L4xx_HAL_Driver/Src/stm32l4xx_hal_cortex.o
 .text.__NVIC_ClearPendingIRQ
                0x08002778       0x3c ./Drivers/STM32L4xx_HAL_Driver/Src/stm32l4xx_hal_cortex.o
 .text.__NVIC_SetPriority
                0x080027b4       0x54 ./Drivers/STM32L4xx_HAL_Driver/Src/stm32l4xx_hal_cortex.o
 .text.NVIC_EncodePriority
                0x08002808       0x66 ./Drivers/STM32L4xx_HAL_Driver/Src/stm32l4xx_hal_cortex.o
 *fill*         0x0800286e        0x2 
 .text.SysTick_Config
                0x08002870       0x44 ./Drivers/STM32L4xx_HAL_Driver/Src/stm32l4xx_hal_cortex.o
 .text.HAL_NVIC_SetPriorityGrouping
                0x080028b4       0x16 ./Drivers/STM32L4xx_HAL_Driver/Src/stm32l4xx_hal_cortex.o
                0x080028b4                HAL_NVIC_SetPriorityGrouping
 .text.HAL_NVIC_SetPriority
                0x080028ca       0x38 ./Drivers/STM32L4xx_HAL_Driver/Src/stm32l4xx_hal_cortex.o
                0x080028ca                HAL_NVIC_SetPriority
 .text.HAL_NVIC_EnableIRQ
                0x08002902       0x1c ./Drivers/STM32L4xx_HAL_Driver/Src/stm32l4xx_hal_cortex.o
                0x08002902                HAL_NVIC_EnableIRQ
 .text.HAL_NVIC_DisableIRQ
                0x0800291e       0x1c ./Drivers/STM32L4xx_HAL_Driver/Src/stm32l4xx_hal_cortex.o
                0x0800291e                HAL_NVIC_DisableIRQ
 .text.HAL_SYSTICK_Config
                0x0800293a       0x18 ./Drivers/STM32L4xx_HAL_Driver/Src/stm32l4xx_hal_cortex.o
                0x0800293a                HAL_SYSTICK_Config
 .text.HAL_NVIC_ClearPendingIRQ
                0x08002952       0x1c ./Drivers/STM32L4xx_HAL_Driver/Src/stm32l4xx_hal_cortex.o
                0x08002952                HAL_NVIC_ClearPendingIRQ
 *fill*         0x0800296e        0x2 
 .text.HAL_DMA_Init
                0x08002970      0x150 ./Drivers/STM32L4xx_HAL_Driver/Src/stm32l4xx_hal_dma.o
                0x08002970                HAL_DMA_Init
 .text.HAL_DMA_Abort_IT
                0x08002ac0       0xbe ./Drivers/STM32L4xx_HAL_Driver/Src/stm32l4xx_hal_dma.o
                0x08002ac0                HAL_DMA_Abort_IT
 .text.HAL_DMA_IRQHandler
                0x08002b7e      0x15e ./Drivers/STM32L4xx_HAL_Driver/Src/stm32l4xx_hal_dma.o
                0x08002b7e                HAL_DMA_IRQHandler
 .text.DMA_CalcDMAMUXChannelBaseAndMask
                0x08002cdc       0x7c ./Drivers/STM32L4xx_HAL_Driver/Src/stm32l4xx_hal_dma.o
 .text.DMA_CalcDMAMUXRequestGenBaseAndMask
                0x08002d58       0x48 ./Drivers/STM32L4xx_HAL_Driver/Src/stm32l4xx_hal_dma.o
 .text.HAL_GPIO_Init
                0x08002da0      0x324 ./Drivers/STM32L4xx_HAL_Driver/Src/stm32l4xx_hal_gpio.o
                0x08002da0                HAL_GPIO_Init
 .text.HAL_GPIO_ReadPin
                0x080030c4       0x30 ./Drivers/STM32L4xx_HAL_Driver/Src/stm32l4xx_hal_gpio.o
                0x080030c4                HAL_GPIO_ReadPin
 .text.HAL_GPIO_WritePin
                0x080030f4       0x30 ./Drivers/STM32L4xx_HAL_Driver/Src/stm32l4xx_hal_gpio.o
                0x080030f4                HAL_GPIO_WritePin
 .text.HAL_GPIO_EXTI_IRQHandler
                0x08003124       0x30 ./Drivers/STM32L4xx_HAL_Driver/Src/stm32l4xx_hal_gpio.o
                0x08003124                HAL_GPIO_EXTI_IRQHandler
 .text.HAL_PWREx_GetVoltageRange
                0x08003154       0x40 ./Drivers/STM32L4xx_HAL_Driver/Src/stm32l4xx_hal_pwr_ex.o
                0x08003154                HAL_PWREx_GetVoltageRange
 .text.HAL_PWREx_ControlVoltageScaling
                0x08003194      0x148 ./Drivers/STM32L4xx_HAL_Driver/Src/stm32l4xx_hal_pwr_ex.o
                0x08003194                HAL_PWREx_ControlVoltageScaling
 .text.HAL_PWREx_EnableVddIO2
                0x080032dc       0x20 ./Drivers/STM32L4xx_HAL_Driver/Src/stm32l4xx_hal_pwr_ex.o
                0x080032dc                HAL_PWREx_EnableVddIO2
 .text.HAL_RCC_OscConfig
                0x080032fc      0x834 ./Drivers/STM32L4xx_HAL_Driver/Src/stm32l4xx_hal_rcc.o
                0x080032fc                HAL_RCC_OscConfig
 .text.HAL_RCC_ClockConfig
                0x08003b30      0x274 ./Drivers/STM32L4xx_HAL_Driver/Src/stm32l4xx_hal_rcc.o
                0x08003b30                HAL_RCC_ClockConfig
 .text.HAL_RCC_GetSysClockFreq
                0x08003da4      0x118 ./Drivers/STM32L4xx_HAL_Driver/Src/stm32l4xx_hal_rcc.o
                0x08003da4                HAL_RCC_GetSysClockFreq
 .text.RCC_SetFlashLatencyFromMSIRange
                0x08003ebc       0xb4 ./Drivers/STM32L4xx_HAL_Driver/Src/stm32l4xx_hal_rcc.o
 .text.RCC_GetSysClockFreqFromPLLSource
                0x08003f70       0xcc ./Drivers/STM32L4xx_HAL_Driver/Src/stm32l4xx_hal_rcc.o
 .text.HAL_SPI_Init
                0x0800403c      0x146 ./Drivers/STM32L4xx_HAL_Driver/Src/stm32l4xx_hal_spi.o
                0x0800403c                HAL_SPI_Init
 .text.HAL_SPI_Transmit
                0x08004182      0x2ec ./Drivers/STM32L4xx_HAL_Driver/Src/stm32l4xx_hal_spi.o
                0x08004182                HAL_SPI_Transmit
 .text.HAL_SPI_Receive
                0x0800446e      0x270 ./Drivers/STM32L4xx_HAL_Driver/Src/stm32l4xx_hal_spi.o
                0x0800446e                HAL_SPI_Receive
 .text.HAL_SPI_TransmitReceive
                0x080046de      0x43e ./Drivers/STM32L4xx_HAL_Driver/Src/stm32l4xx_hal_spi.o
                0x080046de                HAL_SPI_TransmitReceive
 .text.HAL_SPI_IRQHandler
                0x08004b1c      0x200 ./Drivers/STM32L4xx_HAL_Driver/Src/stm32l4xx_hal_spi.o
                0x08004b1c                HAL_SPI_IRQHandler
 .text.HAL_SPI_ErrorCallback
                0x08004d1c       0x14 ./Drivers/STM32L4xx_HAL_Driver/Src/stm32l4xx_hal_spi.o
                0x08004d1c                HAL_SPI_ErrorCallback
 .text.SPI_DMAAbortOnError
                0x08004d30       0x2a ./Drivers/STM32L4xx_HAL_Driver/Src/stm32l4xx_hal_spi.o
 *fill*         0x08004d5a        0x2 
 .text.SPI_WaitFlagStateUntilTimeout
                0x08004d5c      0x110 ./Drivers/STM32L4xx_HAL_Driver/Src/stm32l4xx_hal_spi.o
 .text.SPI_WaitFifoStateUntilTimeout
                0x08004e6c      0x12c ./Drivers/STM32L4xx_HAL_Driver/Src/stm32l4xx_hal_spi.o
 .text.SPI_EndRxTransaction
                0x08004f98       0xb0 ./Drivers/STM32L4xx_HAL_Driver/Src/stm32l4xx_hal_spi.o
 .text.SPI_EndRxTxTransaction
                0x08005048       0x8c ./Drivers/STM32L4xx_HAL_Driver/Src/stm32l4xx_hal_spi.o
 .text.srand    0x080050d4       0x5c C:/ST/STM32CubeIDE_1.19.0/STM32CubeIDE/plugins/com.st.stm32cube.ide.mcu.externaltools.gnu-tools-for-stm32.13.3.rel1.win32_1.0.0.202411081344/tools/bin/../lib/gcc/arm-none-eabi/13.3.1/../../../../arm-none-eabi/lib/thumb/v7e-m+fp/hard\libc_nano.a(libc_a-rand.o)
                0x080050d4                srand
 .text.rand     0x08005130       0x7c C:/ST/STM32CubeIDE_1.19.0/STM32CubeIDE/plugins/com.st.stm32cube.ide.mcu.externaltools.gnu-tools-for-stm32.13.3.rel1.win32_1.0.0.202411081344/tools/bin/../lib/gcc/arm-none-eabi/13.3.1/../../../../arm-none-eabi/lib/thumb/v7e-m+fp/hard\libc_nano.a(libc_a-rand.o)
                0x08005130                rand
 .text.std      0x080051ac       0x6c C:/ST/STM32CubeIDE_1.19.0/STM32CubeIDE/plugins/com.st.stm32cube.ide.mcu.externaltools.gnu-tools-for-stm32.13.3.rel1.win32_1.0.0.202411081344/tools/bin/../lib/gcc/arm-none-eabi/13.3.1/../../../../arm-none-eabi/lib/thumb/v7e-m+fp/hard\libc_nano.a(libc_a-findfp.o)
 .text.stdio_exit_handler
                0x08005218       0x18 C:/ST/STM32CubeIDE_1.19.0/STM32CubeIDE/plugins/com.st.stm32cube.ide.mcu.externaltools.gnu-tools-for-stm32.13.3.rel1.win32_1.0.0.202411081344/tools/bin/../lib/gcc/arm-none-eabi/13.3.1/../../../../arm-none-eabi/lib/thumb/v7e-m+fp/hard\libc_nano.a(libc_a-findfp.o)
 .text.cleanup_stdio
                0x08005230       0x40 C:/ST/STM32CubeIDE_1.19.0/STM32CubeIDE/plugins/com.st.stm32cube.ide.mcu.externaltools.gnu-tools-for-stm32.13.3.rel1.win32_1.0.0.202411081344/tools/bin/../lib/gcc/arm-none-eabi/13.3.1/../../../../arm-none-eabi/lib/thumb/v7e-m+fp/hard\libc_nano.a(libc_a-findfp.o)
 .text.global_stdio_init.part.0
                0x08005270       0x3c C:/ST/STM32CubeIDE_1.19.0/STM32CubeIDE/plugins/com.st.stm32cube.ide.mcu.externaltools.gnu-tools-for-stm32.13.3.rel1.win32_1.0.0.202411081344/tools/bin/../lib/gcc/arm-none-eabi/13.3.1/../../../../arm-none-eabi/lib/thumb/v7e-m+fp/hard\libc_nano.a(libc_a-findfp.o)
 .text.__sfp_lock_acquire
                0x080052ac        0xc C:/ST/STM32CubeIDE_1.19.0/STM32CubeIDE/plugins/com.st.stm32cube.ide.mcu.externaltools.gnu-tools-for-stm32.13.3.rel1.win32_1.0.0.202411081344/tools/bin/../lib/gcc/arm-none-eabi/13.3.1/../../../../arm-none-eabi/lib/thumb/v7e-m+fp/hard\libc_nano.a(libc_a-findfp.o)
                0x080052ac                __sfp_lock_acquire
 .text.__sfp_lock_release
                0x080052b8        0xc C:/ST/STM32CubeIDE_1.19.0/STM32CubeIDE/plugins/com.st.stm32cube.ide.mcu.externaltools.gnu-tools-for-stm32.13.3.rel1.win32_1.0.0.202411081344/tools/bin/../lib/gcc/arm-none-eabi/13.3.1/../../../../arm-none-eabi/lib/thumb/v7e-m+fp/hard\libc_nano.a(libc_a-findfp.o)
                0x080052b8                __sfp_lock_release
 .text.__sinit  0x080052c4       0x30 C:/ST/STM32CubeIDE_1.19.0/STM32CubeIDE/plugins/com.st.stm32cube.ide.mcu.externaltools.gnu-tools-for-stm32.13.3.rel1.win32_1.0.0.202411081344/tools/bin/../lib/gcc/arm-none-eabi/13.3.1/../../../../arm-none-eabi/lib/thumb/v7e-m+fp/hard\libc_nano.a(libc_a-findfp.o)
                0x080052c4                __sinit
 .text._fwalk_sglue
                0x080052f4       0x3c C:/ST/STM32CubeIDE_1.19.0/STM32CubeIDE/plugins/com.st.stm32cube.ide.mcu.externaltools.gnu-tools-for-stm32.13.3.rel1.win32_1.0.0.202411081344/tools/bin/../lib/gcc/arm-none-eabi/13.3.1/../../../../arm-none-eabi/lib/thumb/v7e-m+fp/hard\libc_nano.a(libc_a-fwalk.o)
                0x080052f4                _fwalk_sglue
 .text.__sread  0x08005330       0x22 C:/ST/STM32CubeIDE_1.19.0/STM32CubeIDE/plugins/com.st.stm32cube.ide.mcu.externaltools.gnu-tools-for-stm32.13.3.rel1.win32_1.0.0.202411081344/tools/bin/../lib/gcc/arm-none-eabi/13.3.1/../../../../arm-none-eabi/lib/thumb/v7e-m+fp/hard\libc_nano.a(libc_a-stdio.o)
                0x08005330                __sread
 .text.__swrite
                0x08005352       0x38 C:/ST/STM32CubeIDE_1.19.0/STM32CubeIDE/plugins/com.st.stm32cube.ide.mcu.externaltools.gnu-tools-for-stm32.13.3.rel1.win32_1.0.0.202411081344/tools/bin/../lib/gcc/arm-none-eabi/13.3.1/../../../../arm-none-eabi/lib/thumb/v7e-m+fp/hard\libc_nano.a(libc_a-stdio.o)
                0x08005352                __swrite
 .text.__sseek  0x0800538a       0x24 C:/ST/STM32CubeIDE_1.19.0/STM32CubeIDE/plugins/com.st.stm32cube.ide.mcu.externaltools.gnu-tools-for-stm32.13.3.rel1.win32_1.0.0.202411081344/tools/bin/../lib/gcc/arm-none-eabi/13.3.1/../../../../arm-none-eabi/lib/thumb/v7e-m+fp/hard\libc_nano.a(libc_a-stdio.o)
                0x0800538a                __sseek
 .text.__sclose
                0x080053ae        0x8 C:/ST/STM32CubeIDE_1.19.0/STM32CubeIDE/plugins/com.st.stm32cube.ide.mcu.externaltools.gnu-tools-for-stm32.13.3.rel1.win32_1.0.0.202411081344/tools/bin/../lib/gcc/arm-none-eabi/13.3.1/../../../../arm-none-eabi/lib/thumb/v7e-m+fp/hard\libc_nano.a(libc_a-stdio.o)
                0x080053ae                __sclose
 .text.memset   0x080053b6       0x10 C:/ST/STM32CubeIDE_1.19.0/STM32CubeIDE/plugins/com.st.stm32cube.ide.mcu.externaltools.gnu-tools-for-stm32.13.3.rel1.win32_1.0.0.202411081344/tools/bin/../lib/gcc/arm-none-eabi/13.3.1/../../../../arm-none-eabi/lib/thumb/v7e-m+fp/hard\libc_nano.a(libc_a-memset.o)
                0x080053b6                memset
 *fill*         0x080053c6        0x2 
 .text._close_r
                0x080053c8       0x20 C:/ST/STM32CubeIDE_1.19.0/STM32CubeIDE/plugins/com.st.stm32cube.ide.mcu.externaltools.gnu-tools-for-stm32.13.3.rel1.win32_1.0.0.202411081344/tools/bin/../lib/gcc/arm-none-eabi/13.3.1/../../../../arm-none-eabi/lib/thumb/v7e-m+fp/hard\libc_nano.a(libc_a-closer.o)
                0x080053c8                _close_r
 .text._lseek_r
                0x080053e8       0x24 C:/ST/STM32CubeIDE_1.19.0/STM32CubeIDE/plugins/com.st.stm32cube.ide.mcu.externaltools.gnu-tools-for-stm32.13.3.rel1.win32_1.0.0.202411081344/tools/bin/../lib/gcc/arm-none-eabi/13.3.1/../../../../arm-none-eabi/lib/thumb/v7e-m+fp/hard\libc_nano.a(libc_a-lseekr.o)
                0x080053e8                _lseek_r
 .text._read_r  0x0800540c       0x24 C:/ST/STM32CubeIDE_1.19.0/STM32CubeIDE/plugins/com.st.stm32cube.ide.mcu.externaltools.gnu-tools-for-stm32.13.3.rel1.win32_1.0.0.202411081344/tools/bin/../lib/gcc/arm-none-eabi/13.3.1/../../../../arm-none-eabi/lib/thumb/v7e-m+fp/hard\libc_nano.a(libc_a-readr.o)
                0x0800540c                _read_r
 .text._write_r
                0x08005430       0x24 C:/ST/STM32CubeIDE_1.19.0/STM32CubeIDE/plugins/com.st.stm32cube.ide.mcu.externaltools.gnu-tools-for-stm32.13.3.rel1.win32_1.0.0.202411081344/tools/bin/../lib/gcc/arm-none-eabi/13.3.1/../../../../arm-none-eabi/lib/thumb/v7e-m+fp/hard\libc_nano.a(libc_a-writer.o)
                0x08005430                _write_r
 .text.__errno  0x08005454        0xc C:/ST/STM32CubeIDE_1.19.0/STM32CubeIDE/plugins/com.st.stm32cube.ide.mcu.externaltools.gnu-tools-for-stm32.13.3.rel1.win32_1.0.0.202411081344/tools/bin/../lib/gcc/arm-none-eabi/13.3.1/../../../../arm-none-eabi/lib/thumb/v7e-m+fp/hard\libc_nano.a(libc_a-errno.o)
                0x08005454                __errno
 .text.__libc_init_array
                0x08005460       0x48 C:/ST/STM32CubeIDE_1.19.0/STM32CubeIDE/plugins/com.st.stm32cube.ide.mcu.externaltools.gnu-tools-for-stm32.13.3.rel1.win32_1.0.0.202411081344/tools/bin/../lib/gcc/arm-none-eabi/13.3.1/../../../../arm-none-eabi/lib/thumb/v7e-m+fp/hard\libc_nano.a(libc_a-init.o)
                0x08005460                __libc_init_array
 .text.__retarget_lock_init_recursive
                0x080054a8        0x2 C:/ST/STM32CubeIDE_1.19.0/STM32CubeIDE/plugins/com.st.stm32cube.ide.mcu.externaltools.gnu-tools-for-stm32.13.3.rel1.win32_1.0.0.202411081344/tools/bin/../lib/gcc/arm-none-eabi/13.3.1/../../../../arm-none-eabi/lib/thumb/v7e-m+fp/hard\libc_nano.a(libc_a-lock.o)
                0x080054a8                __retarget_lock_init_recursive
 .text.__retarget_lock_acquire_recursive
                0x080054aa        0x2 C:/ST/STM32CubeIDE_1.19.0/STM32CubeIDE/plugins/com.st.stm32cube.ide.mcu.externaltools.gnu-tools-for-stm32.13.3.rel1.win32_1.0.0.202411081344/tools/bin/../lib/gcc/arm-none-eabi/13.3.1/../../../../arm-none-eabi/lib/thumb/v7e-m+fp/hard\libc_nano.a(libc_a-lock.o)
                0x080054aa                __retarget_lock_acquire_recursive
 .text.__retarget_lock_release_recursive
                0x080054ac        0x2 C:/ST/STM32CubeIDE_1.19.0/STM32CubeIDE/plugins/com.st.stm32cube.ide.mcu.externaltools.gnu-tools-for-stm32.13.3.rel1.win32_1.0.0.202411081344/tools/bin/../lib/gcc/arm-none-eabi/13.3.1/../../../../arm-none-eabi/lib/thumb/v7e-m+fp/hard\libc_nano.a(libc_a-lock.o)
                0x080054ac                __retarget_lock_release_recursive
 *fill*         0x080054ae        0x2 
 .text.__assert_func
                0x080054b0       0x3c C:/ST/STM32CubeIDE_1.19.0/STM32CubeIDE/plugins/com.st.stm32cube.ide.mcu.externaltools.gnu-tools-for-stm32.13.3.rel1.win32_1.0.0.202411081344/tools/bin/../lib/gcc/arm-none-eabi/13.3.1/../../../../arm-none-eabi/lib/thumb/v7e-m+fp/hard\libc_nano.a(libc_a-assert.o)
                0x080054b0                __assert_func
 .text._free_r  0x080054ec       0x94 C:/ST/STM32CubeIDE_1.19.0/STM32CubeIDE/plugins/com.st.stm32cube.ide.mcu.externaltools.gnu-tools-for-stm32.13.3.rel1.win32_1.0.0.202411081344/tools/bin/../lib/gcc/arm-none-eabi/13.3.1/../../../../arm-none-eabi/lib/thumb/v7e-m+fp/hard\libc_nano.a(libc_a-freer.o)
                0x080054ec                _free_r
 .text.malloc   0x08005580       0x10 C:/ST/STM32CubeIDE_1.19.0/STM32CubeIDE/plugins/com.st.stm32cube.ide.mcu.externaltools.gnu-tools-for-stm32.13.3.rel1.win32_1.0.0.202411081344/tools/bin/../lib/gcc/arm-none-eabi/13.3.1/../../../../arm-none-eabi/lib/thumb/v7e-m+fp/hard\libc_nano.a(libc_a-malloc.o)
                0x08005580                malloc
 .text.sbrk_aligned
                0x08005590       0x44 C:/ST/STM32CubeIDE_1.19.0/STM32CubeIDE/plugins/com.st.stm32cube.ide.mcu.externaltools.gnu-tools-for-stm32.13.3.rel1.win32_1.0.0.202411081344/tools/bin/../lib/gcc/arm-none-eabi/13.3.1/../../../../arm-none-eabi/lib/thumb/v7e-m+fp/hard\libc_nano.a(libc_a-mallocr.o)
 .text._malloc_r
                0x080055d4      0x100 C:/ST/STM32CubeIDE_1.19.0/STM32CubeIDE/plugins/com.st.stm32cube.ide.mcu.externaltools.gnu-tools-for-stm32.13.3.rel1.win32_1.0.0.202411081344/tools/bin/../lib/gcc/arm-none-eabi/13.3.1/../../../../arm-none-eabi/lib/thumb/v7e-m+fp/hard\libc_nano.a(libc_a-mallocr.o)
                0x080055d4                _malloc_r
 .text.__malloc_lock
                0x080056d4        0xc C:/ST/STM32CubeIDE_1.19.0/STM32CubeIDE/plugins/com.st.stm32cube.ide.mcu.externaltools.gnu-tools-for-stm32.13.3.rel1.win32_1.0.0.202411081344/tools/bin/../lib/gcc/arm-none-eabi/13.3.1/../../../../arm-none-eabi/lib/thumb/v7e-m+fp/hard\libc_nano.a(libc_a-mlock.o)
                0x080056d4                __malloc_lock
 .text.__malloc_unlock
                0x080056e0        0xc C:/ST/STM32CubeIDE_1.19.0/STM32CubeIDE/plugins/com.st.stm32cube.ide.mcu.externaltools.gnu-tools-for-stm32.13.3.rel1.win32_1.0.0.202411081344/tools/bin/../lib/gcc/arm-none-eabi/13.3.1/../../../../arm-none-eabi/lib/thumb/v7e-m+fp/hard\libc_nano.a(libc_a-mlock.o)
                0x080056e0                __malloc_unlock
 .text.__sflush_r
                0x080056ec      0x108 C:/ST/STM32CubeIDE_1.19.0/STM32CubeIDE/plugins/com.st.stm32cube.ide.mcu.externaltools.gnu-tools-for-stm32.13.3.rel1.win32_1.0.0.202411081344/tools/bin/../lib/gcc/arm-none-eabi/13.3.1/../../../../arm-none-eabi/lib/thumb/v7e-m+fp/hard\libc_nano.a(libc_a-fflush.o)
                0x080056ec                __sflush_r
 .text._fflush_r
                0x080057f4       0x50 C:/ST/STM32CubeIDE_1.19.0/STM32CubeIDE/plugins/com.st.stm32cube.ide.mcu.externaltools.gnu-tools-for-stm32.13.3.rel1.win32_1.0.0.202411081344/tools/bin/../lib/gcc/arm-none-eabi/13.3.1/../../../../arm-none-eabi/lib/thumb/v7e-m+fp/hard\libc_nano.a(libc_a-fflush.o)
                0x080057f4                _fflush_r
 .text.fprintf  0x08005844       0x24 C:/ST/STM32CubeIDE_1.19.0/STM32CubeIDE/plugins/com.st.stm32cube.ide.mcu.externaltools.gnu-tools-for-stm32.13.3.rel1.win32_1.0.0.202411081344/tools/bin/../lib/gcc/arm-none-eabi/13.3.1/../../../../arm-none-eabi/lib/thumb/v7e-m+fp/hard\libc_nano.a(libc_a-fprintf.o)
                0x08005844                fiprintf
                0x08005844                fprintf
 .text._sbrk_r  0x08005868       0x20 C:/ST/STM32CubeIDE_1.19.0/STM32CubeIDE/plugins/com.st.stm32cube.ide.mcu.externaltools.gnu-tools-for-stm32.13.3.rel1.win32_1.0.0.202411081344/tools/bin/../lib/gcc/arm-none-eabi/13.3.1/../../../../arm-none-eabi/lib/thumb/v7e-m+fp/hard\libc_nano.a(libc_a-sbrkr.o)
                0x08005868                _sbrk_r
 .text.abort    0x08005888        0xe C:/ST/STM32CubeIDE_1.19.0/STM32CubeIDE/plugins/com.st.stm32cube.ide.mcu.externaltools.gnu-tools-for-stm32.13.3.rel1.win32_1.0.0.202411081344/tools/bin/../lib/gcc/arm-none-eabi/13.3.1/../../../../arm-none-eabi/lib/thumb/v7e-m+fp/hard\libc_nano.a(libc_a-abort.o)
                0x08005888                abort
 .text.__sfputc_r
                0x08005896       0x2e C:/ST/STM32CubeIDE_1.19.0/STM32CubeIDE/plugins/com.st.stm32cube.ide.mcu.externaltools.gnu-tools-for-stm32.13.3.rel1.win32_1.0.0.202411081344/tools/bin/../lib/gcc/arm-none-eabi/13.3.1/../../../../arm-none-eabi/lib/thumb/v7e-m+fp/hard\libc_nano.a(libc_a-nano-vfprintf.o)
 .text.__sfputs_r
                0x080058c4       0x24 C:/ST/STM32CubeIDE_1.19.0/STM32CubeIDE/plugins/com.st.stm32cube.ide.mcu.externaltools.gnu-tools-for-stm32.13.3.rel1.win32_1.0.0.202411081344/tools/bin/../lib/gcc/arm-none-eabi/13.3.1/../../../../arm-none-eabi/lib/thumb/v7e-m+fp/hard\libc_nano.a(libc_a-nano-vfprintf.o)
                0x080058c4                __sfputs_r
 .text._vfprintf_r
                0x080058e8      0x230 C:/ST/STM32CubeIDE_1.19.0/STM32CubeIDE/plugins/com.st.stm32cube.ide.mcu.externaltools.gnu-tools-for-stm32.13.3.rel1.win32_1.0.0.202411081344/tools/bin/../lib/gcc/arm-none-eabi/13.3.1/../../../../arm-none-eabi/lib/thumb/v7e-m+fp/hard\libc_nano.a(libc_a-nano-vfprintf.o)
                0x080058e8                _vfprintf_r
                0x080058e8                _vfiprintf_r
 .text._printf_common
                0x08005b18       0xda C:/ST/STM32CubeIDE_1.19.0/STM32CubeIDE/plugins/com.st.stm32cube.ide.mcu.externaltools.gnu-tools-for-stm32.13.3.rel1.win32_1.0.0.202411081344/tools/bin/../lib/gcc/arm-none-eabi/13.3.1/../../../../arm-none-eabi/lib/thumb/v7e-m+fp/hard\libc_nano.a(libc_a-nano-vfprintf_i.o)
                0x08005b18                _printf_common
 *fill*         0x08005bf2        0x2 
 .text._printf_i
                0x08005bf4      0x23c C:/ST/STM32CubeIDE_1.19.0/STM32CubeIDE/plugins/com.st.stm32cube.ide.mcu.externaltools.gnu-tools-for-stm32.13.3.rel1.win32_1.0.0.202411081344/tools/bin/../lib/gcc/arm-none-eabi/13.3.1/../../../../arm-none-eabi/lib/thumb/v7e-m+fp/hard\libc_nano.a(libc_a-nano-vfprintf_i.o)
                0x08005bf4                _printf_i
 .text.__swbuf_r
                0x08005e30       0x7c C:/ST/STM32CubeIDE_1.19.0/STM32CubeIDE/plugins/com.st.stm32cube.ide.mcu.externaltools.gnu-tools-for-stm32.13.3.rel1.win32_1.0.0.202411081344/tools/bin/../lib/gcc/arm-none-eabi/13.3.1/../../../../arm-none-eabi/lib/thumb/v7e-m+fp/hard\libc_nano.a(libc_a-wbuf.o)
                0x08005e30                __swbuf_r
 .text.__swsetup_r
                0x08005eac       0xac C:/ST/STM32CubeIDE_1.19.0/STM32CubeIDE/plugins/com.st.stm32cube.ide.mcu.externaltools.gnu-tools-for-stm32.13.3.rel1.win32_1.0.0.202411081344/tools/bin/../lib/gcc/arm-none-eabi/13.3.1/../../../../arm-none-eabi/lib/thumb/v7e-m+fp/hard\libc_nano.a(libc_a-wsetup.o)
                0x08005eac                __swsetup_r
 .text._raise_r
                0x08005f58       0x50 C:/ST/STM32CubeIDE_1.19.0/STM32CubeIDE/plugins/com.st.stm32cube.ide.mcu.externaltools.gnu-tools-for-stm32.13.3.rel1.win32_1.0.0.202411081344/tools/bin/../lib/gcc/arm-none-eabi/13.3.1/../../../../arm-none-eabi/lib/thumb/v7e-m+fp/hard\libc_nano.a(libc_a-signal.o)
                0x08005f58                _raise_r
 .text.raise    0x08005fa8       0x10 C:/ST/STM32CubeIDE_1.19.0/STM32CubeIDE/plugins/com.st.stm32cube.ide.mcu.externaltools.gnu-tools-for-stm32.13.3.rel1.win32_1.0.0.202411081344/tools/bin/../lib/gcc/arm-none-eabi/13.3.1/../../../../arm-none-eabi/lib/thumb/v7e-m+fp/hard\libc_nano.a(libc_a-signal.o)
                0x08005fa8                raise
 .text._kill_r  0x08005fb8       0x24 C:/ST/STM32CubeIDE_1.19.0/STM32CubeIDE/plugins/com.st.stm32cube.ide.mcu.externaltools.gnu-tools-for-stm32.13.3.rel1.win32_1.0.0.202411081344/tools/bin/../lib/gcc/arm-none-eabi/13.3.1/../../../../arm-none-eabi/lib/thumb/v7e-m+fp/hard\libc_nano.a(libc_a-signalr.o)
                0x08005fb8                _kill_r
 .text._getpid_r
                0x08005fdc        0x4 C:/ST/STM32CubeIDE_1.19.0/STM32CubeIDE/plugins/com.st.stm32cube.ide.mcu.externaltools.gnu-tools-for-stm32.13.3.rel1.win32_1.0.0.202411081344/tools/bin/../lib/gcc/arm-none-eabi/13.3.1/../../../../arm-none-eabi/lib/thumb/v7e-m+fp/hard\libc_nano.a(libc_a-signalr.o)
                0x08005fdc                _getpid_r
 .text.__swhatbuf_r
                0x08005fe0       0x4c C:/ST/STM32CubeIDE_1.19.0/STM32CubeIDE/plugins/com.st.stm32cube.ide.mcu.externaltools.gnu-tools-for-stm32.13.3.rel1.win32_1.0.0.202411081344/tools/bin/../lib/gcc/arm-none-eabi/13.3.1/../../../../arm-none-eabi/lib/thumb/v7e-m+fp/hard\libc_nano.a(libc_a-makebuf.o)
                0x08005fe0                __swhatbuf_r
 .text.__smakebuf_r
                0x0800602c       0x78 C:/ST/STM32CubeIDE_1.19.0/STM32CubeIDE/plugins/com.st.stm32cube.ide.mcu.externaltools.gnu-tools-for-stm32.13.3.rel1.win32_1.0.0.202411081344/tools/bin/../lib/gcc/arm-none-eabi/13.3.1/../../../../arm-none-eabi/lib/thumb/v7e-m+fp/hard\libc_nano.a(libc_a-makebuf.o)
                0x0800602c                __smakebuf_r
 .text._fstat_r
                0x080060a4       0x24 C:/ST/STM32CubeIDE_1.19.0/STM32CubeIDE/plugins/com.st.stm32cube.ide.mcu.externaltools.gnu-tools-for-stm32.13.3.rel1.win32_1.0.0.202411081344/tools/bin/../lib/gcc/arm-none-eabi/13.3.1/../../../../arm-none-eabi/lib/thumb/v7e-m+fp/hard\libc_nano.a(libc_a-fstatr.o)
                0x080060a4                _fstat_r
 .text._isatty_r
                0x080060c8       0x20 C:/ST/STM32CubeIDE_1.19.0/STM32CubeIDE/plugins/com.st.stm32cube.ide.mcu.externaltools.gnu-tools-for-stm32.13.3.rel1.win32_1.0.0.202411081344/tools/bin/../lib/gcc/arm-none-eabi/13.3.1/../../../../arm-none-eabi/lib/thumb/v7e-m+fp/hard\libc_nano.a(libc_a-isattyr.o)
                0x080060c8                _isatty_r
 *(.glue_7)
 .glue_7        0x080060e8        0x0 linker stubs
 *(.glue_7t)
 .glue_7t       0x080060e8        0x0 linker stubs
 *(.eh_frame)
 .eh_frame      0x080060e8        0x0 C:/ST/STM32CubeIDE_1.19.0/STM32CubeIDE/plugins/com.st.stm32cube.ide.mcu.externaltools.gnu-tools-for-stm32.13.3.rel1.win32_1.0.0.202411081344/tools/bin/../lib/gcc/arm-none-eabi/13.3.1/thumb/v7e-m+fp/hard/crtbegin.o
 *(.init)
 .init          0x080060e8        0x4 C:/ST/STM32CubeIDE_1.19.0/STM32CubeIDE/plugins/com.st.stm32cube.ide.mcu.externaltools.gnu-tools-for-stm32.13.3.rel1.win32_1.0.0.202411081344/tools/bin/../lib/gcc/arm-none-eabi/13.3.1/thumb/v7e-m+fp/hard/crti.o
                0x080060e8                _init
 .init          0x080060ec        0x8 C:/ST/STM32CubeIDE_1.19.0/STM32CubeIDE/plugins/com.st.stm32cube.ide.mcu.externaltools.gnu-tools-for-stm32.13.3.rel1.win32_1.0.0.202411081344/tools/bin/../lib/gcc/arm-none-eabi/13.3.1/thumb/v7e-m+fp/hard/crtn.o
 *(.fini)
 .fini          0x080060f4        0x4 C:/ST/STM32CubeIDE_1.19.0/STM32CubeIDE/plugins/com.st.stm32cube.ide.mcu.externaltools.gnu-tools-for-stm32.13.3.rel1.win32_1.0.0.202411081344/tools/bin/../lib/gcc/arm-none-eabi/13.3.1/thumb/v7e-m+fp/hard/crti.o
                0x080060f4                _fini
 .fini          0x080060f8        0x8 C:/ST/STM32CubeIDE_1.19.0/STM32CubeIDE/plugins/com.st.stm32cube.ide.mcu.externaltools.gnu-tools-for-stm32.13.3.rel1.win32_1.0.0.202411081344/tools/bin/../lib/gcc/arm-none-eabi/13.3.1/thumb/v7e-m+fp/hard/crtn.o
                0x08006100                        . = ALIGN (0x4)
                0x08006100                        _etext = .

.vfp11_veneer   0x08006100        0x0
 .vfp11_veneer  0x08006100        0x0 linker stubs

.v4_bx          0x08006100        0x0
 .v4_bx         0x08006100        0x0 linker stubs

.iplt           0x08006100        0x0
 .iplt          0x08006100        0x0 C:/ST/STM32CubeIDE_1.19.0/STM32CubeIDE/plugins/com.st.stm32cube.ide.mcu.externaltools.gnu-tools-for-stm32.13.3.rel1.win32_1.0.0.202411081344/tools/bin/../lib/gcc/arm-none-eabi/13.3.1/thumb/v7e-m+fp/hard/crtbegin.o

.rodata         0x08006100    0x106ac
                0x08006100                        . = ALIGN (0x4)
 *(.rodata)
 .rodata        0x08006100       0x49 ./Core/Src/Lcd/ili9488.o
 *fill*         0x08006149        0x3 
 .rodata        0x0800614c       0x21 ./Core/Src/main.o
 *(.rodata*)
 *fill*         0x0800616d        0x3 
 .rodata.Font24_Table
                0x08006170     0x1ab8 ./Core/Src/Lcd/Fonts/font24.o
                0x08006170                Font24_Table
 .rodata.EntryRightThenUp
                0x08007c28        0x1 ./Core/Src/Lcd/ili9488.o
                0x08007c28                EntryRightThenUp
 .rodata.EntryRightThenDown
                0x08007c29        0x1 ./Core/Src/Lcd/ili9488.o
                0x08007c29                EntryRightThenDown
 *fill*         0x08007c2a        0x2 
 .rodata.paperBitMap
                0x08007c2c     0x4e20 ./Core/Src/paper.o
                0x08007c2c                paperBitMap
 .rodata.rockBitMap
                0x0800ca4c     0x4e20 ./Core/Src/rock.o
                0x0800ca4c                rockBitMap
 .rodata.scissorBitMap
                0x0801186c     0x4e20 ./Core/Src/scissor.o
                0x0801186c                scissorBitMap
 .rodata.AHBPrescTable
                0x0801668c       0x10 ./Core/Src/system_stm32l4xx.o
                0x0801668c                AHBPrescTable
 .rodata.MSIRangeTable
                0x0801669c       0x30 ./Core/Src/system_stm32l4xx.o
                0x0801669c                MSIRangeTable
 .rodata.srand.str1.1
                0x080166cc       0xde C:/ST/STM32CubeIDE_1.19.0/STM32CubeIDE/plugins/com.st.stm32cube.ide.mcu.externaltools.gnu-tools-for-stm32.13.3.rel1.win32_1.0.0.202411081344/tools/bin/../lib/gcc/arm-none-eabi/13.3.1/../../../../arm-none-eabi/lib/thumb/v7e-m+fp/hard\libc_nano.a(libc_a-rand.o)
                                 0x6f (size before relaxing)
 .rodata.__assert_func.str1.1
                0x080167aa       0x3d C:/ST/STM32CubeIDE_1.19.0/STM32CubeIDE/plugins/com.st.stm32cube.ide.mcu.externaltools.gnu-tools-for-stm32.13.3.rel1.win32_1.0.0.202411081344/tools/bin/../lib/gcc/arm-none-eabi/13.3.1/../../../../arm-none-eabi/lib/thumb/v7e-m+fp/hard\libc_nano.a(libc_a-assert.o)
 .rodata._vfprintf_r.str1.1
                0x080167aa       0x11 C:/ST/STM32CubeIDE_1.19.0/STM32CubeIDE/plugins/com.st.stm32cube.ide.mcu.externaltools.gnu-tools-for-stm32.13.3.rel1.win32_1.0.0.202411081344/tools/bin/../lib/gcc/arm-none-eabi/13.3.1/../../../../arm-none-eabi/lib/thumb/v7e-m+fp/hard\libc_nano.a(libc_a-nano-vfprintf.o)
 .rodata._printf_i.str1.1
                0x080167aa       0x22 C:/ST/STM32CubeIDE_1.19.0/STM32CubeIDE/plugins/com.st.stm32cube.ide.mcu.externaltools.gnu-tools-for-stm32.13.3.rel1.win32_1.0.0.202411081344/tools/bin/../lib/gcc/arm-none-eabi/13.3.1/../../../../arm-none-eabi/lib/thumb/v7e-m+fp/hard\libc_nano.a(libc_a-nano-vfprintf_i.o)
                0x080167e8                        . = ALIGN (0x4)
 *fill*         0x080167aa        0x2 

.ARM.extab      0x080167ac        0x0
                0x080167ac                        . = ALIGN (0x4)
 *(.ARM.extab* .gnu.linkonce.armextab.*)
                0x080167ac                        . = ALIGN (0x4)

.ARM            0x080167ac        0x8
                0x080167ac                        . = ALIGN (0x4)
                0x080167ac                        __exidx_start = .
 *(.ARM.exidx*)
 .ARM.exidx     0x080167ac        0x8 C:/ST/STM32CubeIDE_1.19.0/STM32CubeIDE/plugins/com.st.stm32cube.ide.mcu.externaltools.gnu-tools-for-stm32.13.3.rel1.win32_1.0.0.202411081344/tools/bin/../lib/gcc/arm-none-eabi/13.3.1/../../../../arm-none-eabi/lib/thumb/v7e-m+fp/hard\libc_nano.a(libc_a-memchr.o)
                0x080167b4                        __exidx_end = .
                0x080167b4                        . = ALIGN (0x4)

.preinit_array  0x080167b4        0x0
                0x080167b4                        . = ALIGN (0x4)
                0x080167b4                        PROVIDE (__preinit_array_start = .)
 *(.preinit_array*)
                0x080167b4                        PROVIDE (__preinit_array_end = .)
                0x080167b4                        . = ALIGN (0x4)

.init_array     0x080167b4        0x4
                0x080167b4                        . = ALIGN (0x4)
                0x080167b4                        PROVIDE (__init_array_start = .)
 *(SORT_BY_NAME(.init_array.*))
 *(.init_array*)
 .init_array    0x080167b4        0x4 C:/ST/STM32CubeIDE_1.19.0/STM32CubeIDE/plugins/com.st.stm32cube.ide.mcu.externaltools.gnu-tools-for-stm32.13.3.rel1.win32_1.0.0.202411081344/tools/bin/../lib/gcc/arm-none-eabi/13.3.1/thumb/v7e-m+fp/hard/crtbegin.o
                0x080167b8                        PROVIDE (__init_array_end = .)
                0x080167b8                        . = ALIGN (0x4)

.fini_array     0x080167b8        0x4
                0x080167b8                        . = ALIGN (0x4)
                [!provide]                        PROVIDE (__fini_array_start = .)
 *(SORT_BY_NAME(.fini_array.*))
 *(.fini_array*)
 .fini_array    0x080167b8        0x4 C:/ST/STM32CubeIDE_1.19.0/STM32CubeIDE/plugins/com.st.stm32cube.ide.mcu.externaltools.gnu-tools-for-stm32.13.3.rel1.win32_1.0.0.202411081344/tools/bin/../lib/gcc/arm-none-eabi/13.3.1/thumb/v7e-m+fp/hard/crtbegin.o
                [!provide]                        PROVIDE (__fini_array_end = .)
                0x080167bc                        . = ALIGN (0x4)
                0x080167bc                        _sidata = LOADADDR (.data)

.rel.dyn        0x080167bc        0x0
 .rel.iplt      0x080167bc        0x0 C:/ST/STM32CubeIDE_1.19.0/STM32CubeIDE/plugins/com.st.stm32cube.ide.mcu.externaltools.gnu-tools-for-stm32.13.3.rel1.win32_1.0.0.202411081344/tools/bin/../lib/gcc/arm-none-eabi/13.3.1/thumb/v7e-m+fp/hard/crtbegin.o

.data           0x20040000       0xf0 load address 0x080167bc
                0x20040000                        . = ALIGN (0x4)
                0x20040000                        _sdata = .
 *(.data)
 *(.data*)
 .data.Font24   0x20040000        0x8 ./Core/Src/Lcd/Fonts/font24.o
                0x20040000                Font24
 .data.ili9488_drv
                0x20040008       0x48 ./Core/Src/Lcd/ili9488.o
                0x20040008                ili9488_drv
 .data.lcd_drv  0x20040050        0x4 ./Core/Src/Lcd/ili9488.o
                0x20040050                lcd_drv
 .data.LastEntry
                0x20040054        0x1 ./Core/Src/Lcd/ili9488.o
                0x20040054                LastEntry
 *fill*         0x20040055        0x3 
 .data.xpt2046_ts_drv
                0x20040058       0x28 ./Core/Src/Lcd/lcdts_io_xpt2046_spi_hal.o
                0x20040058                xpt2046_ts_drv
 .data.ts_drv   0x20040080        0x4 ./Core/Src/Lcd/lcdts_io_xpt2046_spi_hal.o
                0x20040080                ts_drv
 .data.prevMatch
                0x20040084        0x3 ./Core/Src/main.o
                0x20040084                prevMatch
 *fill*         0x20040087        0x1 
 .data.SystemCoreClock
                0x20040088        0x4 ./Core/Src/system_stm32l4xx.o
                0x20040088                SystemCoreClock
 .data.uwTickPrio
                0x2004008c        0x4 ./Drivers/STM32L4xx_HAL_Driver/Src/stm32l4xx_hal.o
                0x2004008c                uwTickPrio
 .data.uwTickFreq
                0x20040090        0x1 ./Drivers/STM32L4xx_HAL_Driver/Src/stm32l4xx_hal.o
                0x20040090                uwTickFreq
 *fill*         0x20040091        0x3 
 .data.__sglue  0x20040094        0xc C:/ST/STM32CubeIDE_1.19.0/STM32CubeIDE/plugins/com.st.stm32cube.ide.mcu.externaltools.gnu-tools-for-stm32.13.3.rel1.win32_1.0.0.202411081344/tools/bin/../lib/gcc/arm-none-eabi/13.3.1/../../../../arm-none-eabi/lib/thumb/v7e-m+fp/hard\libc_nano.a(libc_a-findfp.o)
                0x20040094                __sglue
 .data._impure_ptr
                0x200400a0        0x4 C:/ST/STM32CubeIDE_1.19.0/STM32CubeIDE/plugins/com.st.stm32cube.ide.mcu.externaltools.gnu-tools-for-stm32.13.3.rel1.win32_1.0.0.202411081344/tools/bin/../lib/gcc/arm-none-eabi/13.3.1/../../../../arm-none-eabi/lib/thumb/v7e-m+fp/hard\libc_nano.a(libc_a-impure.o)
                0x200400a0                _impure_ptr
 .data._impure_data
                0x200400a4       0x4c C:/ST/STM32CubeIDE_1.19.0/STM32CubeIDE/plugins/com.st.stm32cube.ide.mcu.externaltools.gnu-tools-for-stm32.13.3.rel1.win32_1.0.0.202411081344/tools/bin/../lib/gcc/arm-none-eabi/13.3.1/../../../../arm-none-eabi/lib/thumb/v7e-m+fp/hard\libc_nano.a(libc_a-impure.o)
                0x200400a4                _impure_data
 *(.RamFunc)
 *(.RamFunc*)
                0x200400f0                        . = ALIGN (0x4)
                0x200400f0                        _edata = .

.igot.plt       0x200400f0        0x0 load address 0x080168ac
 .igot.plt      0x200400f0        0x0 C:/ST/STM32CubeIDE_1.19.0/STM32CubeIDE/plugins/com.st.stm32cube.ide.mcu.externaltools.gnu-tools-for-stm32.13.3.rel1.win32_1.0.0.202411081344/tools/bin/../lib/gcc/arm-none-eabi/13.3.1/thumb/v7e-m+fp/hard/crtbegin.o
                0x200400f0                        . = ALIGN (0x4)

.bss            0x200400f0      0x5c0 load address 0x080168ac
                0x200400f0                        _sbss = .
                0x200400f0                        __bss_start__ = _sbss
 *(.bss)
 .bss           0x200400f0       0x1c C:/ST/STM32CubeIDE_1.19.0/STM32CubeIDE/plugins/com.st.stm32cube.ide.mcu.externaltools.gnu-tools-for-stm32.13.3.rel1.win32_1.0.0.202411081344/tools/bin/../lib/gcc/arm-none-eabi/13.3.1/thumb/v7e-m+fp/hard/crtbegin.o
 *(.bss*)
 .bss.transdata
                0x2004010c        0x4 ./Core/Src/Lcd/ili9488.o
                0x2004010c                transdata
 .bss.yStart    0x20040110        0x2 ./Core/Src/Lcd/ili9488.o
 .bss.yEnd      0x20040112        0x2 ./Core/Src/Lcd/ili9488.o
 .bss.Is_ili9488_Initialized
                0x20040114        0x1 ./Core/Src/Lcd/ili9488.o
 *fill*         0x20040115        0x3 
 .bss.scrparam.0
                0x20040118        0x8 ./Core/Src/Lcd/ili9488.o
 .bss.tx        0x20040120        0x2 ./Core/Src/Lcd/lcdts_io_xpt2046_spi_hal.o
 .bss.ty        0x20040122        0x2 ./Core/Src/Lcd/lcdts_io_xpt2046_spi_hal.o
 .bss.DrawProp  0x20040124        0xc ./Core/Src/Lcd/stm32_ili9488_lcd.o
                0x20040124                DrawProp
 .bss.fontbitmapbuf
                0x20040130      0x300 ./Core/Src/Lcd/stm32_ili9488_lcd.o
 .bss.TsXBoundary
                0x20040430        0x2 ./Core/Src/Lcd/stm32_ili9488_ts.o
                0x20040430                TsXBoundary
 .bss.TsYBoundary
                0x20040432        0x2 ./Core/Src/Lcd/stm32_ili9488_ts.o
                0x20040432                TsYBoundary
 .bss.hspi1     0x20040434       0x64 ./Core/Src/main.o
                0x20040434                hspi1
 .bss.hdma_spi1_rx
                0x20040498       0x60 ./Core/Src/main.o
                0x20040498                hdma_spi1_rx
 .bss.hdma_spi1_tx
                0x200404f8       0x60 ./Core/Src/main.o
                0x200404f8                hdma_spi1_tx
 .bss.xboxsize  0x20040558        0x2 ./Core/Src/main.o
                0x20040558                xboxsize
 *fill*         0x2004055a        0x2 
 .bss.__sbrk_heap_end
                0x2004055c        0x4 ./Core/Src/sysmem.o
 .bss.uwTick    0x20040560        0x4 ./Drivers/STM32L4xx_HAL_Driver/Src/stm32l4xx_hal.o
                0x20040560                uwTick
 .bss.__sf      0x20040564      0x138 C:/ST/STM32CubeIDE_1.19.0/STM32CubeIDE/plugins/com.st.stm32cube.ide.mcu.externaltools.gnu-tools-for-stm32.13.3.rel1.win32_1.0.0.202411081344/tools/bin/../lib/gcc/arm-none-eabi/13.3.1/../../../../arm-none-eabi/lib/thumb/v7e-m+fp/hard\libc_nano.a(libc_a-findfp.o)
                0x20040564                __sf
 .bss.__stdio_exit_handler
                0x2004069c        0x4 C:/ST/STM32CubeIDE_1.19.0/STM32CubeIDE/plugins/com.st.stm32cube.ide.mcu.externaltools.gnu-tools-for-stm32.13.3.rel1.win32_1.0.0.202411081344/tools/bin/../lib/gcc/arm-none-eabi/13.3.1/../../../../arm-none-eabi/lib/thumb/v7e-m+fp/hard\libc_nano.a(libc_a-findfp.o)
                0x2004069c                __stdio_exit_handler
 .bss.errno     0x200406a0        0x4 C:/ST/STM32CubeIDE_1.19.0/STM32CubeIDE/plugins/com.st.stm32cube.ide.mcu.externaltools.gnu-tools-for-stm32.13.3.rel1.win32_1.0.0.202411081344/tools/bin/../lib/gcc/arm-none-eabi/13.3.1/../../../../arm-none-eabi/lib/thumb/v7e-m+fp/hard\libc_nano.a(libc_a-reent.o)
                0x200406a0                errno
 .bss.__lock___malloc_recursive_mutex
                0x200406a4        0x1 C:/ST/STM32CubeIDE_1.19.0/STM32CubeIDE/plugins/com.st.stm32cube.ide.mcu.externaltools.gnu-tools-for-stm32.13.3.rel1.win32_1.0.0.202411081344/tools/bin/../lib/gcc/arm-none-eabi/13.3.1/../../../../arm-none-eabi/lib/thumb/v7e-m+fp/hard\libc_nano.a(libc_a-lock.o)
                0x200406a4                __lock___malloc_recursive_mutex
 .bss.__lock___sfp_recursive_mutex
                0x200406a5        0x1 C:/ST/STM32CubeIDE_1.19.0/STM32CubeIDE/plugins/com.st.stm32cube.ide.mcu.externaltools.gnu-tools-for-stm32.13.3.rel1.win32_1.0.0.202411081344/tools/bin/../lib/gcc/arm-none-eabi/13.3.1/../../../../arm-none-eabi/lib/thumb/v7e-m+fp/hard\libc_nano.a(libc_a-lock.o)
                0x200406a5                __lock___sfp_recursive_mutex
 *fill*         0x200406a6        0x2 
 .bss.__malloc_sbrk_start
                0x200406a8        0x4 C:/ST/STM32CubeIDE_1.19.0/STM32CubeIDE/plugins/com.st.stm32cube.ide.mcu.externaltools.gnu-tools-for-stm32.13.3.rel1.win32_1.0.0.202411081344/tools/bin/../lib/gcc/arm-none-eabi/13.3.1/../../../../arm-none-eabi/lib/thumb/v7e-m+fp/hard\libc_nano.a(libc_a-mallocr.o)
                0x200406a8                __malloc_sbrk_start
 .bss.__malloc_free_list
                0x200406ac        0x4 C:/ST/STM32CubeIDE_1.19.0/STM32CubeIDE/plugins/com.st.stm32cube.ide.mcu.externaltools.gnu-tools-for-stm32.13.3.rel1.win32_1.0.0.202411081344/tools/bin/../lib/gcc/arm-none-eabi/13.3.1/../../../../arm-none-eabi/lib/thumb/v7e-m+fp/hard\libc_nano.a(libc_a-mallocr.o)
                0x200406ac                __malloc_free_list
 *(COMMON)
                0x200406b0                        . = ALIGN (0x4)
                0x200406b0                        _ebss = .
                0x200406b0                        __bss_end__ = _ebss

._user_heap_stack
                0x200406b0      0x600 load address 0x080168ac
                0x200406b0                        . = ALIGN (0x8)
                [!provide]                        PROVIDE (end = .)
                0x200406b0                        PROVIDE (_end = .)
                0x200408b0                        . = (. + _Min_Heap_Size)
 *fill*         0x200406b0      0x200 
                0x20040cb0                        . = (. + _Min_Stack_Size)
 *fill*         0x200408b0      0x400 
                0x20040cb0                        . = ALIGN (0x8)

/DISCARD/
 libc.a(*)
 libm.a(*)
 libgcc.a(*)

.ARM.attributes
                0x00000000       0x30
 *(.ARM.attributes)
 .ARM.attributes
                0x00000000       0x22 C:/ST/STM32CubeIDE_1.19.0/STM32CubeIDE/plugins/com.st.stm32cube.ide.mcu.externaltools.gnu-tools-for-stm32.13.3.rel1.win32_1.0.0.202411081344/tools/bin/../lib/gcc/arm-none-eabi/13.3.1/thumb/v7e-m+fp/hard/crti.o
 .ARM.attributes
                0x00000022       0x34 C:/ST/STM32CubeIDE_1.19.0/STM32CubeIDE/plugins/com.st.stm32cube.ide.mcu.externaltools.gnu-tools-for-stm32.13.3.rel1.win32_1.0.0.202411081344/tools/bin/../lib/gcc/arm-none-eabi/13.3.1/thumb/v7e-m+fp/hard/crtbegin.o
 .ARM.attributes
                0x00000056       0x34 ./Core/Src/Lcd/Fonts/font24.o
 .ARM.attributes
                0x0000008a       0x34 ./Core/Src/Lcd/ili9488.o
 .ARM.attributes
                0x000000be       0x34 ./Core/Src/Lcd/lcdts_io_xpt2046_spi_hal.o
 .ARM.attributes
                0x000000f2       0x34 ./Core/Src/Lcd/stm32_ili9488_lcd.o
 .ARM.attributes
                0x00000126       0x34 ./Core/Src/Lcd/stm32_ili9488_ts.o
 .ARM.attributes
                0x0000015a       0x34 ./Core/Src/main.o
 .ARM.attributes
                0x0000018e       0x34 ./Core/Src/paper.o
 .ARM.attributes
                0x000001c2       0x34 ./Core/Src/rock.o
 .ARM.attributes
                0x000001f6       0x34 ./Core/Src/scissor.o
 .ARM.attributes
                0x0000022a       0x34 ./Core/Src/stm32l4xx_hal_msp.o
 .ARM.attributes
                0x0000025e       0x34 ./Core/Src/stm32l4xx_it.o
 .ARM.attributes
                0x00000292       0x34 ./Core/Src/syscalls.o
 .ARM.attributes
                0x000002c6       0x34 ./Core/Src/sysmem.o
 .ARM.attributes
                0x000002fa       0x34 ./Core/Src/system_stm32l4xx.o
 .ARM.attributes
                0x0000032e       0x21 ./Core/Startup/startup_stm32l4r5zitx.o
 .ARM.attributes
                0x0000034f       0x34 ./Drivers/STM32L4xx_HAL_Driver/Src/stm32l4xx_hal.o
 .ARM.attributes
                0x00000383       0x34 ./Drivers/STM32L4xx_HAL_Driver/Src/stm32l4xx_hal_cortex.o
 .ARM.attributes
                0x000003b7       0x34 ./Drivers/STM32L4xx_HAL_Driver/Src/stm32l4xx_hal_dma.o
 .ARM.attributes
                0x000003eb       0x34 ./Drivers/STM32L4xx_HAL_Driver/Src/stm32l4xx_hal_gpio.o
 .ARM.attributes
                0x0000041f       0x34 ./Drivers/STM32L4xx_HAL_Driver/Src/stm32l4xx_hal_pwr_ex.o
 .ARM.attributes
                0x00000453       0x34 ./Drivers/STM32L4xx_HAL_Driver/Src/stm32l4xx_hal_rcc.o
 .ARM.attributes
                0x00000487       0x34 ./Drivers/STM32L4xx_HAL_Driver/Src/stm32l4xx_hal_spi.o
 .ARM.attributes
                0x000004bb       0x34 C:/ST/STM32CubeIDE_1.19.0/STM32CubeIDE/plugins/com.st.stm32cube.ide.mcu.externaltools.gnu-tools-for-stm32.13.3.rel1.win32_1.0.0.202411081344/tools/bin/../lib/gcc/arm-none-eabi/13.3.1/../../../../arm-none-eabi/lib/thumb/v7e-m+fp/hard\libc_nano.a(libc_a-rand.o)
 .ARM.attributes
                0x000004ef       0x34 C:/ST/STM32CubeIDE_1.19.0/STM32CubeIDE/plugins/com.st.stm32cube.ide.mcu.externaltools.gnu-tools-for-stm32.13.3.rel1.win32_1.0.0.202411081344/tools/bin/../lib/gcc/arm-none-eabi/13.3.1/../../../../arm-none-eabi/lib/thumb/v7e-m+fp/hard\libc_nano.a(libc_a-findfp.o)
 .ARM.attributes
                0x00000523       0x34 C:/ST/STM32CubeIDE_1.19.0/STM32CubeIDE/plugins/com.st.stm32cube.ide.mcu.externaltools.gnu-tools-for-stm32.13.3.rel1.win32_1.0.0.202411081344/tools/bin/../lib/gcc/arm-none-eabi/13.3.1/../../../../arm-none-eabi/lib/thumb/v7e-m+fp/hard\libc_nano.a(libc_a-fwalk.o)
 .ARM.attributes
                0x00000557       0x34 C:/ST/STM32CubeIDE_1.19.0/STM32CubeIDE/plugins/com.st.stm32cube.ide.mcu.externaltools.gnu-tools-for-stm32.13.3.rel1.win32_1.0.0.202411081344/tools/bin/../lib/gcc/arm-none-eabi/13.3.1/../../../../arm-none-eabi/lib/thumb/v7e-m+fp/hard\libc_nano.a(libc_a-stdio.o)
 .ARM.attributes
                0x0000058b       0x34 C:/ST/STM32CubeIDE_1.19.0/STM32CubeIDE/plugins/com.st.stm32cube.ide.mcu.externaltools.gnu-tools-for-stm32.13.3.rel1.win32_1.0.0.202411081344/tools/bin/../lib/gcc/arm-none-eabi/13.3.1/../../../../arm-none-eabi/lib/thumb/v7e-m+fp/hard\libc_nano.a(libc_a-memset.o)
 .ARM.attributes
                0x000005bf       0x34 C:/ST/STM32CubeIDE_1.19.0/STM32CubeIDE/plugins/com.st.stm32cube.ide.mcu.externaltools.gnu-tools-for-stm32.13.3.rel1.win32_1.0.0.202411081344/tools/bin/../lib/gcc/arm-none-eabi/13.3.1/../../../../arm-none-eabi/lib/thumb/v7e-m+fp/hard\libc_nano.a(libc_a-closer.o)
 .ARM.attributes
                0x000005f3       0x34 C:/ST/STM32CubeIDE_1.19.0/STM32CubeIDE/plugins/com.st.stm32cube.ide.mcu.externaltools.gnu-tools-for-stm32.13.3.rel1.win32_1.0.0.202411081344/tools/bin/../lib/gcc/arm-none-eabi/13.3.1/../../../../arm-none-eabi/lib/thumb/v7e-m+fp/hard\libc_nano.a(libc_a-reent.o)
 .ARM.attributes
                0x00000627       0x34 C:/ST/STM32CubeIDE_1.19.0/STM32CubeIDE/plugins/com.st.stm32cube.ide.mcu.externaltools.gnu-tools-for-stm32.13.3.rel1.win32_1.0.0.202411081344/tools/bin/../lib/gcc/arm-none-eabi/13.3.1/../../../../arm-none-eabi/lib/thumb/v7e-m+fp/hard\libc_nano.a(libc_a-impure.o)
 .ARM.attributes
                0x0000065b       0x34 C:/ST/STM32CubeIDE_1.19.0/STM32CubeIDE/plugins/com.st.stm32cube.ide.mcu.externaltools.gnu-tools-for-stm32.13.3.rel1.win32_1.0.0.202411081344/tools/bin/../lib/gcc/arm-none-eabi/13.3.1/../../../../arm-none-eabi/lib/thumb/v7e-m+fp/hard\libc_nano.a(libc_a-lseekr.o)
 .ARM.attributes
                0x0000068f       0x34 C:/ST/STM32CubeIDE_1.19.0/STM32CubeIDE/plugins/com.st.stm32cube.ide.mcu.externaltools.gnu-tools-for-stm32.13.3.rel1.win32_1.0.0.202411081344/tools/bin/../lib/gcc/arm-none-eabi/13.3.1/../../../../arm-none-eabi/lib/thumb/v7e-m+fp/hard\libc_nano.a(libc_a-readr.o)
 .ARM.attributes
                0x000006c3       0x34 C:/ST/STM32CubeIDE_1.19.0/STM32CubeIDE/plugins/com.st.stm32cube.ide.mcu.externaltools.gnu-tools-for-stm32.13.3.rel1.win32_1.0.0.202411081344/tools/bin/../lib/gcc/arm-none-eabi/13.3.1/../../../../arm-none-eabi/lib/thumb/v7e-m+fp/hard\libc_nano.a(libc_a-writer.o)
 .ARM.attributes
                0x000006f7       0x34 C:/ST/STM32CubeIDE_1.19.0/STM32CubeIDE/plugins/com.st.stm32cube.ide.mcu.externaltools.gnu-tools-for-stm32.13.3.rel1.win32_1.0.0.202411081344/tools/bin/../lib/gcc/arm-none-eabi/13.3.1/../../../../arm-none-eabi/lib/thumb/v7e-m+fp/hard\libc_nano.a(libc_a-errno.o)
 .ARM.attributes
                0x0000072b       0x34 C:/ST/STM32CubeIDE_1.19.0/STM32CubeIDE/plugins/com.st.stm32cube.ide.mcu.externaltools.gnu-tools-for-stm32.13.3.rel1.win32_1.0.0.202411081344/tools/bin/../lib/gcc/arm-none-eabi/13.3.1/../../../../arm-none-eabi/lib/thumb/v7e-m+fp/hard\libc_nano.a(libc_a-init.o)
 .ARM.attributes
                0x0000075f       0x34 C:/ST/STM32CubeIDE_1.19.0/STM32CubeIDE/plugins/com.st.stm32cube.ide.mcu.externaltools.gnu-tools-for-stm32.13.3.rel1.win32_1.0.0.202411081344/tools/bin/../lib/gcc/arm-none-eabi/13.3.1/../../../../arm-none-eabi/lib/thumb/v7e-m+fp/hard\libc_nano.a(libc_a-lock.o)
 .ARM.attributes
                0x00000793       0x34 C:/ST/STM32CubeIDE_1.19.0/STM32CubeIDE/plugins/com.st.stm32cube.ide.mcu.externaltools.gnu-tools-for-stm32.13.3.rel1.win32_1.0.0.202411081344/tools/bin/../lib/gcc/arm-none-eabi/13.3.1/../../../../arm-none-eabi/lib/thumb/v7e-m+fp/hard\libc_nano.a(libc_a-assert.o)
 .ARM.attributes
                0x000007c7       0x34 C:/ST/STM32CubeIDE_1.19.0/STM32CubeIDE/plugins/com.st.stm32cube.ide.mcu.externaltools.gnu-tools-for-stm32.13.3.rel1.win32_1.0.0.202411081344/tools/bin/../lib/gcc/arm-none-eabi/13.3.1/../../../../arm-none-eabi/lib/thumb/v7e-m+fp/hard\libc_nano.a(libc_a-freer.o)
 .ARM.attributes
                0x000007fb       0x34 C:/ST/STM32CubeIDE_1.19.0/STM32CubeIDE/plugins/com.st.stm32cube.ide.mcu.externaltools.gnu-tools-for-stm32.13.3.rel1.win32_1.0.0.202411081344/tools/bin/../lib/gcc/arm-none-eabi/13.3.1/../../../../arm-none-eabi/lib/thumb/v7e-m+fp/hard\libc_nano.a(libc_a-malloc.o)
 .ARM.attributes
                0x0000082f       0x34 C:/ST/STM32CubeIDE_1.19.0/STM32CubeIDE/plugins/com.st.stm32cube.ide.mcu.externaltools.gnu-tools-for-stm32.13.3.rel1.win32_1.0.0.202411081344/tools/bin/../lib/gcc/arm-none-eabi/13.3.1/../../../../arm-none-eabi/lib/thumb/v7e-m+fp/hard\libc_nano.a(libc_a-mallocr.o)
 .ARM.attributes
                0x00000863       0x34 C:/ST/STM32CubeIDE_1.19.0/STM32CubeIDE/plugins/com.st.stm32cube.ide.mcu.externaltools.gnu-tools-for-stm32.13.3.rel1.win32_1.0.0.202411081344/tools/bin/../lib/gcc/arm-none-eabi/13.3.1/../../../../arm-none-eabi/lib/thumb/v7e-m+fp/hard\libc_nano.a(libc_a-mlock.o)
 .ARM.attributes
                0x00000897       0x34 C:/ST/STM32CubeIDE_1.19.0/STM32CubeIDE/plugins/com.st.stm32cube.ide.mcu.externaltools.gnu-tools-for-stm32.13.3.rel1.win32_1.0.0.202411081344/tools/bin/../lib/gcc/arm-none-eabi/13.3.1/../../../../arm-none-eabi/lib/thumb/v7e-m+fp/hard\libc_nano.a(libc_a-fflush.o)
 .ARM.attributes
                0x000008cb       0x34 C:/ST/STM32CubeIDE_1.19.0/STM32CubeIDE/plugins/com.st.stm32cube.ide.mcu.externaltools.gnu-tools-for-stm32.13.3.rel1.win32_1.0.0.202411081344/tools/bin/../lib/gcc/arm-none-eabi/13.3.1/../../../../arm-none-eabi/lib/thumb/v7e-m+fp/hard\libc_nano.a(libc_a-fprintf.o)
 .ARM.attributes
                0x000008ff       0x34 C:/ST/STM32CubeIDE_1.19.0/STM32CubeIDE/plugins/com.st.stm32cube.ide.mcu.externaltools.gnu-tools-for-stm32.13.3.rel1.win32_1.0.0.202411081344/tools/bin/../lib/gcc/arm-none-eabi/13.3.1/../../../../arm-none-eabi/lib/thumb/v7e-m+fp/hard\libc_nano.a(libc_a-sbrkr.o)
 .ARM.attributes
                0x00000933       0x34 C:/ST/STM32CubeIDE_1.19.0/STM32CubeIDE/plugins/com.st.stm32cube.ide.mcu.externaltools.gnu-tools-for-stm32.13.3.rel1.win32_1.0.0.202411081344/tools/bin/../lib/gcc/arm-none-eabi/13.3.1/../../../../arm-none-eabi/lib/thumb/v7e-m+fp/hard\libc_nano.a(libc_a-abort.o)
 .ARM.attributes
                0x00000967       0x34 C:/ST/STM32CubeIDE_1.19.0/STM32CubeIDE/plugins/com.st.stm32cube.ide.mcu.externaltools.gnu-tools-for-stm32.13.3.rel1.win32_1.0.0.202411081344/tools/bin/../lib/gcc/arm-none-eabi/13.3.1/../../../../arm-none-eabi/lib/thumb/v7e-m+fp/hard\libc_nano.a(libc_a-nano-vfprintf.o)
 .ARM.attributes
                0x0000099b       0x34 C:/ST/STM32CubeIDE_1.19.0/STM32CubeIDE/plugins/com.st.stm32cube.ide.mcu.externaltools.gnu-tools-for-stm32.13.3.rel1.win32_1.0.0.202411081344/tools/bin/../lib/gcc/arm-none-eabi/13.3.1/../../../../arm-none-eabi/lib/thumb/v7e-m+fp/hard\libc_nano.a(libc_a-nano-vfprintf_i.o)
 .ARM.attributes
                0x000009cf       0x34 C:/ST/STM32CubeIDE_1.19.0/STM32CubeIDE/plugins/com.st.stm32cube.ide.mcu.externaltools.gnu-tools-for-stm32.13.3.rel1.win32_1.0.0.202411081344/tools/bin/../lib/gcc/arm-none-eabi/13.3.1/../../../../arm-none-eabi/lib/thumb/v7e-m+fp/hard\libc_nano.a(libc_a-wbuf.o)
 .ARM.attributes
                0x00000a03       0x34 C:/ST/STM32CubeIDE_1.19.0/STM32CubeIDE/plugins/com.st.stm32cube.ide.mcu.externaltools.gnu-tools-for-stm32.13.3.rel1.win32_1.0.0.202411081344/tools/bin/../lib/gcc/arm-none-eabi/13.3.1/../../../../arm-none-eabi/lib/thumb/v7e-m+fp/hard\libc_nano.a(libc_a-wsetup.o)
 .ARM.attributes
                0x00000a37       0x34 C:/ST/STM32CubeIDE_1.19.0/STM32CubeIDE/plugins/com.st.stm32cube.ide.mcu.externaltools.gnu-tools-for-stm32.13.3.rel1.win32_1.0.0.202411081344/tools/bin/../lib/gcc/arm-none-eabi/13.3.1/../../../../arm-none-eabi/lib/thumb/v7e-m+fp/hard\libc_nano.a(libc_a-signal.o)
 .ARM.attributes
                0x00000a6b       0x34 C:/ST/STM32CubeIDE_1.19.0/STM32CubeIDE/plugins/com.st.stm32cube.ide.mcu.externaltools.gnu-tools-for-stm32.13.3.rel1.win32_1.0.0.202411081344/tools/bin/../lib/gcc/arm-none-eabi/13.3.1/../../../../arm-none-eabi/lib/thumb/v7e-m+fp/hard\libc_nano.a(libc_a-signalr.o)
 .ARM.attributes
                0x00000a9f       0x1c C:/ST/STM32CubeIDE_1.19.0/STM32CubeIDE/plugins/com.st.stm32cube.ide.mcu.externaltools.gnu-tools-for-stm32.13.3.rel1.win32_1.0.0.202411081344/tools/bin/../lib/gcc/arm-none-eabi/13.3.1/../../../../arm-none-eabi/lib/thumb/v7e-m+fp/hard\libc_nano.a(libc_a-memchr.o)
 .ARM.attributes
                0x00000abb       0x34 C:/ST/STM32CubeIDE_1.19.0/STM32CubeIDE/plugins/com.st.stm32cube.ide.mcu.externaltools.gnu-tools-for-stm32.13.3.rel1.win32_1.0.0.202411081344/tools/bin/../lib/gcc/arm-none-eabi/13.3.1/../../../../arm-none-eabi/lib/thumb/v7e-m+fp/hard\libc_nano.a(libc_a-makebuf.o)
 .ARM.attributes
                0x00000aef       0x34 C:/ST/STM32CubeIDE_1.19.0/STM32CubeIDE/plugins/com.st.stm32cube.ide.mcu.externaltools.gnu-tools-for-stm32.13.3.rel1.win32_1.0.0.202411081344/tools/bin/../lib/gcc/arm-none-eabi/13.3.1/../../../../arm-none-eabi/lib/thumb/v7e-m+fp/hard\libc_nano.a(libc_a-fstatr.o)
 .ARM.attributes
                0x00000b23       0x34 C:/ST/STM32CubeIDE_1.19.0/STM32CubeIDE/plugins/com.st.stm32cube.ide.mcu.externaltools.gnu-tools-for-stm32.13.3.rel1.win32_1.0.0.202411081344/tools/bin/../lib/gcc/arm-none-eabi/13.3.1/../../../../arm-none-eabi/lib/thumb/v7e-m+fp/hard\libc_nano.a(libc_a-isattyr.o)
 .ARM.attributes
                0x00000b57       0x22 C:/ST/STM32CubeIDE_1.19.0/STM32CubeIDE/plugins/com.st.stm32cube.ide.mcu.externaltools.gnu-tools-for-stm32.13.3.rel1.win32_1.0.0.202411081344/tools/bin/../lib/gcc/arm-none-eabi/13.3.1/thumb/v7e-m+fp/hard/crtn.o
OUTPUT(lcd_display1.elf elf32-littlearm)
LOAD linker stubs
LOAD C:/ST/STM32CubeIDE_1.19.0/STM32CubeIDE/plugins/com.st.stm32cube.ide.mcu.externaltools.gnu-tools-for-stm32.13.3.rel1.win32_1.0.0.202411081344/tools/bin/../lib/gcc/arm-none-eabi/13.3.1/../../../../arm-none-eabi/lib/thumb/v7e-m+fp/hard\libc.a
LOAD C:/ST/STM32CubeIDE_1.19.0/STM32CubeIDE/plugins/com.st.stm32cube.ide.mcu.externaltools.gnu-tools-for-stm32.13.3.rel1.win32_1.0.0.202411081344/tools/bin/../lib/gcc/arm-none-eabi/13.3.1/../../../../arm-none-eabi/lib/thumb/v7e-m+fp/hard\libm.a
LOAD C:/ST/STM32CubeIDE_1.19.0/STM32CubeIDE/plugins/com.st.stm32cube.ide.mcu.externaltools.gnu-tools-for-stm32.13.3.rel1.win32_1.0.0.202411081344/tools/bin/../lib/gcc/arm-none-eabi/13.3.1/thumb/v7e-m+fp/hard\libgcc.a

.debug_info     0x00000000     0xc636
 .debug_info    0x00000000      0x125 ./Core/Src/Lcd/Fonts/font24.o
 .debug_info    0x00000125      0x89a ./Core/Src/Lcd/ili9488.o
 .debug_info    0x000009bf     0x102c ./Core/Src/Lcd/lcdts_io_xpt2046_spi_hal.o
 .debug_info    0x000019eb     0x146e ./Core/Src/Lcd/stm32_ili9488_lcd.o
 .debug_info    0x00002e59      0x587 ./Core/Src/Lcd/stm32_ili9488_ts.o
 .debug_info    0x000033e0     0x164b ./Core/Src/main.o
 .debug_info    0x00004a2b       0xb6 ./Core/Src/paper.o
 .debug_info    0x00004ae1       0xb6 ./Core/Src/rock.o
 .debug_info    0x00004b97       0xb6 ./Core/Src/scissor.o
 .debug_info    0x00004c4d      0xdcd ./Core/Src/stm32l4xx_hal_msp.o
 .debug_info    0x00005a1a      0x7b5 ./Core/Src/stm32l4xx_it.o
 .debug_info    0x000061cf      0x6a3 ./Core/Src/syscalls.o
 .debug_info    0x00006872      0x168 ./Core/Src/sysmem.o
 .debug_info    0x000069da      0x5e9 ./Core/Src/system_stm32l4xx.o
 .debug_info    0x00006fc3       0x30 ./Core/Startup/startup_stm32l4r5zitx.o
 .debug_info    0x00006ff3      0xb49 ./Drivers/STM32L4xx_HAL_Driver/Src/stm32l4xx_hal.o
 .debug_info    0x00007b3c      0xd99 ./Drivers/STM32L4xx_HAL_Driver/Src/stm32l4xx_hal_cortex.o
 .debug_info    0x000088d5      0x841 ./Drivers/STM32L4xx_HAL_Driver/Src/stm32l4xx_hal_dma.o
 .debug_info    0x00009116      0x787 ./Drivers/STM32L4xx_HAL_Driver/Src/stm32l4xx_hal_gpio.o
 .debug_info    0x0000989d      0xa0a ./Drivers/STM32L4xx_HAL_Driver/Src/stm32l4xx_hal_pwr_ex.o
 .debug_info    0x0000a2a7      0xd32 ./Drivers/STM32L4xx_HAL_Driver/Src/stm32l4xx_hal_rcc.o
 .debug_info    0x0000afd9     0x165d ./Drivers/STM32L4xx_HAL_Driver/Src/stm32l4xx_hal_spi.o

.debug_abbrev   0x00000000     0x268c
 .debug_abbrev  0x00000000       0xb1 ./Core/Src/Lcd/Fonts/font24.o
 .debug_abbrev  0x000000b1      0x1c5 ./Core/Src/Lcd/ili9488.o
 .debug_abbrev  0x00000276      0x36a ./Core/Src/Lcd/lcdts_io_xpt2046_spi_hal.o
 .debug_abbrev  0x000005e0      0x2da ./Core/Src/Lcd/stm32_ili9488_lcd.o
 .debug_abbrev  0x000008ba      0x17e ./Core/Src/Lcd/stm32_ili9488_ts.o
 .debug_abbrev  0x00000a38      0x36f ./Core/Src/main.o
 .debug_abbrev  0x00000da7       0x72 ./Core/Src/paper.o
 .debug_abbrev  0x00000e19       0x72 ./Core/Src/rock.o
 .debug_abbrev  0x00000e8b       0x72 ./Core/Src/scissor.o
 .debug_abbrev  0x00000efd      0x1f2 ./Core/Src/stm32l4xx_hal_msp.o
 .debug_abbrev  0x000010ef      0x186 ./Core/Src/stm32l4xx_it.o
 .debug_abbrev  0x00001275      0x1b6 ./Core/Src/syscalls.o
 .debug_abbrev  0x0000142b       0xbc ./Core/Src/sysmem.o
 .debug_abbrev  0x000014e7      0x11a ./Core/Src/system_stm32l4xx.o
 .debug_abbrev  0x00001601       0x24 ./Core/Startup/startup_stm32l4r5zitx.o
 .debug_abbrev  0x00001625      0x242 ./Drivers/STM32L4xx_HAL_Driver/Src/stm32l4xx_hal.o
 .debug_abbrev  0x00001867      0x31c ./Drivers/STM32L4xx_HAL_Driver/Src/stm32l4xx_hal_cortex.o
 .debug_abbrev  0x00001b83      0x1e2 ./Drivers/STM32L4xx_HAL_Driver/Src/stm32l4xx_hal_dma.o
 .debug_abbrev  0x00001d65      0x1cb ./Drivers/STM32L4xx_HAL_Driver/Src/stm32l4xx_hal_gpio.o
 .debug_abbrev  0x00001f30      0x1f9 ./Drivers/STM32L4xx_HAL_Driver/Src/stm32l4xx_hal_pwr_ex.o
 .debug_abbrev  0x00002129      0x306 ./Drivers/STM32L4xx_HAL_Driver/Src/stm32l4xx_hal_rcc.o
 .debug_abbrev  0x0000242f      0x25d ./Drivers/STM32L4xx_HAL_Driver/Src/stm32l4xx_hal_spi.o

.debug_aranges  0x00000000      0xce8
 .debug_aranges
                0x00000000       0x18 ./Core/Src/Lcd/Fonts/font24.o
 .debug_aranges
                0x00000018       0xa8 ./Core/Src/Lcd/ili9488.o
 .debug_aranges
                0x000000c0       0xd0 ./Core/Src/Lcd/lcdts_io_xpt2046_spi_hal.o
 .debug_aranges
                0x00000190      0x168 ./Core/Src/Lcd/stm32_ili9488_lcd.o
 .debug_aranges
                0x000002f8       0x48 ./Core/Src/Lcd/stm32_ili9488_ts.o
 .debug_aranges
                0x00000340       0x78 ./Core/Src/main.o
 .debug_aranges
                0x000003b8       0x18 ./Core/Src/paper.o
 .debug_aranges
                0x000003d0       0x18 ./Core/Src/rock.o
 .debug_aranges
                0x000003e8       0x18 ./Core/Src/scissor.o
 .debug_aranges
                0x00000400       0x30 ./Core/Src/stm32l4xx_hal_msp.o
 .debug_aranges
                0x00000430       0x80 ./Core/Src/stm32l4xx_it.o
 .debug_aranges
                0x000004b0       0xa8 ./Core/Src/syscalls.o
 .debug_aranges
                0x00000558       0x20 ./Core/Src/sysmem.o
 .debug_aranges
                0x00000578       0x28 ./Core/Src/system_stm32l4xx.o
 .debug_aranges
                0x000005a0       0x28 ./Core/Startup/startup_stm32l4r5zitx.o
 .debug_aranges
                0x000005c8      0x130 ./Drivers/STM32L4xx_HAL_Driver/Src/stm32l4xx_hal.o
 .debug_aranges
                0x000006f8      0x128 ./Drivers/STM32L4xx_HAL_Driver/Src/stm32l4xx_hal_cortex.o
 .debug_aranges
                0x00000820       0x90 ./Drivers/STM32L4xx_HAL_Driver/Src/stm32l4xx_hal_dma.o
 .debug_aranges
                0x000008b0       0x58 ./Drivers/STM32L4xx_HAL_Driver/Src/stm32l4xx_hal_gpio.o
 .debug_aranges
                0x00000908      0x170 ./Drivers/STM32L4xx_HAL_Driver/Src/stm32l4xx_hal_pwr_ex.o
 .debug_aranges
                0x00000a78       0x98 ./Drivers/STM32L4xx_HAL_Driver/Src/stm32l4xx_hal_rcc.o
 .debug_aranges
                0x00000b10      0x1d8 ./Drivers/STM32L4xx_HAL_Driver/Src/stm32l4xx_hal_spi.o

.debug_macro    0x00000000    0x29e23
 .debug_macro   0x00000000       0x73 ./Core/Src/Lcd/Fonts/font24.o
 .debug_macro   0x00000073      0x3be ./Core/Src/Lcd/ili9488.o
 .debug_macro   0x00000431      0x1a1 ./Core/Src/Lcd/ili9488.o
 .debug_macro   0x000005d2       0x2e ./Core/Src/Lcd/ili9488.o
 .debug_macro   0x00000600       0x28 ./Core/Src/Lcd/ili9488.o
 .debug_macro   0x00000628       0x1c ./Core/Src/Lcd/ili9488.o
 .debug_macro   0x00000644       0x22 ./Core/Src/Lcd/ili9488.o
 .debug_macro   0x00000666       0xfb ./Core/Src/Lcd/ili9488.o
 .debug_macro   0x00000761     0x1011 ./Core/Src/Lcd/ili9488.o
 .debug_macro   0x00001772      0x11f ./Core/Src/Lcd/ili9488.o
 .debug_macro   0x00001891    0x1cb71 ./Core/Src/Lcd/ili9488.o
 .debug_macro   0x0001e402       0x6d ./Core/Src/Lcd/ili9488.o
 .debug_macro   0x0001e46f     0x3902 ./Core/Src/Lcd/ili9488.o
 .debug_macro   0x00021d71      0x190 ./Core/Src/Lcd/ili9488.o
 .debug_macro   0x00021f01       0x5c ./Core/Src/Lcd/ili9488.o
 .debug_macro   0x00021f5d     0x1884 ./Core/Src/Lcd/ili9488.o
 .debug_macro   0x000237e1      0x7dc ./Core/Src/Lcd/ili9488.o
 .debug_macro   0x00023fbd      0x1b9 ./Core/Src/Lcd/ili9488.o
 .debug_macro   0x00024176      0x225 ./Core/Src/Lcd/ili9488.o
 .debug_macro   0x0002439b      0x486 ./Core/Src/Lcd/ili9488.o
 .debug_macro   0x00024821      0x1ce ./Core/Src/Lcd/ili9488.o
 .debug_macro   0x000249ef       0x43 ./Core/Src/Lcd/ili9488.o
 .debug_macro   0x00024a32      0x23d ./Core/Src/Lcd/ili9488.o
 .debug_macro   0x00024c6f      0x241 ./Core/Src/Lcd/ili9488.o
 .debug_macro   0x00024eb0      0x416 ./Core/Src/Lcd/ili9488.o
 .debug_macro   0x000252c6       0x1c ./Core/Src/Lcd/ili9488.o
 .debug_macro   0x000252e2       0xf2 ./Core/Src/Lcd/ili9488.o
 .debug_macro   0x000253d4      0x122 ./Core/Src/Lcd/ili9488.o
 .debug_macro   0x000254f6      0x3f6 ./Core/Src/Lcd/ili9488.o
 .debug_macro   0x000258ec      0x2fe ./Core/Src/Lcd/ili9488.o
 .debug_macro   0x00025bea      0x432 ./Core/Src/Lcd/ili9488.o
 .debug_macro   0x0002601c      0x12a ./Core/Src/Lcd/ili9488.o
 .debug_macro   0x00026146       0x10 ./Core/Src/Lcd/ili9488.o
 .debug_macro   0x00026156       0xdc ./Core/Src/Lcd/ili9488.o
 .debug_macro   0x00026232       0x34 ./Core/Src/Lcd/ili9488.o
 .debug_macro   0x00026266      0x376 ./Core/Src/Lcd/lcdts_io_xpt2046_spi_hal.o
 .debug_macro   0x000265dc       0x5b ./Core/Src/Lcd/lcdts_io_xpt2046_spi_hal.o
 .debug_macro   0x00026637       0x2a ./Core/Src/Lcd/lcdts_io_xpt2046_spi_hal.o
 .debug_macro   0x00026661       0x94 ./Core/Src/Lcd/lcdts_io_xpt2046_spi_hal.o
 .debug_macro   0x000266f5       0x43 ./Core/Src/Lcd/lcdts_io_xpt2046_spi_hal.o
 .debug_macro   0x00026738       0x34 ./Core/Src/Lcd/lcdts_io_xpt2046_spi_hal.o
 .debug_macro   0x0002676c       0x16 ./Core/Src/Lcd/lcdts_io_xpt2046_spi_hal.o
 .debug_macro   0x00026782       0x57 ./Core/Src/Lcd/lcdts_io_xpt2046_spi_hal.o
 .debug_macro   0x000267d9       0x9e ./Core/Src/Lcd/lcdts_io_xpt2046_spi_hal.o
 .debug_macro   0x00026877      0x370 ./Core/Src/Lcd/lcdts_io_xpt2046_spi_hal.o
 .debug_macro   0x00026be7      0x112 ./Core/Src/Lcd/lcdts_io_xpt2046_spi_hal.o
 .debug_macro   0x00026cf9       0x10 ./Core/Src/Lcd/lcdts_io_xpt2046_spi_hal.o
 .debug_macro   0x00026d09       0x16 ./Core/Src/Lcd/lcdts_io_xpt2046_spi_hal.o
 .debug_macro   0x00026d1f       0x4a ./Core/Src/Lcd/lcdts_io_xpt2046_spi_hal.o
 .debug_macro   0x00026d69       0x34 ./Core/Src/Lcd/lcdts_io_xpt2046_spi_hal.o
 .debug_macro   0x00026d9d       0x10 ./Core/Src/Lcd/lcdts_io_xpt2046_spi_hal.o
 .debug_macro   0x00026dad       0x58 ./Core/Src/Lcd/lcdts_io_xpt2046_spi_hal.o
 .debug_macro   0x00026e05       0x8e ./Core/Src/Lcd/lcdts_io_xpt2046_spi_hal.o
 .debug_macro   0x00026e93       0x1c ./Core/Src/Lcd/lcdts_io_xpt2046_spi_hal.o
 .debug_macro   0x00026eaf      0x185 ./Core/Src/Lcd/lcdts_io_xpt2046_spi_hal.o
 .debug_macro   0x00027034       0x16 ./Core/Src/Lcd/lcdts_io_xpt2046_spi_hal.o
 .debug_macro   0x0002704a       0x16 ./Core/Src/Lcd/lcdts_io_xpt2046_spi_hal.o
 .debug_macro   0x00027060      0x146 ./Core/Src/Lcd/lcdts_io_xpt2046_spi_hal.o
 .debug_macro   0x000271a6       0x56 ./Core/Src/Lcd/lcdts_io_xpt2046_spi_hal.o
 .debug_macro   0x000271fc       0x78 ./Core/Src/Lcd/lcdts_io_xpt2046_spi_hal.o
 .debug_macro   0x00027274      0x169 ./Core/Src/Lcd/lcdts_io_xpt2046_spi_hal.o
 .debug_macro   0x000273dd      0x16f ./Core/Src/Lcd/stm32_ili9488_lcd.o
 .debug_macro   0x0002754c       0x10 ./Core/Src/Lcd/stm32_ili9488_lcd.o
 .debug_macro   0x0002755c       0x3c ./Core/Src/Lcd/stm32_ili9488_lcd.o
 .debug_macro   0x00027598       0x20 ./Core/Src/Lcd/stm32_ili9488_lcd.o
 .debug_macro   0x000275b8       0x10 ./Core/Src/Lcd/stm32_ili9488_lcd.o
 .debug_macro   0x000275c8       0x8b ./Core/Src/Lcd/stm32_ili9488_lcd.o
 .debug_macro   0x00027653      0x1e9 ./Core/Src/Lcd/stm32_ili9488_ts.o
 .debug_macro   0x0002783c       0x10 ./Core/Src/Lcd/stm32_ili9488_ts.o